OpenJDK 64-Bit Server VM (25.242-b08) for linux-amd64 JRE (1.8.0_242-b08), built on Jan 28 2020 14:28:22 by "mockbuild" with gcc 4.8.5 20150623 (Red Hat 4.8.5-39)
Memory: 4k page, physical 3845224k(488652k free), swap 4063228k(2446556k free)
CommandLine flags: -XX:CMSInitiatingOccupancyFraction=50 -XX:CMSMaxAbortablePrecleanTime=6000 -XX:+CMSParallelRemarkEnabled -XX:+CMSScavengeBeforeRemark -XX:ConcGCThreads=4 -XX:GCLogFileSize=20971520 -XX:InitialHeapSize=536870912 -XX:MaxHeapSize=536870912 -XX:MaxTenuringThreshold=8 -XX:NewRatio=3 -XX:NumberOfGCLogFiles=9 -XX:OldPLABSize=16 -XX:-OmitStackTraceInFastThrow -XX:OnOutOfMemoryError=/home/admininno/solr-7.7.3/bin/oom_solr.sh 8983 /home/admininno/solr-7.7.3/server/logs -XX:ParallelGCThreads=4 -XX:+ParallelRefProcEnabled -XX:PretenureSizeThreshold=67108864 -XX:+PrintGC -XX:+PrintGCApplicationStoppedTime -XX:+PrintGCDateStamps -XX:+PrintGCDetails -XX:+PrintGCTimeStamps -XX:+PrintHeapAtGC -XX:+PrintTenuringDistribution -XX:SurvivorRatio=4 -XX:TargetSurvivorRatio=90 -XX:ThreadStackSize=256 -XX:+UseCMSInitiatingOccupancyOnly -XX:+UseCompressedClassPointers -XX:+UseCompressedOops -XX:+UseConcMarkSweepGC -XX:+UseGCLogFileRotation -XX:+UseParNewGC 
2020-11-10T19:15:54.815+0700: 0.273: Total time for which application threads were stopped: 0.0001699 seconds, Stopping threads took: 0.0000342 seconds
2020-11-10T19:15:54.835+0700: 0.293: Total time for which application threads were stopped: 0.0001523 seconds, Stopping threads took: 0.0000293 seconds
2020-11-10T19:15:54.985+0700: 0.444: Total time for which application threads were stopped: 0.0002073 seconds, Stopping threads took: 0.0000348 seconds
2020-11-10T19:15:55.183+0700: 0.641: Total time for which application threads were stopped: 0.0002807 seconds, Stopping threads took: 0.0000538 seconds
2020-11-10T19:15:55.467+0700: 0.925: Total time for which application threads were stopped: 0.0002437 seconds, Stopping threads took: 0.0000347 seconds
2020-11-10T19:15:55.827+0700: 1.285: Total time for which application threads were stopped: 0.0003339 seconds, Stopping threads took: 0.0000301 seconds
2020-11-10T19:15:56.068+0700: 1.526: Total time for which application threads were stopped: 0.0003211 seconds, Stopping threads took: 0.0000365 seconds
2020-11-10T19:15:56.077+0700: 1.535: Total time for which application threads were stopped: 0.0002804 seconds, Stopping threads took: 0.0000332 seconds
2020-11-10T19:15:56.153+0700: 1.611: Total time for which application threads were stopped: 0.0003710 seconds, Stopping threads took: 0.0000451 seconds
2020-11-10T19:15:56.179+0700: 1.637: Total time for which application threads were stopped: 0.0003831 seconds, Stopping threads took: 0.0000349 seconds
2020-11-10T19:15:56.545+0700: 2.003: Total time for which application threads were stopped: 0.0003711 seconds, Stopping threads took: 0.0000405 seconds
{Heap before GC invocations=0 (full 0):
 par new generation   total 109248K, used 87424K [0x00000000e0000000, 0x00000000e8000000, 0x00000000e8000000)
  eden space 87424K, 100% used [0x00000000e0000000, 0x00000000e5560000, 0x00000000e5560000)
  from space 21824K,   0% used [0x00000000e5560000, 0x00000000e5560000, 0x00000000e6ab0000)
  to   space 21824K,   0% used [0x00000000e6ab0000, 0x00000000e6ab0000, 0x00000000e8000000)
 concurrent mark-sweep generation total 393216K, used 0K [0x00000000e8000000, 0x0000000100000000, 0x0000000100000000)
 Metaspace       used 19368K, capacity 19774K, committed 20096K, reserved 1067008K
  class space    used 2182K, capacity 2324K, committed 2432K, reserved 1048576K
2020-11-10T19:15:56.698+0700: 2.156: [GC (Allocation Failure) 2020-11-10T19:15:56.698+0700: 2.156: [ParNew
Desired survivor size 20112992 bytes, new threshold 8 (max 8)
- age   1:   11698752 bytes,   11698752 total
: 87424K->11535K(109248K), 0.0255575 secs] 87424K->11535K(502464K), 0.0257197 secs] [Times: user=0.05 sys=0.01, real=0.02 secs] 
Heap after GC invocations=1 (full 0):
 par new generation   total 109248K, used 11535K [0x00000000e0000000, 0x00000000e8000000, 0x00000000e8000000)
  eden space 87424K,   0% used [0x00000000e0000000, 0x00000000e0000000, 0x00000000e5560000)
  from space 21824K,  52% used [0x00000000e6ab0000, 0x00000000e75f3ff8, 0x00000000e8000000)
  to   space 21824K,   0% used [0x00000000e5560000, 0x00000000e5560000, 0x00000000e6ab0000)
 concurrent mark-sweep generation total 393216K, used 0K [0x00000000e8000000, 0x0000000100000000, 0x0000000100000000)
 Metaspace       used 19368K, capacity 19774K, committed 20096K, reserved 1067008K
  class space    used 2182K, capacity 2324K, committed 2432K, reserved 1048576K
}
2020-11-10T19:15:56.724+0700: 2.182: Total time for which application threads were stopped: 0.0260140 seconds, Stopping threads took: 0.0000676 seconds
2020-11-10T19:15:56.842+0700: 2.300: Total time for which application threads were stopped: 0.0001485 seconds, Stopping threads took: 0.0000409 seconds
2020-11-10T19:15:56.849+0700: 2.307: Total time for which application threads were stopped: 0.0001118 seconds, Stopping threads took: 0.0000362 seconds
2020-11-10T19:15:56.906+0700: 2.364: Total time for which application threads were stopped: 0.0001638 seconds, Stopping threads took: 0.0000447 seconds
2020-11-10T19:15:56.936+0700: 2.394: Total time for which application threads were stopped: 0.0001390 seconds, Stopping threads took: 0.0000411 seconds
2020-11-10T19:15:57.062+0700: 2.521: Total time for which application threads were stopped: 0.0001860 seconds, Stopping threads took: 0.0000616 seconds
2020-11-10T19:15:57.404+0700: 2.862: Total time for which application threads were stopped: 0.0004970 seconds, Stopping threads took: 0.0000582 seconds
2020-11-10T19:15:57.414+0700: 2.872: Total time for which application threads were stopped: 0.0004272 seconds, Stopping threads took: 0.0000487 seconds
2020-11-10T19:15:57.415+0700: 2.873: Total time for which application threads were stopped: 0.0003866 seconds, Stopping threads took: 0.0000391 seconds
2020-11-10T19:15:57.423+0700: 2.881: Total time for which application threads were stopped: 0.0001357 seconds, Stopping threads took: 0.0000410 seconds
2020-11-10T19:15:57.471+0700: 2.929: Total time for which application threads were stopped: 0.0001318 seconds, Stopping threads took: 0.0000471 seconds
2020-11-10T19:15:57.522+0700: 2.980: Total time for which application threads were stopped: 0.0001244 seconds, Stopping threads took: 0.0000429 seconds
2020-11-10T19:15:57.532+0700: 2.990: Total time for which application threads were stopped: 0.0004295 seconds, Stopping threads took: 0.0000637 seconds
2020-11-10T19:15:57.556+0700: 3.014: Total time for which application threads were stopped: 0.0001420 seconds, Stopping threads took: 0.0000480 seconds
2020-11-10T19:15:57.567+0700: 3.025: Total time for which application threads were stopped: 0.0001384 seconds, Stopping threads took: 0.0000474 seconds
2020-11-10T19:15:57.568+0700: 3.026: Total time for which application threads were stopped: 0.0004376 seconds, Stopping threads took: 0.0000395 seconds
2020-11-10T19:15:57.578+0700: 3.037: Total time for which application threads were stopped: 0.0004726 seconds, Stopping threads took: 0.0000545 seconds
2020-11-10T19:15:57.647+0700: 3.105: Total time for which application threads were stopped: 0.0001639 seconds, Stopping threads took: 0.0000587 seconds
2020-11-10T19:15:57.648+0700: 3.106: Total time for which application threads were stopped: 0.0005824 seconds, Stopping threads took: 0.0004919 seconds
2020-11-10T19:15:57.762+0700: 3.221: Total time for which application threads were stopped: 0.0002260 seconds, Stopping threads took: 0.0000647 seconds
2020-11-10T19:15:57.817+0700: 3.275: Total time for which application threads were stopped: 0.0001597 seconds, Stopping threads took: 0.0000580 seconds
2020-11-10T19:15:57.906+0700: 3.364: Total time for which application threads were stopped: 0.0001574 seconds, Stopping threads took: 0.0000448 seconds
2020-11-10T19:15:57.952+0700: 3.410: Total time for which application threads were stopped: 0.0001430 seconds, Stopping threads took: 0.0000473 seconds
2020-11-10T19:15:57.999+0700: 3.458: Total time for which application threads were stopped: 0.0005308 seconds, Stopping threads took: 0.0000797 seconds
2020-11-10T19:15:58.077+0700: 3.535: Total time for which application threads were stopped: 0.0001636 seconds, Stopping threads took: 0.0000490 seconds
2020-11-10T19:15:58.155+0700: 3.613: Total time for which application threads were stopped: 0.0002047 seconds, Stopping threads took: 0.0000627 seconds
2020-11-10T19:15:58.212+0700: 3.670: Total time for which application threads were stopped: 0.0001778 seconds, Stopping threads took: 0.0000605 seconds
{Heap before GC invocations=1 (full 0):
 par new generation   total 109248K, used 98959K [0x00000000e0000000, 0x00000000e8000000, 0x00000000e8000000)
  eden space 87424K, 100% used [0x00000000e0000000, 0x00000000e5560000, 0x00000000e5560000)
  from space 21824K,  52% used [0x00000000e6ab0000, 0x00000000e75f3ff8, 0x00000000e8000000)
  to   space 21824K,   0% used [0x00000000e5560000, 0x00000000e5560000, 0x00000000e6ab0000)
 concurrent mark-sweep generation total 393216K, used 0K [0x00000000e8000000, 0x0000000100000000, 0x0000000100000000)
 Metaspace       used 26385K, capacity 26905K, committed 27196K, reserved 1073152K
  class space    used 2990K, capacity 3211K, committed 3248K, reserved 1048576K
2020-11-10T19:15:58.232+0700: 3.690: [GC (Allocation Failure) 2020-11-10T19:15:58.232+0700: 3.690: [ParNew
Desired survivor size 20112992 bytes, new threshold 8 (max 8)
- age   1:    6587760 bytes,    6587760 total
- age   2:    5068096 bytes,   11655856 total
: 98959K->15462K(109248K), 0.0279413 secs] 98959K->15462K(502464K), 0.0281002 secs] [Times: user=0.04 sys=0.01, real=0.03 secs] 
Heap after GC invocations=2 (full 0):
 par new generation   total 109248K, used 15462K [0x00000000e0000000, 0x00000000e8000000, 0x00000000e8000000)
  eden space 87424K,   0% used [0x00000000e0000000, 0x00000000e0000000, 0x00000000e5560000)
  from space 21824K,  70% used [0x00000000e5560000, 0x00000000e6479b60, 0x00000000e6ab0000)
  to   space 21824K,   0% used [0x00000000e6ab0000, 0x00000000e6ab0000, 0x00000000e8000000)
 concurrent mark-sweep generation total 393216K, used 0K [0x00000000e8000000, 0x0000000100000000, 0x0000000100000000)
 Metaspace       used 26385K, capacity 26905K, committed 27196K, reserved 1073152K
  class space    used 2990K, capacity 3211K, committed 3248K, reserved 1048576K
}
2020-11-10T19:15:58.260+0700: 3.718: Total time for which application threads were stopped: 0.0283859 seconds, Stopping threads took: 0.0000754 seconds
2020-11-10T19:15:58.266+0700: 3.725: [GC (CMS Initial Mark) [1 CMS-initial-mark: 0K(393216K)] 17181K(502464K), 0.0061756 secs] [Times: user=0.02 sys=0.00, real=0.01 secs] 
2020-11-10T19:15:58.273+0700: 3.731: Total time for which application threads were stopped: 0.0077727 seconds, Stopping threads took: 0.0014308 seconds
2020-11-10T19:15:58.273+0700: 3.731: [CMS-concurrent-mark-start]
2020-11-10T19:15:58.273+0700: 3.732: [CMS-concurrent-mark: 0.000/0.000 secs] [Times: user=0.00 sys=0.00, real=0.00 secs] 
2020-11-10T19:15:58.273+0700: 3.732: [CMS-concurrent-preclean-start]
2020-11-10T19:15:58.275+0700: 3.733: [CMS-concurrent-preclean: 0.001/0.001 secs] [Times: user=0.00 sys=0.00, real=0.00 secs] 
2020-11-10T19:15:58.277+0700: 3.735: [GC (CMS Final Remark) [YG occupancy: 17181 K (109248 K)]{Heap before GC invocations=2 (full 1):
 par new generation   total 109248K, used 17181K [0x00000000e0000000, 0x00000000e8000000, 0x00000000e8000000)
  eden space 87424K,   1% used [0x00000000e0000000, 0x00000000e01adc50, 0x00000000e5560000)
  from space 21824K,  70% used [0x00000000e5560000, 0x00000000e6479b60, 0x00000000e6ab0000)
  to   space 21824K,   0% used [0x00000000e6ab0000, 0x00000000e6ab0000, 0x00000000e8000000)
 concurrent mark-sweep generation total 393216K, used 0K [0x00000000e8000000, 0x0000000100000000, 0x0000000100000000)
 Metaspace       used 26402K, capacity 26917K, committed 27196K, reserved 1073152K
  class space    used 2993K, capacity 3213K, committed 3248K, reserved 1048576K
2020-11-10T19:15:58.277+0700: 3.735: [GC (CMS Final Remark) 2020-11-10T19:15:58.277+0700: 3.736: [ParNew
Desired survivor size 20112992 bytes, new threshold 8 (max 8)
- age   1:      54744 bytes,      54744 total
- age   2:    6586312 bytes,    6641056 total
- age   3:    5068096 bytes,   11709152 total
: 17181K->14965K(109248K), 0.0285960 secs] 17181K->14965K(502464K), 0.0286897 secs] [Times: user=0.06 sys=0.00, real=0.03 secs] 
Heap after GC invocations=3 (full 1):
 par new generation   total 109248K, used 14965K [0x00000000e0000000, 0x00000000e8000000, 0x00000000e8000000)
  eden space 87424K,   0% used [0x00000000e0000000, 0x00000000e0000000, 0x00000000e5560000)
  from space 21824K,  68% used [0x00000000e6ab0000, 0x00000000e794d630, 0x00000000e8000000)
  to   space 21824K,   0% used [0x00000000e5560000, 0x00000000e5560000, 0x00000000e6ab0000)
 concurrent mark-sweep generation total 393216K, used 0K [0x00000000e8000000, 0x0000000100000000, 0x0000000100000000)
 Metaspace       used 26402K, capacity 26917K, committed 27196K, reserved 1073152K
  class space    used 2993K, capacity 3213K, committed 3248K, reserved 1048576K
}
2020-11-10T19:15:58.306+0700: 3.764: [Rescan (parallel) , 0.0099368 secs]2020-11-10T19:15:58.316+0700: 3.774: [weak refs processing, 0.0024023 secs]2020-11-10T19:15:58.318+0700: 3.777: [class unloading, 0.0056671 secs]2020-11-10T19:15:58.324+0700: 3.782: [scrub symbol table, 0.0095804 secs]2020-11-10T19:15:58.334+0700: 3.792: [scrub string table, 0.0004271 secs][1 CMS-remark: 0K(393216K)] 14965K(502464K), 0.0578046 secs] [Times: user=0.10 sys=0.00, real=0.06 secs] 
2020-11-10T19:15:58.335+0700: 3.793: Total time for which application threads were stopped: 0.0580444 seconds, Stopping threads took: 0.0000793 seconds
2020-11-10T19:15:58.339+0700: 3.797: [CMS-concurrent-sweep-start]
2020-11-10T19:15:58.339+0700: 3.797: [CMS-concurrent-sweep: 0.000/0.000 secs] [Times: user=0.00 sys=0.00, real=0.00 secs] 
2020-11-10T19:15:58.339+0700: 3.797: [CMS-concurrent-reset-start]
2020-11-10T19:15:58.355+0700: 3.813: [CMS-concurrent-reset: 0.016/0.016 secs] [Times: user=0.03 sys=0.01, real=0.01 secs] 
2020-11-10T19:15:58.573+0700: 4.031: Total time for which application threads were stopped: 0.0005892 seconds, Stopping threads took: 0.0000622 seconds
2020-11-10T19:15:58.647+0700: 4.105: Total time for which application threads were stopped: 0.0054802 seconds, Stopping threads took: 0.0048199 seconds
2020-11-10T19:15:58.684+0700: 4.142: Total time for which application threads were stopped: 0.0005619 seconds, Stopping threads took: 0.0004104 seconds
2020-11-10T19:15:58.730+0700: 4.188: Total time for which application threads were stopped: 0.0004824 seconds, Stopping threads took: 0.0003073 seconds
2020-11-10T19:15:58.734+0700: 4.192: Total time for which application threads were stopped: 0.0025878 seconds, Stopping threads took: 0.0024157 seconds
2020-11-10T19:15:58.736+0700: 4.194: Total time for which application threads were stopped: 0.0001894 seconds, Stopping threads took: 0.0000719 seconds
2020-11-10T19:15:58.737+0700: 4.195: Total time for which application threads were stopped: 0.0002315 seconds, Stopping threads took: 0.0000433 seconds
2020-11-10T19:15:58.737+0700: 4.195: Total time for which application threads were stopped: 0.0001418 seconds, Stopping threads took: 0.0000273 seconds
2020-11-10T19:15:58.737+0700: 4.196: Total time for which application threads were stopped: 0.0000898 seconds, Stopping threads took: 0.0000165 seconds
2020-11-10T19:15:58.738+0700: 4.197: Total time for which application threads were stopped: 0.0007041 seconds, Stopping threads took: 0.0005459 seconds
2020-11-10T19:15:58.740+0700: 4.198: Total time for which application threads were stopped: 0.0007508 seconds, Stopping threads took: 0.0006503 seconds
2020-11-10T19:15:58.740+0700: 4.198: Total time for which application threads were stopped: 0.0000800 seconds, Stopping threads took: 0.0000206 seconds
2020-11-10T19:15:58.740+0700: 4.198: Total time for which application threads were stopped: 0.0001057 seconds, Stopping threads took: 0.0000498 seconds
2020-11-10T19:15:58.740+0700: 4.198: Total time for which application threads were stopped: 0.0001126 seconds, Stopping threads took: 0.0000244 seconds
2020-11-10T19:15:58.741+0700: 4.199: Total time for which application threads were stopped: 0.0005278 seconds, Stopping threads took: 0.0003500 seconds
2020-11-10T19:15:58.741+0700: 4.199: Total time for which application threads were stopped: 0.0000818 seconds, Stopping threads took: 0.0000202 seconds
2020-11-10T19:15:58.741+0700: 4.199: Total time for which application threads were stopped: 0.0000685 seconds, Stopping threads took: 0.0000128 seconds
2020-11-10T19:15:58.741+0700: 4.200: Total time for which application threads were stopped: 0.0001500 seconds, Stopping threads took: 0.0000269 seconds
2020-11-10T19:15:58.742+0700: 4.200: Total time for which application threads were stopped: 0.0001407 seconds, Stopping threads took: 0.0000286 seconds
2020-11-10T19:15:58.742+0700: 4.200: Total time for which application threads were stopped: 0.0000776 seconds, Stopping threads took: 0.0000153 seconds
2020-11-10T19:15:58.742+0700: 4.200: Total time for which application threads were stopped: 0.0000713 seconds, Stopping threads took: 0.0000125 seconds
2020-11-10T19:15:58.801+0700: 4.259: Total time for which application threads were stopped: 0.0003331 seconds, Stopping threads took: 0.0001625 seconds
2020-11-10T19:15:58.801+0700: 4.259: Total time for which application threads were stopped: 0.0001025 seconds, Stopping threads took: 0.0000352 seconds
2020-11-10T19:15:58.801+0700: 4.259: Total time for which application threads were stopped: 0.0000952 seconds, Stopping threads took: 0.0000305 seconds
2020-11-10T19:15:58.802+0700: 4.260: Total time for which application threads were stopped: 0.0001276 seconds, Stopping threads took: 0.0000320 seconds
2020-11-10T19:15:58.802+0700: 4.260: Total time for which application threads were stopped: 0.0001449 seconds, Stopping threads took: 0.0000802 seconds
2020-11-10T19:15:58.802+0700: 4.260: Total time for which application threads were stopped: 0.0000871 seconds, Stopping threads took: 0.0000333 seconds
2020-11-10T19:15:58.803+0700: 4.261: Total time for which application threads were stopped: 0.0001751 seconds, Stopping threads took: 0.0000957 seconds
2020-11-10T19:15:58.805+0700: 4.263: Total time for which application threads were stopped: 0.0001867 seconds, Stopping threads took: 0.0000664 seconds
2020-11-10T19:15:58.807+0700: 4.266: Total time for which application threads were stopped: 0.0003245 seconds, Stopping threads took: 0.0001871 seconds
2020-11-10T19:15:58.809+0700: 4.267: Total time for which application threads were stopped: 0.0002047 seconds, Stopping threads took: 0.0000825 seconds
2020-11-10T19:15:58.809+0700: 4.267: Total time for which application threads were stopped: 0.0000864 seconds, Stopping threads took: 0.0000310 seconds
2020-11-10T19:15:58.809+0700: 4.267: Total time for which application threads were stopped: 0.0002346 seconds, Stopping threads took: 0.0000241 seconds
2020-11-10T19:15:58.848+0700: 4.306: Total time for which application threads were stopped: 0.0004061 seconds, Stopping threads took: 0.0002787 seconds
2020-11-10T19:15:58.850+0700: 4.308: Total time for which application threads were stopped: 0.0002131 seconds, Stopping threads took: 0.0000869 seconds
2020-11-10T19:15:58.856+0700: 4.314: Total time for which application threads were stopped: 0.0001719 seconds, Stopping threads took: 0.0000725 seconds
2020-11-10T19:15:58.857+0700: 4.315: Total time for which application threads were stopped: 0.0001042 seconds, Stopping threads took: 0.0000445 seconds
2020-11-10T19:15:58.865+0700: 4.323: Total time for which application threads were stopped: 0.0010998 seconds, Stopping threads took: 0.0009412 seconds
2020-11-10T19:15:58.865+0700: 4.323: Total time for which application threads were stopped: 0.0001043 seconds, Stopping threads took: 0.0000385 seconds
2020-11-10T19:15:58.872+0700: 4.330: Total time for which application threads were stopped: 0.0029832 seconds, Stopping threads took: 0.0028161 seconds
2020-11-10T19:15:58.873+0700: 4.331: Total time for which application threads were stopped: 0.0002074 seconds, Stopping threads took: 0.0000791 seconds
2020-11-10T19:15:58.874+0700: 4.332: Total time for which application threads were stopped: 0.0001509 seconds, Stopping threads took: 0.0000349 seconds
2020-11-10T19:15:58.875+0700: 4.333: Total time for which application threads were stopped: 0.0006995 seconds, Stopping threads took: 0.0005704 seconds
2020-11-10T19:15:58.877+0700: 4.336: Total time for which application threads were stopped: 0.0002054 seconds, Stopping threads took: 0.0000749 seconds
2020-11-10T19:15:58.880+0700: 4.338: Total time for which application threads were stopped: 0.0001923 seconds, Stopping threads took: 0.0000836 seconds
2020-11-10T19:15:58.882+0700: 4.341: Total time for which application threads were stopped: 0.0001677 seconds, Stopping threads took: 0.0000887 seconds
2020-11-10T19:15:58.887+0700: 4.345: Total time for which application threads were stopped: 0.0003727 seconds, Stopping threads took: 0.0002128 seconds
2020-11-10T19:15:58.887+0700: 4.345: Total time for which application threads were stopped: 0.0001395 seconds, Stopping threads took: 0.0000526 seconds
2020-11-10T19:15:58.888+0700: 4.346: Total time for which application threads were stopped: 0.0002092 seconds, Stopping threads took: 0.0001063 seconds
2020-11-10T19:15:58.888+0700: 4.346: Total time for which application threads were stopped: 0.0000952 seconds, Stopping threads took: 0.0000364 seconds
2020-11-10T19:15:58.888+0700: 4.346: Total time for which application threads were stopped: 0.0000854 seconds, Stopping threads took: 0.0000250 seconds
2020-11-10T19:15:58.888+0700: 4.346: Total time for which application threads were stopped: 0.0000696 seconds, Stopping threads took: 0.0000249 seconds
2020-11-10T19:15:58.888+0700: 4.346: Total time for which application threads were stopped: 0.0000660 seconds, Stopping threads took: 0.0000246 seconds
2020-11-10T19:15:58.888+0700: 4.346: Total time for which application threads were stopped: 0.0000703 seconds, Stopping threads took: 0.0000148 seconds
2020-11-10T19:15:58.888+0700: 4.347: Total time for which application threads were stopped: 0.0000875 seconds, Stopping threads took: 0.0000142 seconds
2020-11-10T19:15:58.889+0700: 4.347: Total time for which application threads were stopped: 0.0000790 seconds, Stopping threads took: 0.0000295 seconds
2020-11-10T19:15:58.889+0700: 4.347: Total time for which application threads were stopped: 0.0000676 seconds, Stopping threads took: 0.0000163 seconds
2020-11-10T19:15:58.889+0700: 4.347: Total time for which application threads were stopped: 0.0000711 seconds, Stopping threads took: 0.0000224 seconds
2020-11-10T19:15:58.889+0700: 4.347: Total time for which application threads were stopped: 0.0000715 seconds, Stopping threads took: 0.0000239 seconds
2020-11-10T19:15:58.889+0700: 4.347: Total time for which application threads were stopped: 0.0000944 seconds, Stopping threads took: 0.0000192 seconds
2020-11-10T19:15:58.890+0700: 4.348: Total time for which application threads were stopped: 0.0002570 seconds, Stopping threads took: 0.0001530 seconds
2020-11-10T19:15:58.890+0700: 4.348: Total time for which application threads were stopped: 0.0002506 seconds, Stopping threads took: 0.0000541 seconds
2020-11-10T19:15:58.915+0700: 4.373: Total time for which application threads were stopped: 0.0001861 seconds, Stopping threads took: 0.0000818 seconds
2020-11-10T19:15:58.916+0700: 4.374: Total time for which application threads were stopped: 0.0005191 seconds, Stopping threads took: 0.0000575 seconds
2020-11-10T19:15:58.968+0700: 4.426: Total time for which application threads were stopped: 0.0030543 seconds, Stopping threads took: 0.0028833 seconds
2020-11-10T19:15:58.968+0700: 4.426: Total time for which application threads were stopped: 0.0001384 seconds, Stopping threads took: 0.0000618 seconds
2020-11-10T19:15:58.970+0700: 4.428: Total time for which application threads were stopped: 0.0001899 seconds, Stopping threads took: 0.0000659 seconds
2020-11-10T19:15:58.970+0700: 4.429: Total time for which application threads were stopped: 0.0000636 seconds, Stopping threads took: 0.0000253 seconds
2020-11-10T19:15:58.970+0700: 4.429: Total time for which application threads were stopped: 0.0000873 seconds, Stopping threads took: 0.0000130 seconds
2020-11-10T19:15:58.971+0700: 4.429: Total time for which application threads were stopped: 0.0000474 seconds, Stopping threads took: 0.0000123 seconds
2020-11-10T19:15:58.971+0700: 4.429: Total time for which application threads were stopped: 0.0001921 seconds, Stopping threads took: 0.0000117 seconds
2020-11-10T19:15:58.976+0700: 4.434: Total time for which application threads were stopped: 0.0002363 seconds, Stopping threads took: 0.0000916 seconds
2020-11-10T19:15:58.976+0700: 4.434: Total time for which application threads were stopped: 0.0001317 seconds, Stopping threads took: 0.0000472 seconds
2020-11-10T19:15:58.981+0700: 4.440: Total time for which application threads were stopped: 0.0002693 seconds, Stopping threads took: 0.0000988 seconds
2020-11-10T19:15:58.990+0700: 4.449: Total time for which application threads were stopped: 0.0066208 seconds, Stopping threads took: 0.0064718 seconds
2020-11-10T19:15:59.003+0700: 4.461: Total time for which application threads were stopped: 0.0007618 seconds, Stopping threads took: 0.0006265 seconds
2020-11-10T19:15:59.003+0700: 4.461: Total time for which application threads were stopped: 0.0001097 seconds, Stopping threads took: 0.0000259 seconds
2020-11-10T19:15:59.003+0700: 4.461: Total time for which application threads were stopped: 0.0000754 seconds, Stopping threads took: 0.0000119 seconds
2020-11-10T19:15:59.003+0700: 4.461: Total time for which application threads were stopped: 0.0000701 seconds, Stopping threads took: 0.0000105 seconds
2020-11-10T19:15:59.003+0700: 4.461: Total time for which application threads were stopped: 0.0000690 seconds, Stopping threads took: 0.0000103 seconds
2020-11-10T19:15:59.003+0700: 4.461: Total time for which application threads were stopped: 0.0000701 seconds, Stopping threads took: 0.0000100 seconds
2020-11-10T19:15:59.003+0700: 4.462: Total time for which application threads were stopped: 0.0000982 seconds, Stopping threads took: 0.0000105 seconds
2020-11-10T19:15:59.004+0700: 4.462: Total time for which application threads were stopped: 0.0000720 seconds, Stopping threads took: 0.0000116 seconds
2020-11-10T19:15:59.004+0700: 4.462: Total time for which application threads were stopped: 0.0000659 seconds, Stopping threads took: 0.0000092 seconds
2020-11-10T19:15:59.004+0700: 4.462: Total time for which application threads were stopped: 0.0000712 seconds, Stopping threads took: 0.0000107 seconds
2020-11-10T19:15:59.004+0700: 4.462: Total time for which application threads were stopped: 0.0000694 seconds, Stopping threads took: 0.0000105 seconds
2020-11-10T19:15:59.004+0700: 4.462: Total time for which application threads were stopped: 0.0000639 seconds, Stopping threads took: 0.0000088 seconds
2020-11-10T19:15:59.004+0700: 4.462: Total time for which application threads were stopped: 0.0000733 seconds, Stopping threads took: 0.0000110 seconds
2020-11-10T19:15:59.004+0700: 4.462: Total time for which application threads were stopped: 0.0000671 seconds, Stopping threads took: 0.0000098 seconds
2020-11-10T19:15:59.006+0700: 4.464: Total time for which application threads were stopped: 0.0002614 seconds, Stopping threads took: 0.0001274 seconds
2020-11-10T19:15:59.008+0700: 4.466: Total time for which application threads were stopped: 0.0002404 seconds, Stopping threads took: 0.0000924 seconds
2020-11-10T19:15:59.008+0700: 4.466: Total time for which application threads were stopped: 0.0000776 seconds, Stopping threads took: 0.0000146 seconds
2020-11-10T19:15:59.008+0700: 4.466: Total time for which application threads were stopped: 0.0002651 seconds, Stopping threads took: 0.0000114 seconds
2020-11-10T19:15:59.019+0700: 4.478: Total time for which application threads were stopped: 0.0002295 seconds, Stopping threads took: 0.0000747 seconds
2020-11-10T19:15:59.021+0700: 4.479: Total time for which application threads were stopped: 0.0002014 seconds, Stopping threads took: 0.0000696 seconds
2020-11-10T19:15:59.021+0700: 4.480: Total time for which application threads were stopped: 0.0001557 seconds, Stopping threads took: 0.0000555 seconds
{Heap before GC invocations=3 (full 1):
 par new generation   total 109248K, used 102389K [0x00000000e0000000, 0x00000000e8000000, 0x00000000e8000000)
  eden space 87424K, 100% used [0x00000000e0000000, 0x00000000e5560000, 0x00000000e5560000)
  from space 21824K,  68% used [0x00000000e6ab0000, 0x00000000e794d630, 0x00000000e8000000)
  to   space 21824K,   0% used [0x00000000e5560000, 0x00000000e5560000, 0x00000000e6ab0000)
 concurrent mark-sweep generation total 393216K, used 0K [0x00000000e8000000, 0x0000000100000000, 0x0000000100000000)
 Metaspace       used 30281K, capacity 31073K, committed 31500K, reserved 1077248K
  class space    used 3532K, capacity 3783K, committed 3888K, reserved 1048576K
2020-11-10T19:15:59.220+0700: 4.678: [GC (Allocation Failure) 2020-11-10T19:15:59.220+0700: 4.678: [ParNew
Desired survivor size 20112992 bytes, new threshold 8 (max 8)
- age   1:    6082552 bytes,    6082552 total
- age   2:       5712 bytes,    6088264 total
- age   3:    3101048 bytes,    9189312 total
- age   4:    4905576 bytes,   14094888 total
: 102389K->17353K(109248K), 0.0311596 secs] 102389K->17353K(502464K), 0.0313569 secs] [Times: user=0.06 sys=0.00, real=0.03 secs] 
Heap after GC invocations=4 (full 1):
 par new generation   total 109248K, used 17353K [0x00000000e0000000, 0x00000000e8000000, 0x00000000e8000000)
  eden space 87424K,   0% used [0x00000000e0000000, 0x00000000e0000000, 0x00000000e5560000)
  from space 21824K,  79% used [0x00000000e5560000, 0x00000000e66526c0, 0x00000000e6ab0000)
  to   space 21824K,   0% used [0x00000000e6ab0000, 0x00000000e6ab0000, 0x00000000e8000000)
 concurrent mark-sweep generation total 393216K, used 0K [0x00000000e8000000, 0x0000000100000000, 0x0000000100000000)
 Metaspace       used 30281K, capacity 31073K, committed 31500K, reserved 1077248K
  class space    used 3532K, capacity 3783K, committed 3888K, reserved 1048576K
}
2020-11-10T19:15:59.252+0700: 4.710: Total time for which application threads were stopped: 0.0317610 seconds, Stopping threads took: 0.0000851 seconds
2020-11-10T19:15:59.257+0700: 4.715: Total time for which application threads were stopped: 0.0009157 seconds, Stopping threads took: 0.0007857 seconds
2020-11-10T19:15:59.257+0700: 4.715: Total time for which application threads were stopped: 0.0000954 seconds, Stopping threads took: 0.0000388 seconds
2020-11-10T19:15:59.257+0700: 4.715: Total time for which application threads were stopped: 0.0000769 seconds, Stopping threads took: 0.0000325 seconds
2020-11-10T19:15:59.260+0700: 4.718: Total time for which application threads were stopped: 0.0002031 seconds, Stopping threads took: 0.0000682 seconds
2020-11-10T19:15:59.292+0700: 4.750: Total time for which application threads were stopped: 0.0042966 seconds, Stopping threads took: 0.0041251 seconds
2020-11-10T19:15:59.296+0700: 4.754: Total time for which application threads were stopped: 0.0008211 seconds, Stopping threads took: 0.0006755 seconds
2020-11-10T19:15:59.302+0700: 4.760: Total time for which application threads were stopped: 0.0011266 seconds, Stopping threads took: 0.0010005 seconds
2020-11-10T19:15:59.304+0700: 4.762: Total time for which application threads were stopped: 0.0019419 seconds, Stopping threads took: 0.0018117 seconds
2020-11-10T19:15:59.306+0700: 4.764: Total time for which application threads were stopped: 0.0019394 seconds, Stopping threads took: 0.0018018 seconds
2020-11-10T19:15:59.389+0700: 4.847: Total time for which application threads were stopped: 0.0005899 seconds, Stopping threads took: 0.0000880 seconds
2020-11-10T19:15:59.584+0700: 5.042: Total time for which application threads were stopped: 0.0011850 seconds, Stopping threads took: 0.0006510 seconds
2020-11-10T19:15:59.973+0700: 5.431: Total time for which application threads were stopped: 0.0009229 seconds, Stopping threads took: 0.0006574 seconds
2020-11-10T19:16:00.027+0700: 5.485: Total time for which application threads were stopped: 0.0040104 seconds, Stopping threads took: 0.0038439 seconds
{Heap before GC invocations=4 (full 1):
 par new generation   total 109248K, used 104777K [0x00000000e0000000, 0x00000000e8000000, 0x00000000e8000000)
  eden space 87424K, 100% used [0x00000000e0000000, 0x00000000e5560000, 0x00000000e5560000)
  from space 21824K,  79% used [0x00000000e5560000, 0x00000000e66526c0, 0x00000000e6ab0000)
  to   space 21824K,   0% used [0x00000000e6ab0000, 0x00000000e6ab0000, 0x00000000e8000000)
 concurrent mark-sweep generation total 393216K, used 0K [0x00000000e8000000, 0x0000000100000000, 0x0000000100000000)
 Metaspace       used 31844K, capacity 32587K, committed 32908K, reserved 1079296K
  class space    used 3684K, capacity 3924K, committed 4016K, reserved 1048576K
2020-11-10T19:16:00.073+0700: 5.531: [GC (Allocation Failure) 2020-11-10T19:16:00.073+0700: 5.531: [ParNew
Desired survivor size 20112992 bytes, new threshold 8 (max 8)
- age   1:    3363120 bytes,    3363120 total
- age   2:    2589360 bytes,    5952480 total
- age   3:       4672 bytes,    5957152 total
- age   4:    3076000 bytes,    9033152 total
- age   5:    4891416 bytes,   13924568 total
: 104777K->20596K(109248K), 0.0409941 secs] 104777K->20596K(502464K), 0.0411588 secs] [Times: user=0.08 sys=0.00, real=0.04 secs] 
Heap after GC invocations=5 (full 1):
 par new generation   total 109248K, used 20596K [0x00000000e0000000, 0x00000000e8000000, 0x00000000e8000000)
  eden space 87424K,   0% used [0x00000000e0000000, 0x00000000e0000000, 0x00000000e5560000)
  from space 21824K,  94% used [0x00000000e6ab0000, 0x00000000e7ecd2f0, 0x00000000e8000000)
  to   space 21824K,   0% used [0x00000000e5560000, 0x00000000e5560000, 0x00000000e6ab0000)
 concurrent mark-sweep generation total 393216K, used 0K [0x00000000e8000000, 0x0000000100000000, 0x0000000100000000)
 Metaspace       used 31844K, capacity 32587K, committed 32908K, reserved 1079296K
  class space    used 3684K, capacity 3924K, committed 4016K, reserved 1048576K
}
2020-11-10T19:16:00.114+0700: 5.572: Total time for which application threads were stopped: 0.0441912 seconds, Stopping threads took: 0.0027321 seconds
2020-11-10T19:16:00.122+0700: 5.580: Total time for which application threads were stopped: 0.0007045 seconds, Stopping threads took: 0.0004483 seconds
2020-11-10T19:16:00.128+0700: 5.586: Total time for which application threads were stopped: 0.0004842 seconds, Stopping threads took: 0.0003042 seconds
2020-11-10T19:16:00.154+0700: 5.613: Total time for which application threads were stopped: 0.0011996 seconds, Stopping threads took: 0.0005225 seconds
2020-11-10T19:16:00.166+0700: 5.624: Total time for which application threads were stopped: 0.0042772 seconds, Stopping threads took: 0.0041147 seconds
2020-11-10T19:16:00.179+0700: 5.637: Total time for which application threads were stopped: 0.0048789 seconds, Stopping threads took: 0.0046443 seconds
2020-11-10T19:16:00.179+0700: 5.637: Total time for which application threads were stopped: 0.0001099 seconds, Stopping threads took: 0.0000391 seconds
2020-11-10T19:16:00.204+0700: 5.662: Total time for which application threads were stopped: 0.0045385 seconds, Stopping threads took: 0.0042836 seconds
2020-11-10T19:16:00.214+0700: 5.672: Total time for which application threads were stopped: 0.0001733 seconds, Stopping threads took: 0.0000509 seconds
{Heap before GC invocations=5 (full 1):
 par new generation   total 109248K, used 108020K [0x00000000e0000000, 0x00000000e8000000, 0x00000000e8000000)
  eden space 87424K, 100% used [0x00000000e0000000, 0x00000000e5560000, 0x00000000e5560000)
  from space 21824K,  94% used [0x00000000e6ab0000, 0x00000000e7ecd2f0, 0x00000000e8000000)
  to   space 21824K,   0% used [0x00000000e5560000, 0x00000000e5560000, 0x00000000e6ab0000)
 concurrent mark-sweep generation total 393216K, used 0K [0x00000000e8000000, 0x0000000100000000, 0x0000000100000000)
 Metaspace       used 32250K, capacity 33045K, committed 33164K, reserved 1079296K
  class space    used 3740K, capacity 4001K, committed 4016K, reserved 1048576K
2020-11-10T19:16:00.435+0700: 5.893: [GC (Allocation Failure) 2020-11-10T19:16:00.435+0700: 5.893: [ParNew
Desired survivor size 20112992 bytes, new threshold 8 (max 8)
- age   1:     778984 bytes,     778984 total
- age   2:    2253792 bytes,    3032776 total
- age   3:    2560616 bytes,    5593392 total
- age   4:       4672 bytes,    5598064 total
- age   5:    3075904 bytes,    8673968 total
- age   6:    4890568 bytes,   13564536 total
: 108020K->15854K(109248K), 0.0287501 secs] 108020K->15854K(502464K), 0.0289081 secs] [Times: user=0.06 sys=0.00, real=0.03 secs] 
Heap after GC invocations=6 (full 1):
 par new generation   total 109248K, used 15854K [0x00000000e0000000, 0x00000000e8000000, 0x00000000e8000000)
  eden space 87424K,   0% used [0x00000000e0000000, 0x00000000e0000000, 0x00000000e5560000)
  from space 21824K,  72% used [0x00000000e5560000, 0x00000000e64dbb60, 0x00000000e6ab0000)
  to   space 21824K,   0% used [0x00000000e6ab0000, 0x00000000e6ab0000, 0x00000000e8000000)
 concurrent mark-sweep generation total 393216K, used 0K [0x00000000e8000000, 0x0000000100000000, 0x0000000100000000)
 Metaspace       used 32250K, capacity 33045K, committed 33164K, reserved 1079296K
  class space    used 3740K, capacity 4001K, committed 4016K, reserved 1048576K
}
2020-11-10T19:16:00.464+0700: 5.922: Total time for which application threads were stopped: 0.0295911 seconds, Stopping threads took: 0.0004110 seconds
2020-11-10T19:16:00.526+0700: 5.984: Total time for which application threads were stopped: 0.0002594 seconds, Stopping threads took: 0.0000861 seconds
2020-11-10T19:16:00.531+0700: 5.989: Total time for which application threads were stopped: 0.0009414 seconds, Stopping threads took: 0.0007840 seconds
2020-11-10T19:16:00.534+0700: 5.992: Total time for which application threads were stopped: 0.0001957 seconds, Stopping threads took: 0.0000474 seconds
2020-11-10T19:16:00.567+0700: 6.025: Total time for which application threads were stopped: 0.0002367 seconds, Stopping threads took: 0.0000708 seconds
2020-11-10T19:16:00.751+0700: 6.210: Total time for which application threads were stopped: 0.0048382 seconds, Stopping threads took: 0.0046515 seconds
{Heap before GC invocations=6 (full 1):
 par new generation   total 109248K, used 103278K [0x00000000e0000000, 0x00000000e8000000, 0x00000000e8000000)
  eden space 87424K, 100% used [0x00000000e0000000, 0x00000000e5560000, 0x00000000e5560000)
  from space 21824K,  72% used [0x00000000e5560000, 0x00000000e64dbb60, 0x00000000e6ab0000)
  to   space 21824K,   0% used [0x00000000e6ab0000, 0x00000000e6ab0000, 0x00000000e8000000)
 concurrent mark-sweep generation total 393216K, used 0K [0x00000000e8000000, 0x0000000100000000, 0x0000000100000000)
 Metaspace       used 33020K, capacity 33825K, committed 34060K, reserved 1079296K
  class space    used 3832K, capacity 4067K, committed 4144K, reserved 1048576K
2020-11-10T19:16:00.837+0700: 6.295: [GC (Allocation Failure) 2020-11-10T19:16:00.837+0700: 6.295: [ParNew
Desired survivor size 20112992 bytes, new threshold 8 (max 8)
- age   1:    1237544 bytes,    1237544 total
- age   2:     191120 bytes,    1428664 total
- age   3:    2252400 bytes,    3681064 total
- age   4:    2559896 bytes,    6240960 total
- age   5:       4672 bytes,    6245632 total
- age   6:    3075400 bytes,    9321032 total
- age   7:    4890352 bytes,   14211384 total
: 103278K->20160K(109248K), 0.0300475 secs] 103278K->20160K(502464K), 0.0301842 secs] [Times: user=0.06 sys=0.00, real=0.03 secs] 
Heap after GC invocations=7 (full 1):
 par new generation   total 109248K, used 20160K [0x00000000e0000000, 0x00000000e8000000, 0x00000000e8000000)
  eden space 87424K,   0% used [0x00000000e0000000, 0x00000000e0000000, 0x00000000e5560000)
  from space 21824K,  92% used [0x00000000e6ab0000, 0x00000000e7e602d8, 0x00000000e8000000)
  to   space 21824K,   0% used [0x00000000e5560000, 0x00000000e5560000, 0x00000000e6ab0000)
 concurrent mark-sweep generation total 393216K, used 0K [0x00000000e8000000, 0x0000000100000000, 0x0000000100000000)
 Metaspace       used 33020K, capacity 33825K, committed 34060K, reserved 1079296K
  class space    used 3832K, capacity 4067K, committed 4144K, reserved 1048576K
}
2020-11-10T19:16:00.867+0700: 6.326: Total time for which application threads were stopped: 0.0335164 seconds, Stopping threads took: 0.0030876 seconds
{Heap before GC invocations=7 (full 1):
 par new generation   total 109248K, used 107584K [0x00000000e0000000, 0x00000000e8000000, 0x00000000e8000000)
  eden space 87424K, 100% used [0x00000000e0000000, 0x00000000e5560000, 0x00000000e5560000)
  from space 21824K,  92% used [0x00000000e6ab0000, 0x00000000e7e602d8, 0x00000000e8000000)
  to   space 21824K,   0% used [0x00000000e5560000, 0x00000000e5560000, 0x00000000e6ab0000)
 concurrent mark-sweep generation total 393216K, used 0K [0x00000000e8000000, 0x0000000100000000, 0x0000000100000000)
 Metaspace       used 33261K, capacity 34061K, committed 34316K, reserved 1079296K
  class space    used 3864K, capacity 4103K, committed 4144K, reserved 1048576K
2020-11-10T19:16:01.087+0700: 6.545: [GC (Allocation Failure) 2020-11-10T19:16:01.087+0700: 6.545: [ParNew
Desired survivor size 20112992 bytes, new threshold 8 (max 8)
- age   1:     860176 bytes,     860176 total
- age   2:     323256 bytes,    1183432 total
- age   3:     190624 bytes,    1374056 total
- age   4:    2252256 bytes,    3626312 total
- age   5:    2558552 bytes,    6184864 total
- age   6:       4672 bytes,    6189536 total
- age   7:    3073784 bytes,    9263320 total
- age   8:    4890256 bytes,   14153576 total
: 107584K->20211K(109248K), 0.0343375 secs] 107584K->20211K(502464K), 0.0345082 secs] [Times: user=0.07 sys=0.01, real=0.04 secs] 
Heap after GC invocations=8 (full 1):
 par new generation   total 109248K, used 20211K [0x00000000e0000000, 0x00000000e8000000, 0x00000000e8000000)
  eden space 87424K,   0% used [0x00000000e0000000, 0x00000000e0000000, 0x00000000e5560000)
  from space 21824K,  92% used [0x00000000e5560000, 0x00000000e691ccb0, 0x00000000e6ab0000)
  to   space 21824K,   0% used [0x00000000e6ab0000, 0x00000000e6ab0000, 0x00000000e8000000)
 concurrent mark-sweep generation total 393216K, used 0K [0x00000000e8000000, 0x0000000100000000, 0x0000000100000000)
 Metaspace       used 33261K, capacity 34061K, committed 34316K, reserved 1079296K
  class space    used 3864K, capacity 4103K, committed 4144K, reserved 1048576K
}
2020-11-10T19:16:01.121+0700: 6.579: Total time for which application threads were stopped: 0.0375028 seconds, Stopping threads took: 0.0027072 seconds
2020-11-10T19:16:01.185+0700: 6.643: Total time for which application threads were stopped: 0.0070150 seconds, Stopping threads took: 0.0067881 seconds
2020-11-10T19:16:01.185+0700: 6.643: Total time for which application threads were stopped: 0.0003102 seconds, Stopping threads took: 0.0002317 seconds
2020-11-10T19:16:01.186+0700: 6.644: Total time for which application threads were stopped: 0.0001990 seconds, Stopping threads took: 0.0000807 seconds
2020-11-10T19:16:01.257+0700: 6.715: Total time for which application threads were stopped: 0.0002090 seconds, Stopping threads took: 0.0000639 seconds
2020-11-10T19:16:01.274+0700: 6.732: Total time for which application threads were stopped: 0.0002268 seconds, Stopping threads took: 0.0000878 seconds
2020-11-10T19:16:01.277+0700: 6.735: Total time for which application threads were stopped: 0.0003233 seconds, Stopping threads took: 0.0001620 seconds
2020-11-10T19:16:01.284+0700: 6.743: Total time for which application threads were stopped: 0.0002559 seconds, Stopping threads took: 0.0000916 seconds
2020-11-10T19:16:01.451+0700: 6.909: Total time for which application threads were stopped: 0.0041087 seconds, Stopping threads took: 0.0034250 seconds
2020-11-10T19:16:01.776+0700: 7.234: Total time for which application threads were stopped: 0.0007513 seconds, Stopping threads took: 0.0000646 seconds
2020-11-10T19:16:01.837+0700: 7.295: Total time for which application threads were stopped: 0.0036809 seconds, Stopping threads took: 0.0035611 seconds
2020-11-10T19:16:01.861+0700: 7.319: Total time for which application threads were stopped: 0.0010938 seconds, Stopping threads took: 0.0009609 seconds
{Heap before GC invocations=8 (full 1):
 par new generation   total 109248K, used 107635K [0x00000000e0000000, 0x00000000e8000000, 0x00000000e8000000)
  eden space 87424K, 100% used [0x00000000e0000000, 0x00000000e5560000, 0x00000000e5560000)
  from space 21824K,  92% used [0x00000000e5560000, 0x00000000e691ccb0, 0x00000000e6ab0000)
  to   space 21824K,   0% used [0x00000000e6ab0000, 0x00000000e6ab0000, 0x00000000e8000000)
 concurrent mark-sweep generation total 393216K, used 0K [0x00000000e8000000, 0x0000000100000000, 0x0000000100000000)
 Metaspace       used 36111K, capacity 37047K, committed 37260K, reserved 1081344K
  class space    used 4181K, capacity 4464K, committed 4528K, reserved 1048576K
2020-11-10T19:16:01.907+0700: 7.365: [GC (Allocation Failure) 2020-11-10T19:16:01.907+0700: 7.365: [ParNew
Desired survivor size 20112992 bytes, new threshold 8 (max 8)
- age   1:    3762608 bytes,    3762608 total
- age   2:     128440 bytes,    3891048 total
- age   3:     315128 bytes,    4206176 total
- age   4:     189544 bytes,    4395720 total
- age   5:     832600 bytes,    5228320 total
- age   6:    2555968 bytes,    7784288 total
- age   7:       4672 bytes,    7788960 total
- age   8:    3073352 bytes,   10862312 total
: 107635K->14408K(109248K), 0.0762049 secs] 107635K->19676K(502464K), 0.0763737 secs] [Times: user=0.11 sys=0.01, real=0.08 secs] 
Heap after GC invocations=9 (full 1):
 par new generation   total 109248K, used 14408K [0x00000000e0000000, 0x00000000e8000000, 0x00000000e8000000)
  eden space 87424K,   0% used [0x00000000e0000000, 0x00000000e0000000, 0x00000000e5560000)
  from space 21824K,  66% used [0x00000000e6ab0000, 0x00000000e78c2280, 0x00000000e8000000)
  to   space 21824K,   0% used [0x00000000e5560000, 0x00000000e5560000, 0x00000000e6ab0000)
 concurrent mark-sweep generation total 393216K, used 5267K [0x00000000e8000000, 0x0000000100000000, 0x0000000100000000)
 Metaspace       used 36111K, capacity 37047K, committed 37260K, reserved 1081344K
  class space    used 4181K, capacity 4464K, committed 4528K, reserved 1048576K
}
2020-11-10T19:16:01.983+0700: 7.441: Total time for which application threads were stopped: 0.0806687 seconds, Stopping threads took: 0.0040189 seconds
2020-11-10T19:16:02.076+0700: 7.534: Total time for which application threads were stopped: 0.0002111 seconds, Stopping threads took: 0.0000773 seconds
2020-11-10T19:16:02.527+0700: 7.985: Total time for which application threads were stopped: 0.0003915 seconds, Stopping threads took: 0.0000990 seconds
{Heap before GC invocations=9 (full 1):
 par new generation   total 109248K, used 101832K [0x00000000e0000000, 0x00000000e8000000, 0x00000000e8000000)
  eden space 87424K, 100% used [0x00000000e0000000, 0x00000000e5560000, 0x00000000e5560000)
  from space 21824K,  66% used [0x00000000e6ab0000, 0x00000000e78c2280, 0x00000000e8000000)
  to   space 21824K,   0% used [0x00000000e5560000, 0x00000000e5560000, 0x00000000e6ab0000)
 concurrent mark-sweep generation total 393216K, used 5267K [0x00000000e8000000, 0x0000000100000000, 0x0000000100000000)
 Metaspace       used 38012K, capacity 39021K, committed 39308K, reserved 1083392K
  class space    used 4419K, capacity 4703K, committed 4784K, reserved 1048576K
2020-11-10T19:16:02.652+0700: 8.110: [GC (Allocation Failure) 2020-11-10T19:16:02.652+0700: 8.110: [ParNew
Desired survivor size 20112992 bytes, new threshold 8 (max 8)
- age   1:    3180488 bytes,    3180488 total
- age   2:    1686672 bytes,    4867160 total
- age   3:     128184 bytes,    4995344 total
- age   4:     313856 bytes,    5309200 total
- age   5:     183736 bytes,    5492936 total
- age   6:     827352 bytes,    6320288 total
- age   7:    2528912 bytes,    8849200 total
- age   8:       4608 bytes,    8853808 total
: 101832K->11557K(109248K), 0.0435118 secs] 107100K->19871K(502464K), 0.0436920 secs] [Times: user=0.08 sys=0.01, real=0.04 secs] 
Heap after GC invocations=10 (full 1):
 par new generation   total 109248K, used 11557K [0x00000000e0000000, 0x00000000e8000000, 0x00000000e8000000)
  eden space 87424K,   0% used [0x00000000e0000000, 0x00000000e0000000, 0x00000000e5560000)
  from space 21824K,  52% used [0x00000000e5560000, 0x00000000e60a97c0, 0x00000000e6ab0000)
  to   space 21824K,   0% used [0x00000000e6ab0000, 0x00000000e6ab0000, 0x00000000e8000000)
 concurrent mark-sweep generation total 393216K, used 8313K [0x00000000e8000000, 0x0000000100000000, 0x0000000100000000)
 Metaspace       used 38012K, capacity 39021K, committed 39308K, reserved 1083392K
  class space    used 4419K, capacity 4703K, committed 4784K, reserved 1048576K
}
2020-11-10T19:16:02.696+0700: 8.154: Total time for which application threads were stopped: 0.0441470 seconds, Stopping threads took: 0.0000707 seconds
2020-11-10T19:16:03.058+0700: 8.516: Total time for which application threads were stopped: 0.0002956 seconds, Stopping threads took: 0.0000943 seconds
2020-11-10T19:16:03.084+0700: 8.542: Total time for which application threads were stopped: 0.0008032 seconds, Stopping threads took: 0.0006411 seconds
2020-11-10T19:16:03.164+0700: 8.622: Total time for which application threads were stopped: 0.0002041 seconds, Stopping threads took: 0.0000630 seconds
2020-11-10T19:16:03.169+0700: 8.627: Total time for which application threads were stopped: 0.0008152 seconds, Stopping threads took: 0.0000619 seconds
2020-11-10T19:16:03.170+0700: 8.628: Total time for which application threads were stopped: 0.0002187 seconds, Stopping threads took: 0.0000486 seconds
2020-11-10T19:16:03.214+0700: 8.672: Total time for which application threads were stopped: 0.0007908 seconds, Stopping threads took: 0.0000564 seconds
2020-11-10T19:16:03.257+0700: 8.715: Total time for which application threads were stopped: 0.0046754 seconds, Stopping threads took: 0.0042197 seconds
2020-11-10T19:16:03.370+0700: 8.828: Total time for which application threads were stopped: 0.0073920 seconds, Stopping threads took: 0.0071765 seconds
{Heap before GC invocations=10 (full 1):
 par new generation   total 109248K, used 98425K [0x00000000e0000000, 0x00000000e8000000, 0x00000000e8000000)
  eden space 87424K,  99% used [0x00000000e0000000, 0x00000000e54d4d78, 0x00000000e5560000)
  from space 21824K,  52% used [0x00000000e5560000, 0x00000000e60a97c0, 0x00000000e6ab0000)
  to   space 21824K,   0% used [0x00000000e6ab0000, 0x00000000e6ab0000, 0x00000000e8000000)
 concurrent mark-sweep generation total 393216K, used 8313K [0x00000000e8000000, 0x0000000100000000, 0x0000000100000000)
 Metaspace       used 40915K, capacity 42027K, committed 42252K, reserved 1087488K
  class space    used 4838K, capacity 5114K, committed 5168K, reserved 1048576K
2020-11-10T19:16:03.500+0700: 8.958: [GC (Allocation Failure) 2020-11-10T19:16:03.500+0700: 8.958: [ParNew
Desired survivor size 20112992 bytes, new threshold 8 (max 8)
- age   1:    7867304 bytes,    7867304 total
- age   2:     923096 bytes,    8790400 total
- age   3:    1679200 bytes,   10469600 total
- age   4:     128184 bytes,   10597784 total
- age   5:     313488 bytes,   10911272 total
- age   6:     183480 bytes,   11094752 total
- age   7:     816232 bytes,   11910984 total
- age   8:    2432600 bytes,   14343584 total
: 98425K->15232K(109248K), 0.0325572 secs] 106738K->23551K(502464K), 0.0327316 secs] [Times: user=0.06 sys=0.00, real=0.03 secs] 
Heap after GC invocations=11 (full 1):
 par new generation   total 109248K, used 15232K [0x00000000e0000000, 0x00000000e8000000, 0x00000000e8000000)
  eden space 87424K,   0% used [0x00000000e0000000, 0x00000000e0000000, 0x00000000e5560000)
  from space 21824K,  69% used [0x00000000e6ab0000, 0x00000000e79903d0, 0x00000000e8000000)
  to   space 21824K,   0% used [0x00000000e5560000, 0x00000000e5560000, 0x00000000e6ab0000)
 concurrent mark-sweep generation total 393216K, used 8318K [0x00000000e8000000, 0x0000000100000000, 0x0000000100000000)
 Metaspace       used 40915K, capacity 42027K, committed 42252K, reserved 1087488K
  class space    used 4838K, capacity 5114K, committed 5168K, reserved 1048576K
}
2020-11-10T19:16:03.533+0700: 8.991: Total time for which application threads were stopped: 0.0331536 seconds, Stopping threads took: 0.0001330 seconds
2020-11-10T19:16:03.541+0700: 9.000: Total time for which application threads were stopped: 0.0002263 seconds, Stopping threads took: 0.0000988 seconds
2020-11-10T19:16:03.543+0700: 9.001: Total time for which application threads were stopped: 0.0001663 seconds, Stopping threads took: 0.0000523 seconds
2020-11-10T19:16:03.543+0700: 9.001: Total time for which application threads were stopped: 0.0000517 seconds, Stopping threads took: 0.0000149 seconds
2020-11-10T19:16:03.552+0700: 9.011: Total time for which application threads were stopped: 0.0009314 seconds, Stopping threads took: 0.0000743 seconds
2020-11-10T19:16:03.609+0700: 9.067: Total time for which application threads were stopped: 0.0002233 seconds, Stopping threads took: 0.0000771 seconds
2020-11-10T19:16:03.708+0700: 9.167: Total time for which application threads were stopped: 0.0003029 seconds, Stopping threads took: 0.0000608 seconds
2020-11-10T19:16:03.710+0700: 9.168: Total time for which application threads were stopped: 0.0001968 seconds, Stopping threads took: 0.0000477 seconds
2020-11-10T19:16:03.726+0700: 9.184: Total time for which application threads were stopped: 0.0002179 seconds, Stopping threads took: 0.0000601 seconds
2020-11-10T19:16:03.726+0700: 9.184: Total time for which application threads were stopped: 0.0000601 seconds, Stopping threads took: 0.0000156 seconds
2020-11-10T19:16:04.726+0700: 10.184: Total time for which application threads were stopped: 0.0002224 seconds, Stopping threads took: 0.0000567 seconds
2020-11-10T19:16:04.915+0700: 10.373: Total time for which application threads were stopped: 0.0003281 seconds, Stopping threads took: 0.0001124 seconds
2020-11-10T19:16:04.915+0700: 10.374: Total time for which application threads were stopped: 0.0001477 seconds, Stopping threads took: 0.0000234 seconds
2020-11-10T19:16:04.917+0700: 10.375: Total time for which application threads were stopped: 0.0003097 seconds, Stopping threads took: 0.0000973 seconds
2020-11-10T19:16:04.917+0700: 10.376: Total time for which application threads were stopped: 0.0002715 seconds, Stopping threads took: 0.0000588 seconds
2020-11-10T19:16:04.941+0700: 10.399: Total time for which application threads were stopped: 0.0016567 seconds, Stopping threads took: 0.0015028 seconds
2020-11-10T19:16:04.941+0700: 10.399: Total time for which application threads were stopped: 0.0001022 seconds, Stopping threads took: 0.0000401 seconds
2020-11-10T19:16:04.942+0700: 10.400: Total time for which application threads were stopped: 0.0011610 seconds, Stopping threads took: 0.0010808 seconds
2020-11-10T19:16:04.942+0700: 10.400: Total time for which application threads were stopped: 0.0001155 seconds, Stopping threads took: 0.0000416 seconds
2020-11-10T19:16:05.943+0700: 11.401: Total time for which application threads were stopped: 0.0002241 seconds, Stopping threads took: 0.0000724 seconds
2020-11-10T19:16:07.943+0700: 13.401: Total time for which application threads were stopped: 0.0001859 seconds, Stopping threads took: 0.0000599 seconds
2020-11-10T19:16:07.977+0700: 13.435: Total time for which application threads were stopped: 0.0004724 seconds, Stopping threads took: 0.0002766 seconds
2020-11-10T19:16:07.990+0700: 13.448: Total time for which application threads were stopped: 0.0004161 seconds, Stopping threads took: 0.0002055 seconds
2020-11-10T19:16:07.993+0700: 13.451: Total time for which application threads were stopped: 0.0001942 seconds, Stopping threads took: 0.0000688 seconds
2020-11-10T19:16:08.008+0700: 13.466: Total time for which application threads were stopped: 0.0002454 seconds, Stopping threads took: 0.0000528 seconds
2020-11-10T19:16:08.008+0700: 13.466: Total time for which application threads were stopped: 0.0001183 seconds, Stopping threads took: 0.0000226 seconds
2020-11-10T19:16:08.011+0700: 13.469: Total time for which application threads were stopped: 0.0004227 seconds, Stopping threads took: 0.0001818 seconds
2020-11-10T19:16:08.011+0700: 13.469: Total time for which application threads were stopped: 0.0001242 seconds, Stopping threads took: 0.0000189 seconds
2020-11-10T19:16:08.019+0700: 13.478: Total time for which application threads were stopped: 0.0002838 seconds, Stopping threads took: 0.0000856 seconds
2020-11-10T19:16:08.020+0700: 13.478: Total time for which application threads were stopped: 0.0000987 seconds, Stopping threads took: 0.0000184 seconds
2020-11-10T19:16:08.028+0700: 13.486: Total time for which application threads were stopped: 0.0002135 seconds, Stopping threads took: 0.0000548 seconds
2020-11-10T19:16:08.028+0700: 13.486: Total time for which application threads were stopped: 0.0001118 seconds, Stopping threads took: 0.0000570 seconds
2020-11-10T19:16:11.917+0700: 17.375: Total time for which application threads were stopped: 0.0002469 seconds, Stopping threads took: 0.0000545 seconds
2020-11-10T19:16:11.917+0700: 17.375: Total time for which application threads were stopped: 0.0001273 seconds, Stopping threads took: 0.0000230 seconds
2020-11-10T19:16:11.934+0700: 17.392: Total time for which application threads were stopped: 0.0034768 seconds, Stopping threads took: 0.0032288 seconds
2020-11-10T19:16:11.934+0700: 17.392: Total time for which application threads were stopped: 0.0001369 seconds, Stopping threads took: 0.0000601 seconds
2020-11-10T19:16:11.938+0700: 17.396: Total time for which application threads were stopped: 0.0017798 seconds, Stopping threads took: 0.0015345 seconds
2020-11-10T19:16:11.942+0700: 17.400: Total time for which application threads were stopped: 0.0002157 seconds, Stopping threads took: 0.0000560 seconds
2020-11-10T19:16:11.942+0700: 17.400: Total time for which application threads were stopped: 0.0001070 seconds, Stopping threads took: 0.0000232 seconds
2020-11-10T19:16:11.944+0700: 17.403: Total time for which application threads were stopped: 0.0002563 seconds, Stopping threads took: 0.0000862 seconds
2020-11-10T19:16:11.946+0700: 17.404: Total time for which application threads were stopped: 0.0010802 seconds, Stopping threads took: 0.0009130 seconds
2020-11-10T19:16:11.946+0700: 17.404: Total time for which application threads were stopped: 0.0002453 seconds, Stopping threads took: 0.0001453 seconds
2020-11-10T19:16:11.947+0700: 17.405: Total time for which application threads were stopped: 0.0007308 seconds, Stopping threads took: 0.0006023 seconds
2020-11-10T19:16:11.948+0700: 17.406: Total time for which application threads were stopped: 0.0009073 seconds, Stopping threads took: 0.0007473 seconds
2020-11-10T19:16:11.960+0700: 17.418: Total time for which application threads were stopped: 0.0003069 seconds, Stopping threads took: 0.0000766 seconds
2020-11-10T19:16:11.960+0700: 17.418: Total time for which application threads were stopped: 0.0001291 seconds, Stopping threads took: 0.0000309 seconds
2020-11-10T19:16:11.962+0700: 17.420: Total time for which application threads were stopped: 0.0005776 seconds, Stopping threads took: 0.0003516 seconds
2020-11-10T19:16:11.963+0700: 17.421: Total time for which application threads were stopped: 0.0013366 seconds, Stopping threads took: 0.0011556 seconds
2020-11-10T19:16:11.980+0700: 17.438: Total time for which application threads were stopped: 0.0002266 seconds, Stopping threads took: 0.0000475 seconds
2020-11-10T19:16:11.980+0700: 17.438: Total time for which application threads were stopped: 0.0000825 seconds, Stopping threads took: 0.0000201 seconds
2020-11-10T19:16:12.980+0700: 18.438: Total time for which application threads were stopped: 0.0001952 seconds, Stopping threads took: 0.0000569 seconds
2020-11-10T19:16:17.981+0700: 23.439: Total time for which application threads were stopped: 0.0002111 seconds, Stopping threads took: 0.0000711 seconds
2020-11-10T19:16:18.185+0700: 23.643: Total time for which application threads were stopped: 0.0023822 seconds, Stopping threads took: 0.0022431 seconds
2020-11-10T19:16:18.225+0700: 23.683: Total time for which application threads were stopped: 0.0002063 seconds, Stopping threads took: 0.0000719 seconds
2020-11-10T19:16:18.225+0700: 23.683: Total time for which application threads were stopped: 0.0000636 seconds, Stopping threads took: 0.0000158 seconds
2020-11-10T19:16:18.225+0700: 23.683: Total time for which application threads were stopped: 0.0000610 seconds, Stopping threads took: 0.0000148 seconds
2020-11-10T19:16:18.225+0700: 23.683: Total time for which application threads were stopped: 0.0000605 seconds, Stopping threads took: 0.0000144 seconds
2020-11-10T19:16:18.225+0700: 23.683: Total time for which application threads were stopped: 0.0000606 seconds, Stopping threads took: 0.0000145 seconds
2020-11-10T19:16:18.225+0700: 23.683: Total time for which application threads were stopped: 0.0000601 seconds, Stopping threads took: 0.0000143 seconds
2020-11-10T19:16:18.225+0700: 23.683: Total time for which application threads were stopped: 0.0000600 seconds, Stopping threads took: 0.0000142 seconds
2020-11-10T19:16:18.225+0700: 23.683: Total time for which application threads were stopped: 0.0000601 seconds, Stopping threads took: 0.0000143 seconds
2020-11-10T19:16:18.225+0700: 23.684: Total time for which application threads were stopped: 0.0000799 seconds, Stopping threads took: 0.0000195 seconds
2020-11-10T19:16:18.226+0700: 23.684: Total time for which application threads were stopped: 0.0000614 seconds, Stopping threads took: 0.0000147 seconds
2020-11-10T19:16:18.226+0700: 23.684: Total time for which application threads were stopped: 0.0000611 seconds, Stopping threads took: 0.0000146 seconds
2020-11-10T19:16:18.226+0700: 23.684: Total time for which application threads were stopped: 0.0000601 seconds, Stopping threads took: 0.0000141 seconds
2020-11-10T19:16:18.226+0700: 23.684: Total time for which application threads were stopped: 0.0000603 seconds, Stopping threads took: 0.0000143 seconds
2020-11-10T19:16:18.226+0700: 23.684: Total time for which application threads were stopped: 0.0000605 seconds, Stopping threads took: 0.0000143 seconds
2020-11-10T19:16:18.226+0700: 23.684: Total time for which application threads were stopped: 0.0000600 seconds, Stopping threads took: 0.0000142 seconds
2020-11-10T19:16:18.226+0700: 23.684: Total time for which application threads were stopped: 0.0000600 seconds, Stopping threads took: 0.0000141 seconds
2020-11-10T19:16:18.226+0700: 23.685: Total time for which application threads were stopped: 0.0002807 seconds, Stopping threads took: 0.0000141 seconds
2020-11-10T19:16:18.227+0700: 23.685: Total time for which application threads were stopped: 0.0001161 seconds, Stopping threads took: 0.0000427 seconds
2020-11-10T19:16:18.396+0700: 23.855: Total time for which application threads were stopped: 0.0002178 seconds, Stopping threads took: 0.0000507 seconds
2020-11-10T19:16:18.397+0700: 23.855: Total time for which application threads were stopped: 0.0000988 seconds, Stopping threads took: 0.0000303 seconds
2020-11-10T19:16:18.401+0700: 23.859: Total time for which application threads were stopped: 0.0001647 seconds, Stopping threads took: 0.0000574 seconds
2020-11-10T19:16:18.402+0700: 23.860: Total time for which application threads were stopped: 0.0000812 seconds, Stopping threads took: 0.0000220 seconds
2020-11-10T19:16:18.402+0700: 23.860: Total time for which application threads were stopped: 0.0000527 seconds, Stopping threads took: 0.0000132 seconds
2020-11-10T19:16:18.405+0700: 23.863: Total time for which application threads were stopped: 0.0001479 seconds, Stopping threads took: 0.0000474 seconds
2020-11-10T19:16:18.405+0700: 23.864: Total time for which application threads were stopped: 0.0000518 seconds, Stopping threads took: 0.0000134 seconds
2020-11-10T19:16:18.432+0700: 23.890: Total time for which application threads were stopped: 0.0001490 seconds, Stopping threads took: 0.0000485 seconds
2020-11-10T19:16:18.447+0700: 23.905: Total time for which application threads were stopped: 0.0001619 seconds, Stopping threads took: 0.0000480 seconds
2020-11-10T19:16:18.447+0700: 23.905: Total time for which application threads were stopped: 0.0000469 seconds, Stopping threads took: 0.0000109 seconds
2020-11-10T19:16:18.671+0700: 24.129: Total time for which application threads were stopped: 0.0007837 seconds, Stopping threads took: 0.0000530 seconds
2020-11-10T19:16:18.854+0700: 24.313: Total time for which application threads were stopped: 0.0007750 seconds, Stopping threads took: 0.0000425 seconds
2020-11-10T19:16:18.856+0700: 24.315: Total time for which application threads were stopped: 0.0007185 seconds, Stopping threads took: 0.0000359 seconds
2020-11-10T19:16:18.927+0700: 24.385: Total time for which application threads were stopped: 0.0002106 seconds, Stopping threads took: 0.0000532 seconds
2020-11-10T19:16:18.955+0700: 24.413: Total time for which application threads were stopped: 0.0001814 seconds, Stopping threads took: 0.0000429 seconds
2020-11-10T19:16:18.976+0700: 24.434: Total time for which application threads were stopped: 0.0002100 seconds, Stopping threads took: 0.0000631 seconds
2020-11-10T19:16:19.007+0700: 24.465: Total time for which application threads were stopped: 0.0001914 seconds, Stopping threads took: 0.0000484 seconds
2020-11-10T19:16:19.079+0700: 24.537: Total time for which application threads were stopped: 0.0002729 seconds, Stopping threads took: 0.0000677 seconds
2020-11-10T19:16:19.160+0700: 24.618: Total time for which application threads were stopped: 0.0002514 seconds, Stopping threads took: 0.0000718 seconds
2020-11-10T19:16:19.185+0700: 24.643: Total time for which application threads were stopped: 0.0002265 seconds, Stopping threads took: 0.0000881 seconds
2020-11-10T19:16:19.222+0700: 24.680: Total time for which application threads were stopped: 0.0007679 seconds, Stopping threads took: 0.0000478 seconds
2020-11-10T19:16:19.275+0700: 24.733: Total time for which application threads were stopped: 0.0008373 seconds, Stopping threads took: 0.0000553 seconds
2020-11-10T19:16:19.293+0700: 24.751: Total time for which application threads were stopped: 0.0001945 seconds, Stopping threads took: 0.0000662 seconds
2020-11-10T19:16:19.392+0700: 24.850: Total time for which application threads were stopped: 0.0002384 seconds, Stopping threads took: 0.0000796 seconds
2020-11-10T19:16:19.448+0700: 24.906: Total time for which application threads were stopped: 0.0009602 seconds, Stopping threads took: 0.0000713 seconds
2020-11-10T19:16:19.536+0700: 24.995: [GC (CMS Initial Mark) [1 CMS-initial-mark: 8318K(393216K)] 81439K(502464K), 0.0216086 secs] [Times: user=0.04 sys=0.00, real=0.03 secs] 
2020-11-10T19:16:19.558+0700: 25.016: Total time for which application threads were stopped: 0.0219271 seconds, Stopping threads took: 0.0000662 seconds
2020-11-10T19:16:19.558+0700: 25.017: [CMS-concurrent-mark-start]
2020-11-10T19:16:19.630+0700: 25.088: [CMS-concurrent-mark: 0.071/0.071 secs] [Times: user=0.10 sys=0.01, real=0.07 secs] 
2020-11-10T19:16:19.630+0700: 25.088: [CMS-concurrent-preclean-start]
2020-11-10T19:16:19.632+0700: 25.091: [CMS-concurrent-preclean: 0.003/0.003 secs] [Times: user=0.01 sys=0.00, real=0.00 secs] 
2020-11-10T19:16:19.633+0700: 25.091: [CMS-concurrent-abortable-preclean-start]
2020-11-10T19:16:19.673+0700: 25.131: Total time for which application threads were stopped: 0.0002328 seconds, Stopping threads took: 0.0000744 seconds
2020-11-10T19:16:19.674+0700: 25.132: Total time for which application threads were stopped: 0.0004284 seconds, Stopping threads took: 0.0002269 seconds
2020-11-10T19:16:19.720+0700: 25.179: Total time for which application threads were stopped: 0.0002303 seconds, Stopping threads took: 0.0000596 seconds
2020-11-10T19:16:19.735+0700: 25.193: Total time for which application threads were stopped: 0.0009058 seconds, Stopping threads took: 0.0000632 seconds
2020-11-10T19:16:19.771+0700: 25.229: Total time for which application threads were stopped: 0.0001570 seconds, Stopping threads took: 0.0000505 seconds
2020-11-10T19:16:19.827+0700: 25.285: Total time for which application threads were stopped: 0.0001868 seconds, Stopping threads took: 0.0000513 seconds
2020-11-10T19:16:19.859+0700: 25.317: Total time for which application threads were stopped: 0.0002333 seconds, Stopping threads took: 0.0000897 seconds
2020-11-10T19:16:19.894+0700: 25.352: Total time for which application threads were stopped: 0.0002206 seconds, Stopping threads took: 0.0000729 seconds
2020-11-10T19:16:19.927+0700: 25.385: Total time for which application threads were stopped: 0.0001902 seconds, Stopping threads took: 0.0000872 seconds
2020-11-10T19:16:19.934+0700: 25.392: Total time for which application threads were stopped: 0.0001762 seconds, Stopping threads took: 0.0000581 seconds
2020-11-10T19:16:19.943+0700: 25.401: Total time for which application threads were stopped: 0.0002290 seconds, Stopping threads took: 0.0000721 seconds
2020-11-10T19:16:19.954+0700: 25.412: Total time for which application threads were stopped: 0.0001750 seconds, Stopping threads took: 0.0000584 seconds
2020-11-10T19:16:19.966+0700: 25.425: Total time for which application threads were stopped: 0.0001775 seconds, Stopping threads took: 0.0000401 seconds
2020-11-10T19:16:19.979+0700: 25.437: Total time for which application threads were stopped: 0.0001669 seconds, Stopping threads took: 0.0000523 seconds
2020-11-10T19:16:19.988+0700: 25.446: Total time for which application threads were stopped: 0.0001454 seconds, Stopping threads took: 0.0000473 seconds
2020-11-10T19:16:19.995+0700: 25.453: Total time for which application threads were stopped: 0.0001925 seconds, Stopping threads took: 0.0000840 seconds
2020-11-10T19:16:20.000+0700: 25.458: Total time for which application threads were stopped: 0.0002202 seconds, Stopping threads took: 0.0000669 seconds
2020-11-10T19:16:20.007+0700: 25.465: Total time for which application threads were stopped: 0.0001910 seconds, Stopping threads took: 0.0000798 seconds
2020-11-10T19:16:20.019+0700: 25.477: Total time for which application threads were stopped: 0.0001612 seconds, Stopping threads took: 0.0000495 seconds
2020-11-10T19:16:20.032+0700: 25.491: Total time for which application threads were stopped: 0.0002671 seconds, Stopping threads took: 0.0000792 seconds
2020-11-10T19:16:20.051+0700: 25.509: Total time for which application threads were stopped: 0.0001580 seconds, Stopping threads took: 0.0000486 seconds
2020-11-10T19:16:20.066+0700: 25.525: Total time for which application threads were stopped: 0.0001937 seconds, Stopping threads took: 0.0000522 seconds
2020-11-10T19:16:20.086+0700: 25.544: Total time for which application threads were stopped: 0.0001825 seconds, Stopping threads took: 0.0000713 seconds
2020-11-10T19:16:20.092+0700: 25.550: Total time for which application threads were stopped: 0.0001830 seconds, Stopping threads took: 0.0000624 seconds
2020-11-10T19:16:20.129+0700: 25.588: Total time for which application threads were stopped: 0.0002336 seconds, Stopping threads took: 0.0000465 seconds
2020-11-10T19:16:20.217+0700: 25.675: Total time for which application threads were stopped: 0.0002697 seconds, Stopping threads took: 0.0000485 seconds
2020-11-10T19:16:20.226+0700: 25.684: Total time for which application threads were stopped: 0.0011852 seconds, Stopping threads took: 0.0010463 seconds
2020-11-10T19:16:21.016+0700: 26.474: Total time for which application threads were stopped: 0.0001597 seconds, Stopping threads took: 0.0000483 seconds
2020-11-10T19:16:21.016+0700: 26.474: Total time for which application threads were stopped: 0.0000478 seconds, Stopping threads took: 0.0000124 seconds
2020-11-10T19:16:21.023+0700: 26.481: Total time for which application threads were stopped: 0.0001943 seconds, Stopping threads took: 0.0000581 seconds
2020-11-10T19:16:21.048+0700: 26.506: Total time for which application threads were stopped: 0.0012026 seconds, Stopping threads took: 0.0000897 seconds
2020-11-10T19:16:21.087+0700: 26.546: Total time for which application threads were stopped: 0.0002567 seconds, Stopping threads took: 0.0000748 seconds
2020-11-10T19:16:21.147+0700: 26.605: Total time for which application threads were stopped: 0.0002258 seconds, Stopping threads took: 0.0001075 seconds
2020-11-10T19:16:21.173+0700: 26.632: Total time for which application threads were stopped: 0.0002095 seconds, Stopping threads took: 0.0000651 seconds
2020-11-10T19:16:22.174+0700: 27.632: Total time for which application threads were stopped: 0.0001963 seconds, Stopping threads took: 0.0000611 seconds
2020-11-10T19:16:24.174+0700: 29.632: Total time for which application threads were stopped: 0.0001583 seconds, Stopping threads took: 0.0000512 seconds
 CMS: abort preclean due to time 2020-11-10T19:16:25.762+0700: 31.220: [CMS-concurrent-abortable-preclean: 3.633/6.129 secs] [Times: user=4.55 sys=0.03, real=6.13 secs] 
2020-11-10T19:16:25.762+0700: 31.220: [GC (CMS Final Remark) [YG occupancy: 97312 K (109248 K)]{Heap before GC invocations=11 (full 2):
 par new generation   total 109248K, used 97312K [0x00000000e0000000, 0x00000000e8000000, 0x00000000e8000000)
  eden space 87424K,  93% used [0x00000000e0000000, 0x00000000e5027c58, 0x00000000e5560000)
  from space 21824K,  69% used [0x00000000e6ab0000, 0x00000000e79903d0, 0x00000000e8000000)
  to   space 21824K,   0% used [0x00000000e5560000, 0x00000000e5560000, 0x00000000e6ab0000)
 concurrent mark-sweep generation total 393216K, used 8318K [0x00000000e8000000, 0x0000000100000000, 0x0000000100000000)
 Metaspace       used 47993K, capacity 49393K, committed 49568K, reserved 1093632K
  class space    used 5478K, capacity 5834K, committed 5856K, reserved 1048576K
2020-11-10T19:16:25.762+0700: 31.221: [GC (CMS Final Remark) 2020-11-10T19:16:25.762+0700: 31.221: [ParNew
Desired survivor size 20112992 bytes, new threshold 8 (max 8)
- age   1:   11620568 bytes,   11620568 total
- age   2:    4944160 bytes,   16564728 total
- age   3:     916152 bytes,   17480880 total
- age   4:    1678432 bytes,   19159312 total
- age   5:     128184 bytes,   19287496 total
- age   6:     313432 bytes,   19600928 total
- age   7:     182424 bytes,   19783352 total
- age   8:     811496 bytes,   20594848 total
: 97312K->21824K(109248K), 0.0424252 secs] 105630K->32835K(502464K), 0.0425290 secs] [Times: user=0.08 sys=0.00, real=0.04 secs] 
Heap after GC invocations=12 (full 2):
 par new generation   total 109248K, used 21824K [0x00000000e0000000, 0x00000000e8000000, 0x00000000e8000000)
  eden space 87424K,   0% used [0x00000000e0000000, 0x00000000e0000000, 0x00000000e5560000)
  from space 21824K, 100% used [0x00000000e5560000, 0x00000000e6ab0000, 0x00000000e6ab0000)
  to   space 21824K,   0% used [0x00000000e6ab0000, 0x00000000e6ab0000, 0x00000000e8000000)
 concurrent mark-sweep generation total 393216K, used 11011K [0x00000000e8000000, 0x0000000100000000, 0x0000000100000000)
 Metaspace       used 47993K, capacity 49393K, committed 49568K, reserved 1093632K
  class space    used 5478K, capacity 5834K, committed 5856K, reserved 1048576K
}
2020-11-10T19:16:25.805+0700: 31.263: [Rescan (parallel) , 0.0119985 secs]2020-11-10T19:16:25.817+0700: 31.275: [weak refs processing, 0.0041082 secs]2020-11-10T19:16:25.821+0700: 31.279: [class unloading, 0.0114569 secs]2020-11-10T19:16:25.833+0700: 31.291: [scrub symbol table, 0.0167976 secs]2020-11-10T19:16:25.849+0700: 31.308: [scrub string table, 0.0008406 secs][1 CMS-remark: 11011K(393216K)] 32835K(502464K), 0.0885244 secs] [Times: user=0.14 sys=0.00, real=0.09 secs] 
2020-11-10T19:16:25.851+0700: 31.309: Total time for which application threads were stopped: 0.0887306 seconds, Stopping threads took: 0.0000497 seconds
2020-11-10T19:16:25.852+0700: 31.311: [CMS-concurrent-sweep-start]
2020-11-10T19:16:25.860+0700: 31.319: [CMS-concurrent-sweep: 0.008/0.008 secs] [Times: user=0.01 sys=0.00, real=0.01 secs] 
2020-11-10T19:16:25.861+0700: 31.319: [CMS-concurrent-reset-start]
2020-11-10T19:16:25.865+0700: 31.323: [CMS-concurrent-reset: 0.004/0.004 secs] [Times: user=0.01 sys=0.00, real=0.00 secs] 
2020-11-10T19:16:26.851+0700: 32.309: Total time for which application threads were stopped: 0.0002330 seconds, Stopping threads took: 0.0000676 seconds
2020-11-10T19:16:27.851+0700: 33.310: Total time for which application threads were stopped: 0.0002524 seconds, Stopping threads took: 0.0000938 seconds
2020-11-10T19:16:29.852+0700: 35.310: Total time for which application threads were stopped: 0.0002335 seconds, Stopping threads took: 0.0000548 seconds
2020-11-10T19:16:30.728+0700: 36.186: Total time for which application threads were stopped: 0.0002561 seconds, Stopping threads took: 0.0000575 seconds
2020-11-10T19:16:30.728+0700: 36.186: Total time for which application threads were stopped: 0.0001238 seconds, Stopping threads took: 0.0000232 seconds
2020-11-10T19:16:30.740+0700: 36.198: Total time for which application threads were stopped: 0.0004780 seconds, Stopping threads took: 0.0000885 seconds
2020-11-10T19:16:30.741+0700: 36.199: Total time for which application threads were stopped: 0.0003341 seconds, Stopping threads took: 0.0000490 seconds
2020-11-10T19:16:30.741+0700: 36.199: Total time for which application threads were stopped: 0.0002964 seconds, Stopping threads took: 0.0000468 seconds
2020-11-10T19:16:33.534+0700: 38.992: Total time for which application threads were stopped: 0.0002597 seconds, Stopping threads took: 0.0001003 seconds
2020-11-10T19:16:33.556+0700: 39.014: Total time for which application threads were stopped: 0.0002015 seconds, Stopping threads took: 0.0000573 seconds
2020-11-10T19:16:33.571+0700: 39.029: Total time for which application threads were stopped: 0.0010762 seconds, Stopping threads took: 0.0000564 seconds
2020-11-10T19:16:33.586+0700: 39.045: Total time for which application threads were stopped: 0.0002056 seconds, Stopping threads took: 0.0000569 seconds
2020-11-10T19:16:34.587+0700: 40.045: Total time for which application threads were stopped: 0.0002124 seconds, Stopping threads took: 0.0000579 seconds
2020-11-10T19:16:58.182+0700: 63.640: Total time for which application threads were stopped: 0.0011244 seconds, Stopping threads took: 0.0001082 seconds
2020-11-10T19:16:58.236+0700: 63.694: Total time for which application threads were stopped: 0.0010532 seconds, Stopping threads took: 0.0000857 seconds
2020-11-10T19:16:58.274+0700: 63.733: Total time for which application threads were stopped: 0.0002172 seconds, Stopping threads took: 0.0000777 seconds
2020-11-10T19:16:59.275+0700: 64.733: Total time for which application threads were stopped: 0.0002362 seconds, Stopping threads took: 0.0000572 seconds
2020-11-10T19:17:00.213+0700: 65.671: Total time for which application threads were stopped: 0.0002168 seconds, Stopping threads took: 0.0000582 seconds
2020-11-10T19:17:11.960+0700: 77.418: Total time for which application threads were stopped: 0.0002383 seconds, Stopping threads took: 0.0000615 seconds
2020-11-10T19:17:30.741+0700: 96.200: Total time for which application threads were stopped: 0.0002215 seconds, Stopping threads took: 0.0000598 seconds
2020-11-10T19:17:58.744+0700: 124.202: Total time for which application threads were stopped: 0.0002413 seconds, Stopping threads took: 0.0001040 seconds
2020-11-10T19:18:20.745+0700: 146.203: Total time for which application threads were stopped: 0.0001832 seconds, Stopping threads took: 0.0000539 seconds
2020-11-10T19:18:21.746+0700: 147.204: Total time for which application threads were stopped: 0.0001895 seconds, Stopping threads took: 0.0000546 seconds
2020-11-10T19:18:33.568+0700: 159.026: Total time for which application threads were stopped: 0.0001801 seconds, Stopping threads took: 0.0000393 seconds
2020-11-10T19:18:33.568+0700: 159.026: Total time for which application threads were stopped: 0.0000655 seconds, Stopping threads took: 0.0000124 seconds
2020-11-10T19:18:33.585+0700: 159.043: Total time for which application threads were stopped: 0.0002016 seconds, Stopping threads took: 0.0000575 seconds
2020-11-10T19:18:33.586+0700: 159.044: Total time for which application threads were stopped: 0.0009888 seconds, Stopping threads took: 0.0008567 seconds
2020-11-10T19:18:33.610+0700: 159.068: Total time for which application threads were stopped: 0.0002227 seconds, Stopping threads took: 0.0000499 seconds
2020-11-10T19:18:33.610+0700: 159.069: Total time for which application threads were stopped: 0.0001672 seconds, Stopping threads took: 0.0000899 seconds
2020-11-10T19:18:33.617+0700: 159.075: Total time for which application threads were stopped: 0.0002527 seconds, Stopping threads took: 0.0000827 seconds
2020-11-10T19:18:33.617+0700: 159.075: Total time for which application threads were stopped: 0.0000900 seconds, Stopping threads took: 0.0000284 seconds
{Heap before GC invocations=12 (full 2):
 par new generation   total 109248K, used 109248K [0x00000000e0000000, 0x00000000e8000000, 0x00000000e8000000)
  eden space 87424K, 100% used [0x00000000e0000000, 0x00000000e5560000, 0x00000000e5560000)
  from space 21824K, 100% used [0x00000000e5560000, 0x00000000e6ab0000, 0x00000000e6ab0000)
  to   space 21824K,   0% used [0x00000000e6ab0000, 0x00000000e6ab0000, 0x00000000e8000000)
 concurrent mark-sweep generation total 393216K, used 11000K [0x00000000e8000000, 0x0000000100000000, 0x0000000100000000)
 Metaspace       used 48630K, capacity 50043K, committed 50208K, reserved 1093632K
  class space    used 5561K, capacity 5927K, committed 5984K, reserved 1048576K
2020-11-10T19:18:33.904+0700: 159.363: [GC (Allocation Failure) 2020-11-10T19:18:33.905+0700: 159.363: [ParNew
Desired survivor size 20112992 bytes, new threshold 8 (max 8)
- age   1:    2437352 bytes,    2437352 total
- age   2:    5285736 bytes,    7723088 total
- age   3:    4943024 bytes,   12666112 total
- age   4:     914648 bytes,   13580760 total
- age   5:    1678368 bytes,   15259128 total
- age   6:     128184 bytes,   15387312 total
- age   7:     312880 bytes,   15700192 total
- age   8:     180000 bytes,   15880192 total
: 109248K->21824K(109248K), 0.0416505 secs] 120248K->33626K(502464K), 0.0418047 secs] [Times: user=0.08 sys=0.00, real=0.04 secs] 
Heap after GC invocations=13 (full 2):
 par new generation   total 109248K, used 21824K [0x00000000e0000000, 0x00000000e8000000, 0x00000000e8000000)
  eden space 87424K,   0% used [0x00000000e0000000, 0x00000000e0000000, 0x00000000e5560000)
  from space 21824K, 100% used [0x00000000e6ab0000, 0x00000000e8000000, 0x00000000e8000000)
  to   space 21824K,   0% used [0x00000000e5560000, 0x00000000e5560000, 0x00000000e6ab0000)
 concurrent mark-sweep generation total 393216K, used 11802K [0x00000000e8000000, 0x0000000100000000, 0x0000000100000000)
 Metaspace       used 48630K, capacity 50043K, committed 50208K, reserved 1093632K
  class space    used 5561K, capacity 5927K, committed 5984K, reserved 1048576K
}
2020-11-10T19:18:33.946+0700: 159.405: Total time for which application threads were stopped: 0.0422439 seconds, Stopping threads took: 0.0000619 seconds
2020-11-10T19:18:33.948+0700: 159.406: Total time for which application threads were stopped: 0.0002936 seconds, Stopping threads took: 0.0000779 seconds
2020-11-10T19:18:33.948+0700: 159.406: Total time for which application threads were stopped: 0.0000781 seconds, Stopping threads took: 0.0000314 seconds
2020-11-10T19:18:33.951+0700: 159.409: Total time for which application threads were stopped: 0.0002473 seconds, Stopping threads took: 0.0001028 seconds
2020-11-10T19:18:33.951+0700: 159.409: Total time for which application threads were stopped: 0.0001036 seconds, Stopping threads took: 0.0000375 seconds
2020-11-10T19:18:33.951+0700: 159.409: Total time for which application threads were stopped: 0.0001042 seconds, Stopping threads took: 0.0000584 seconds
2020-11-10T19:18:34.031+0700: 159.490: Total time for which application threads were stopped: 0.0002976 seconds, Stopping threads took: 0.0000573 seconds
2020-11-10T19:18:34.067+0700: 159.525: Total time for which application threads were stopped: 0.0002224 seconds, Stopping threads took: 0.0000520 seconds
2020-11-10T19:18:34.091+0700: 159.549: Total time for which application threads were stopped: 0.0002680 seconds, Stopping threads took: 0.0000577 seconds
{Heap before GC invocations=13 (full 2):
 par new generation   total 109248K, used 109248K [0x00000000e0000000, 0x00000000e8000000, 0x00000000e8000000)
  eden space 87424K, 100% used [0x00000000e0000000, 0x00000000e5560000, 0x00000000e5560000)
  from space 21824K, 100% used [0x00000000e6ab0000, 0x00000000e8000000, 0x00000000e8000000)
  to   space 21824K,   0% used [0x00000000e5560000, 0x00000000e5560000, 0x00000000e6ab0000)
 concurrent mark-sweep generation total 393216K, used 11802K [0x00000000e8000000, 0x0000000100000000, 0x0000000100000000)
 Metaspace       used 48635K, capacity 50043K, committed 50208K, reserved 1093632K
  class space    used 5561K, capacity 5927K, committed 5984K, reserved 1048576K
2020-11-10T19:18:34.149+0700: 159.607: [GC (Allocation Failure) 2020-11-10T19:18:34.149+0700: 159.607: [ParNew
Desired survivor size 20112992 bytes, new threshold 8 (max 8)
- age   1:     255024 bytes,     255024 total
- age   2:    1769872 bytes,    2024896 total
- age   3:    5281064 bytes,    7305960 total
- age   4:    4943024 bytes,   12248984 total
- age   5:     914648 bytes,   13163632 total
- age   6:    1678368 bytes,   14842000 total
- age   7:     128184 bytes,   14970184 total
- age   8:     312880 bytes,   15283064 total
: 109248K->21375K(109248K), 0.0278399 secs] 121050K->33359K(502464K), 0.0279991 secs] [Times: user=0.06 sys=0.00, real=0.02 secs] 
Heap after GC invocations=14 (full 2):
 par new generation   total 109248K, used 21375K [0x00000000e0000000, 0x00000000e8000000, 0x00000000e8000000)
  eden space 87424K,   0% used [0x00000000e0000000, 0x00000000e0000000, 0x00000000e5560000)
  from space 21824K,  97% used [0x00000000e5560000, 0x00000000e6a3ff60, 0x00000000e6ab0000)
  to   space 21824K,   0% used [0x00000000e6ab0000, 0x00000000e6ab0000, 0x00000000e8000000)
 concurrent mark-sweep generation total 393216K, used 11983K [0x00000000e8000000, 0x0000000100000000, 0x0000000100000000)
 Metaspace       used 48635K, capacity 50043K, committed 50208K, reserved 1093632K
  class space    used 5561K, capacity 5927K, committed 5984K, reserved 1048576K
}
2020-11-10T19:18:34.177+0700: 159.635: Total time for which application threads were stopped: 0.0283348 seconds, Stopping threads took: 0.0000578 seconds
2020-11-10T19:18:34.182+0700: 159.641: Total time for which application threads were stopped: 0.0008028 seconds, Stopping threads took: 0.0006350 seconds
2020-11-10T19:18:34.400+0700: 159.859: Total time for which application threads were stopped: 0.0029366 seconds, Stopping threads took: 0.0027339 seconds
2020-11-10T19:18:34.402+0700: 159.860: Total time for which application threads were stopped: 0.0002638 seconds, Stopping threads took: 0.0000752 seconds
2020-11-10T19:18:34.494+0700: 159.952: Total time for which application threads were stopped: 0.0002581 seconds, Stopping threads took: 0.0000728 seconds
2020-11-10T19:18:34.505+0700: 159.963: Total time for which application threads were stopped: 0.0002413 seconds, Stopping threads took: 0.0000887 seconds
2020-11-10T19:18:35.505+0700: 160.963: Total time for which application threads were stopped: 0.0002013 seconds, Stopping threads took: 0.0000577 seconds
2020-11-10T19:18:58.310+0700: 183.768: Total time for which application threads were stopped: 0.0030426 seconds, Stopping threads took: 0.0028303 seconds
2020-11-10T19:18:59.311+0700: 184.769: Total time for which application threads were stopped: 0.0002184 seconds, Stopping threads took: 0.0000618 seconds
2020-11-10T19:18:59.347+0700: 184.806: Total time for which application threads were stopped: 0.0002245 seconds, Stopping threads took: 0.0000554 seconds
2020-11-10T19:18:59.378+0700: 184.836: Total time for which application threads were stopped: 0.0001694 seconds, Stopping threads took: 0.0000464 seconds
2020-11-10T19:18:59.378+0700: 184.837: Total time for which application threads were stopped: 0.0000532 seconds, Stopping threads took: 0.0000117 seconds
2020-11-10T19:18:59.378+0700: 184.837: Total time for which application threads were stopped: 0.0000507 seconds, Stopping threads took: 0.0000109 seconds
2020-11-10T19:18:59.379+0700: 184.837: Total time for which application threads were stopped: 0.0000490 seconds, Stopping threads took: 0.0000104 seconds
2020-11-10T19:18:59.379+0700: 184.837: Total time for which application threads were stopped: 0.0000483 seconds, Stopping threads took: 0.0000102 seconds
2020-11-10T19:18:59.379+0700: 184.837: Total time for which application threads were stopped: 0.0000482 seconds, Stopping threads took: 0.0000100 seconds
2020-11-10T19:18:59.379+0700: 184.837: Total time for which application threads were stopped: 0.0000478 seconds, Stopping threads took: 0.0000101 seconds
2020-11-10T19:18:59.379+0700: 184.837: Total time for which application threads were stopped: 0.0000480 seconds, Stopping threads took: 0.0000101 seconds
2020-11-10T19:18:59.379+0700: 184.837: Total time for which application threads were stopped: 0.0000475 seconds, Stopping threads took: 0.0000099 seconds
2020-11-10T19:18:59.379+0700: 184.837: Total time for which application threads were stopped: 0.0000476 seconds, Stopping threads took: 0.0000100 seconds
2020-11-10T19:18:59.379+0700: 184.837: Total time for which application threads were stopped: 0.0000485 seconds, Stopping threads took: 0.0000102 seconds
2020-11-10T19:18:59.379+0700: 184.837: Total time for which application threads were stopped: 0.0000478 seconds, Stopping threads took: 0.0000100 seconds
2020-11-10T19:18:59.379+0700: 184.837: Total time for which application threads were stopped: 0.0000509 seconds, Stopping threads took: 0.0000108 seconds
2020-11-10T19:18:59.379+0700: 184.837: Total time for which application threads were stopped: 0.0000479 seconds, Stopping threads took: 0.0000101 seconds
2020-11-10T19:18:59.379+0700: 184.838: Total time for which application threads were stopped: 0.0000562 seconds, Stopping threads took: 0.0000100 seconds
2020-11-10T19:18:59.379+0700: 184.838: Total time for which application threads were stopped: 0.0000491 seconds, Stopping threads took: 0.0000103 seconds
2020-11-10T19:18:59.380+0700: 184.838: Total time for which application threads were stopped: 0.0000477 seconds, Stopping threads took: 0.0000100 seconds
2020-11-10T19:18:59.380+0700: 184.838: Total time for which application threads were stopped: 0.0000478 seconds, Stopping threads took: 0.0000100 seconds
2020-11-10T19:18:59.380+0700: 184.838: Total time for which application threads were stopped: 0.0000476 seconds, Stopping threads took: 0.0000099 seconds
2020-11-10T19:18:59.380+0700: 184.838: Total time for which application threads were stopped: 0.0000478 seconds, Stopping threads took: 0.0000100 seconds
2020-11-10T19:18:59.380+0700: 184.838: Total time for which application threads were stopped: 0.0002154 seconds, Stopping threads took: 0.0000099 seconds
2020-11-10T19:18:59.380+0700: 184.838: Total time for which application threads were stopped: 0.0000599 seconds, Stopping threads took: 0.0000130 seconds
{Heap before GC invocations=14 (full 2):
 par new generation   total 109248K, used 108799K [0x00000000e0000000, 0x00000000e8000000, 0x00000000e8000000)
  eden space 87424K, 100% used [0x00000000e0000000, 0x00000000e5560000, 0x00000000e5560000)
  from space 21824K,  97% used [0x00000000e5560000, 0x00000000e6a3ff60, 0x00000000e6ab0000)
  to   space 21824K,   0% used [0x00000000e6ab0000, 0x00000000e6ab0000, 0x00000000e8000000)
 concurrent mark-sweep generation total 393216K, used 11983K [0x00000000e8000000, 0x0000000100000000, 0x0000000100000000)
 Metaspace       used 48824K, capacity 50183K, committed 50464K, reserved 1093632K
  class space    used 5574K, capacity 5929K, committed 5984K, reserved 1048576K
2020-11-10T19:18:59.563+0700: 185.021: [GC (Allocation Failure) 2020-11-10T19:18:59.563+0700: 185.021: [ParNew
Desired survivor size 20112992 bytes, new threshold 8 (max 8)
- age   1:    4944232 bytes,    4944232 total
- age   2:      84512 bytes,    5028744 total
- age   3:    1021016 bytes,    6049760 total
- age   4:    5280992 bytes,   11330752 total
- age   5:    4943024 bytes,   16273776 total
- age   6:     914632 bytes,   17188408 total
- age   7:    1674784 bytes,   18863192 total
- age   8:     128184 bytes,   18991376 total
: 108799K->21824K(109248K), 0.0362954 secs] 120783K->34165K(502464K), 0.0364519 secs] [Times: user=0.07 sys=0.01, real=0.04 secs] 
Heap after GC invocations=15 (full 2):
 par new generation   total 109248K, used 21824K [0x00000000e0000000, 0x00000000e8000000, 0x00000000e8000000)
  eden space 87424K,   0% used [0x00000000e0000000, 0x00000000e0000000, 0x00000000e5560000)
  from space 21824K, 100% used [0x00000000e6ab0000, 0x00000000e8000000, 0x00000000e8000000)
  to   space 21824K,   0% used [0x00000000e5560000, 0x00000000e5560000, 0x00000000e6ab0000)
 concurrent mark-sweep generation total 393216K, used 12341K [0x00000000e8000000, 0x0000000100000000, 0x0000000100000000)
 Metaspace       used 48824K, capacity 50183K, committed 50464K, reserved 1093632K
  class space    used 5574K, capacity 5929K, committed 5984K, reserved 1048576K
}
2020-11-10T19:18:59.599+0700: 185.058: Total time for which application threads were stopped: 0.0371276 seconds, Stopping threads took: 0.0003239 seconds
2020-11-10T19:18:59.605+0700: 185.063: Total time for which application threads were stopped: 0.0012109 seconds, Stopping threads took: 0.0010222 seconds
2020-11-10T19:18:59.605+0700: 185.063: Total time for which application threads were stopped: 0.0001298 seconds, Stopping threads took: 0.0000778 seconds
{Heap before GC invocations=15 (full 2):
 par new generation   total 109248K, used 109248K [0x00000000e0000000, 0x00000000e8000000, 0x00000000e8000000)
  eden space 87424K, 100% used [0x00000000e0000000, 0x00000000e5560000, 0x00000000e5560000)
  from space 21824K, 100% used [0x00000000e6ab0000, 0x00000000e8000000, 0x00000000e8000000)
  to   space 21824K,   0% used [0x00000000e5560000, 0x00000000e5560000, 0x00000000e6ab0000)
 concurrent mark-sweep generation total 393216K, used 12341K [0x00000000e8000000, 0x0000000100000000, 0x0000000100000000)
 Metaspace       used 48834K, capacity 50195K, committed 50464K, reserved 1093632K
  class space    used 5575K, capacity 5931K, committed 5984K, reserved 1048576K
2020-11-10T19:18:59.792+0700: 185.250: [GC (Allocation Failure) 2020-11-10T19:18:59.792+0700: 185.250: [ParNew
Desired survivor size 20112992 bytes, new threshold 8 (max 8)
- age   1:     240016 bytes,     240016 total
- age   2:    4361272 bytes,    4601288 total
- age   3:      76168 bytes,    4677456 total
- age   4:    1006832 bytes,    5684288 total
- age   5:    5280992 bytes,   10965280 total
- age   6:    4943024 bytes,   15908304 total
- age   7:     914632 bytes,   16822936 total
- age   8:    1674784 bytes,   18497720 total
: 109248K->21824K(109248K), 0.0452474 secs] 121589K->34422K(502464K), 0.0454266 secs] [Times: user=0.08 sys=0.00, real=0.04 secs] 
Heap after GC invocations=16 (full 2):
 par new generation   total 109248K, used 21824K [0x00000000e0000000, 0x00000000e8000000, 0x00000000e8000000)
  eden space 87424K,   0% used [0x00000000e0000000, 0x00000000e0000000, 0x00000000e5560000)
  from space 21824K, 100% used [0x00000000e5560000, 0x00000000e6ab0000, 0x00000000e6ab0000)
  to   space 21824K,   0% used [0x00000000e6ab0000, 0x00000000e6ab0000, 0x00000000e8000000)
 concurrent mark-sweep generation total 393216K, used 12598K [0x00000000e8000000, 0x0000000100000000, 0x0000000100000000)
 Metaspace       used 48834K, capacity 50195K, committed 50464K, reserved 1093632K
  class space    used 5575K, capacity 5931K, committed 5984K, reserved 1048576K
}
2020-11-10T19:18:59.837+0700: 185.295: Total time for which application threads were stopped: 0.0458670 seconds, Stopping threads took: 0.0000951 seconds
2020-11-10T19:18:59.840+0700: 185.298: Total time for which application threads were stopped: 0.0009788 seconds, Stopping threads took: 0.0007436 seconds
2020-11-10T19:19:00.010+0700: 185.468: Total time for which application threads were stopped: 0.0002326 seconds, Stopping threads took: 0.0000496 seconds
2020-11-10T19:19:00.016+0700: 185.474: Total time for which application threads were stopped: 0.0002355 seconds, Stopping threads took: 0.0000791 seconds
2020-11-10T19:19:00.017+0700: 185.475: Total time for which application threads were stopped: 0.0002098 seconds, Stopping threads took: 0.0000614 seconds
2020-11-10T19:19:00.024+0700: 185.482: Total time for which application threads were stopped: 0.0003420 seconds, Stopping threads took: 0.0001570 seconds
2020-11-10T19:19:00.059+0700: 185.517: Total time for which application threads were stopped: 0.0048938 seconds, Stopping threads took: 0.0045238 seconds
2020-11-10T19:19:00.125+0700: 185.583: Total time for which application threads were stopped: 0.0002226 seconds, Stopping threads took: 0.0000855 seconds
2020-11-10T19:19:00.125+0700: 185.583: Total time for which application threads were stopped: 0.0000694 seconds, Stopping threads took: 0.0000263 seconds
2020-11-10T19:19:00.126+0700: 185.584: Total time for which application threads were stopped: 0.0001945 seconds, Stopping threads took: 0.0000494 seconds
2020-11-10T19:19:00.126+0700: 185.585: Total time for which application threads were stopped: 0.0000996 seconds, Stopping threads took: 0.0000498 seconds
2020-11-10T19:19:00.127+0700: 185.585: Total time for which application threads were stopped: 0.0000722 seconds, Stopping threads took: 0.0000269 seconds
2020-11-10T19:19:00.127+0700: 185.585: Total time for which application threads were stopped: 0.0000846 seconds, Stopping threads took: 0.0000392 seconds
2020-11-10T19:19:00.127+0700: 185.585: Total time for which application threads were stopped: 0.0000653 seconds, Stopping threads took: 0.0000233 seconds
2020-11-10T19:19:00.131+0700: 185.589: Total time for which application threads were stopped: 0.0001628 seconds, Stopping threads took: 0.0000454 seconds
2020-11-10T19:19:00.132+0700: 185.590: Total time for which application threads were stopped: 0.0001466 seconds, Stopping threads took: 0.0000507 seconds
2020-11-10T19:19:00.132+0700: 185.590: Total time for which application threads were stopped: 0.0000762 seconds, Stopping threads took: 0.0000309 seconds
2020-11-10T19:19:00.132+0700: 185.590: Total time for which application threads were stopped: 0.0000646 seconds, Stopping threads took: 0.0000222 seconds
2020-11-10T19:19:00.132+0700: 185.591: Total time for which application threads were stopped: 0.0002516 seconds, Stopping threads took: 0.0000310 seconds
2020-11-10T19:19:00.148+0700: 185.606: Total time for which application threads were stopped: 0.0002436 seconds, Stopping threads took: 0.0000612 seconds
2020-11-10T19:19:00.149+0700: 185.607: Total time for which application threads were stopped: 0.0001823 seconds, Stopping threads took: 0.0000673 seconds
2020-11-10T19:19:00.153+0700: 185.612: Total time for which application threads were stopped: 0.0002406 seconds, Stopping threads took: 0.0000646 seconds
2020-11-10T19:19:00.154+0700: 185.612: Total time for which application threads were stopped: 0.0001219 seconds, Stopping threads took: 0.0000367 seconds
2020-11-10T19:19:01.154+0700: 186.612: Total time for which application threads were stopped: 0.0002436 seconds, Stopping threads took: 0.0000540 seconds
2020-11-10T19:19:08.498+0700: 193.956: Total time for which application threads were stopped: 0.0003267 seconds, Stopping threads took: 0.0000680 seconds
2020-11-10T19:19:08.498+0700: 193.956: Total time for which application threads were stopped: 0.0001688 seconds, Stopping threads took: 0.0000296 seconds
2020-11-10T19:19:08.499+0700: 193.958: Total time for which application threads were stopped: 0.0002726 seconds, Stopping threads took: 0.0000539 seconds
2020-11-10T19:19:08.500+0700: 193.958: Total time for which application threads were stopped: 0.0001648 seconds, Stopping threads took: 0.0000305 seconds
2020-11-10T19:19:08.514+0700: 193.972: Total time for which application threads were stopped: 0.0002667 seconds, Stopping threads took: 0.0000581 seconds
2020-11-10T19:19:08.514+0700: 193.972: Total time for which application threads were stopped: 0.0001238 seconds, Stopping threads took: 0.0000325 seconds
2020-11-10T19:19:08.515+0700: 193.973: Total time for which application threads were stopped: 0.0001837 seconds, Stopping threads took: 0.0000472 seconds
2020-11-10T19:19:08.515+0700: 193.974: Total time for which application threads were stopped: 0.0001362 seconds, Stopping threads took: 0.0000303 seconds
2020-11-10T19:19:11.763+0700: 197.221: Total time for which application threads were stopped: 0.0019655 seconds, Stopping threads took: 0.0017104 seconds
2020-11-10T19:19:11.768+0700: 197.226: Total time for which application threads were stopped: 0.0005273 seconds, Stopping threads took: 0.0003640 seconds
2020-11-10T19:19:11.769+0700: 197.227: Total time for which application threads were stopped: 0.0003854 seconds, Stopping threads took: 0.0002805 seconds
2020-11-10T19:19:11.787+0700: 197.246: Total time for which application threads were stopped: 0.0016140 seconds, Stopping threads took: 0.0013376 seconds
2020-11-10T19:19:11.790+0700: 197.248: Total time for which application threads were stopped: 0.0012821 seconds, Stopping threads took: 0.0010291 seconds
2020-11-10T19:19:11.790+0700: 197.248: Total time for which application threads were stopped: 0.0001627 seconds, Stopping threads took: 0.0000483 seconds
2020-11-10T19:19:11.803+0700: 197.261: Total time for which application threads were stopped: 0.0007637 seconds, Stopping threads took: 0.0005835 seconds
2020-11-10T19:19:11.803+0700: 197.261: Total time for which application threads were stopped: 0.0001368 seconds, Stopping threads took: 0.0000544 seconds
2020-11-10T19:19:11.808+0700: 197.266: Total time for which application threads were stopped: 0.0004664 seconds, Stopping threads took: 0.0003064 seconds
2020-11-10T19:19:11.808+0700: 197.266: Total time for which application threads were stopped: 0.0000933 seconds, Stopping threads took: 0.0000238 seconds
2020-11-10T19:19:12.808+0700: 198.266: Total time for which application threads were stopped: 0.0002124 seconds, Stopping threads took: 0.0000582 seconds
2020-11-10T19:19:25.735+0700: 211.193: Total time for which application threads were stopped: 0.0012227 seconds, Stopping threads took: 0.0000833 seconds
2020-11-10T19:19:25.759+0700: 211.218: Total time for which application threads were stopped: 0.0003154 seconds, Stopping threads took: 0.0000607 seconds
2020-11-10T19:19:25.760+0700: 211.218: Total time for which application threads were stopped: 0.0001550 seconds, Stopping threads took: 0.0000260 seconds
2020-11-10T19:19:25.786+0700: 211.245: Total time for which application threads were stopped: 0.0063089 seconds, Stopping threads took: 0.0060734 seconds
2020-11-10T19:19:25.787+0700: 211.245: Total time for which application threads were stopped: 0.0001352 seconds, Stopping threads took: 0.0000409 seconds
2020-11-10T19:19:26.787+0700: 212.245: Total time for which application threads were stopped: 0.0002352 seconds, Stopping threads took: 0.0000577 seconds
2020-11-10T19:19:27.240+0700: 212.698: Total time for which application threads were stopped: 0.0003016 seconds, Stopping threads took: 0.0000656 seconds
2020-11-10T19:19:27.240+0700: 212.698: Total time for which application threads were stopped: 0.0002057 seconds, Stopping threads took: 0.0000688 seconds
2020-11-10T19:19:27.249+0700: 212.707: Total time for which application threads were stopped: 0.0002458 seconds, Stopping threads took: 0.0000545 seconds
2020-11-10T19:19:27.249+0700: 212.707: Total time for which application threads were stopped: 0.0001414 seconds, Stopping threads took: 0.0000450 seconds
2020-11-10T19:19:27.277+0700: 212.735: Total time for which application threads were stopped: 0.0023943 seconds, Stopping threads took: 0.0021522 seconds
2020-11-10T19:19:27.277+0700: 212.735: Total time for which application threads were stopped: 0.0001457 seconds, Stopping threads took: 0.0000242 seconds
2020-11-10T19:19:27.281+0700: 212.739: Total time for which application threads were stopped: 0.0014082 seconds, Stopping threads took: 0.0000730 seconds
2020-11-10T19:19:27.286+0700: 212.744: Total time for which application threads were stopped: 0.0003516 seconds, Stopping threads took: 0.0002047 seconds
2020-11-10T19:19:27.286+0700: 212.745: Total time for which application threads were stopped: 0.0001890 seconds, Stopping threads took: 0.0000970 seconds
2020-11-10T19:19:28.287+0700: 213.745: Total time for which application threads were stopped: 0.0002130 seconds, Stopping threads took: 0.0000588 seconds
2020-11-10T19:19:28.791+0700: 214.249: Total time for which application threads were stopped: 0.0005703 seconds, Stopping threads took: 0.0001177 seconds
2020-11-10T19:19:28.791+0700: 214.249: Total time for which application threads were stopped: 0.0001741 seconds, Stopping threads took: 0.0000347 seconds
2020-11-10T19:19:28.810+0700: 214.268: Total time for which application threads were stopped: 0.0004511 seconds, Stopping threads took: 0.0000681 seconds
2020-11-10T19:19:28.811+0700: 214.269: Total time for which application threads were stopped: 0.0003475 seconds, Stopping threads took: 0.0000600 seconds
2020-11-10T19:19:28.811+0700: 214.269: Total time for which application threads were stopped: 0.0002922 seconds, Stopping threads took: 0.0000293 seconds
2020-11-10T19:19:30.440+0700: 215.898: Total time for which application threads were stopped: 0.0003225 seconds, Stopping threads took: 0.0001202 seconds
2020-11-10T19:19:30.440+0700: 215.899: Total time for which application threads were stopped: 0.0002353 seconds, Stopping threads took: 0.0000771 seconds
2020-11-10T19:19:30.451+0700: 215.909: Total time for which application threads were stopped: 0.0003931 seconds, Stopping threads took: 0.0000681 seconds
2020-11-10T19:19:30.451+0700: 215.909: Total time for which application threads were stopped: 0.0002076 seconds, Stopping threads took: 0.0000327 seconds
2020-11-10T19:19:30.479+0700: 215.937: Total time for which application threads were stopped: 0.0002364 seconds, Stopping threads took: 0.0000635 seconds
2020-11-10T19:19:30.479+0700: 215.937: Total time for which application threads were stopped: 0.0001016 seconds, Stopping threads took: 0.0000250 seconds
2020-11-10T19:19:32.711+0700: 218.169: Total time for which application threads were stopped: 0.0002474 seconds, Stopping threads took: 0.0000620 seconds
2020-11-10T19:19:33.712+0700: 219.170: Total time for which application threads were stopped: 0.0002085 seconds, Stopping threads took: 0.0000582 seconds
2020-11-10T19:19:39.934+0700: 225.392: Total time for which application threads were stopped: 0.0003625 seconds, Stopping threads took: 0.0001715 seconds
2020-11-10T19:19:39.936+0700: 225.394: Total time for which application threads were stopped: 0.0002501 seconds, Stopping threads took: 0.0000759 seconds
2020-11-10T19:19:39.956+0700: 225.414: Total time for which application threads were stopped: 0.0003761 seconds, Stopping threads took: 0.0001156 seconds
2020-11-10T19:19:39.956+0700: 225.414: Total time for which application threads were stopped: 0.0001929 seconds, Stopping threads took: 0.0000240 seconds
2020-11-10T19:19:39.966+0700: 225.424: Total time for which application threads were stopped: 0.0002572 seconds, Stopping threads took: 0.0000804 seconds
2020-11-10T19:19:39.981+0700: 225.439: Total time for which application threads were stopped: 0.0003071 seconds, Stopping threads took: 0.0001062 seconds
2020-11-10T19:19:39.981+0700: 225.440: Total time for which application threads were stopped: 0.0001595 seconds, Stopping threads took: 0.0000660 seconds
2020-11-10T19:19:40.982+0700: 226.440: Total time for which application threads were stopped: 0.0002174 seconds, Stopping threads took: 0.0000587 seconds
{Heap before GC invocations=16 (full 2):
 par new generation   total 109248K, used 109248K [0x00000000e0000000, 0x00000000e8000000, 0x00000000e8000000)
  eden space 87424K, 100% used [0x00000000e0000000, 0x00000000e5560000, 0x00000000e5560000)
  from space 21824K, 100% used [0x00000000e5560000, 0x00000000e6ab0000, 0x00000000e6ab0000)
  to   space 21824K,   0% used [0x00000000e6ab0000, 0x00000000e6ab0000, 0x00000000e8000000)
 concurrent mark-sweep generation total 393216K, used 12598K [0x00000000e8000000, 0x0000000100000000, 0x0000000100000000)
 Metaspace       used 49127K, capacity 50597K, committed 50720K, reserved 1093632K
  class space    used 5589K, capacity 5948K, committed 5984K, reserved 1048576K
2020-11-10T19:19:42.908+0700: 228.366: [GC (Allocation Failure) 2020-11-10T19:19:42.908+0700: 228.366: [ParNew
Desired survivor size 20112992 bytes, new threshold 8 (max 8)
- age   1:    3148608 bytes,    3148608 total
- age   2:      83464 bytes,    3232072 total
- age   3:    1812656 bytes,    5044728 total
- age   4:      76168 bytes,    5120896 total
- age   5:    1003264 bytes,    6124160 total
- age   6:    5279704 bytes,   11403864 total
- age   7:    4943000 bytes,   16346864 total
- age   8:     914528 bytes,   17261392 total
: 109248K->21364K(109248K), 0.0695325 secs] 121846K->35612K(502464K), 0.0697194 secs] [Times: user=0.13 sys=0.01, real=0.07 secs] 
Heap after GC invocations=17 (full 2):
 par new generation   total 109248K, used 21364K [0x00000000e0000000, 0x00000000e8000000, 0x00000000e8000000)
  eden space 87424K,   0% used [0x00000000e0000000, 0x00000000e0000000, 0x00000000e5560000)
  from space 21824K,  97% used [0x00000000e6ab0000, 0x00000000e7f8d310, 0x00000000e8000000)
  to   space 21824K,   0% used [0x00000000e5560000, 0x00000000e5560000, 0x00000000e6ab0000)
 concurrent mark-sweep generation total 393216K, used 14247K [0x00000000e8000000, 0x0000000100000000, 0x0000000100000000)
 Metaspace       used 49127K, capacity 50597K, committed 50720K, reserved 1093632K
  class space    used 5589K, capacity 5948K, committed 5984K, reserved 1048576K
}
2020-11-10T19:19:42.977+0700: 228.436: Total time for which application threads were stopped: 0.0710736 seconds, Stopping threads took: 0.0009754 seconds
2020-11-10T19:19:42.981+0700: 228.439: Total time for which application threads were stopped: 0.0002188 seconds, Stopping threads took: 0.0000756 seconds
2020-11-10T19:19:42.992+0700: 228.451: Total time for which application threads were stopped: 0.0002808 seconds, Stopping threads took: 0.0000515 seconds
2020-11-10T19:19:42.993+0700: 228.451: Total time for which application threads were stopped: 0.0001233 seconds, Stopping threads took: 0.0000232 seconds
2020-11-10T19:19:42.998+0700: 228.457: Total time for which application threads were stopped: 0.0003017 seconds, Stopping threads took: 0.0000995 seconds
2020-11-10T19:19:42.999+0700: 228.457: Total time for which application threads were stopped: 0.0001942 seconds, Stopping threads took: 0.0000612 seconds
2020-11-10T19:19:51.646+0700: 237.104: Total time for which application threads were stopped: 0.0003329 seconds, Stopping threads took: 0.0000905 seconds
2020-11-10T19:19:51.646+0700: 237.104: Total time for which application threads were stopped: 0.0001771 seconds, Stopping threads took: 0.0000301 seconds
2020-11-10T19:19:51.657+0700: 237.115: Total time for which application threads were stopped: 0.0002607 seconds, Stopping threads took: 0.0000734 seconds
2020-11-10T19:19:51.658+0700: 237.116: Total time for which application threads were stopped: 0.0001254 seconds, Stopping threads took: 0.0000315 seconds
2020-11-10T19:19:53.827+0700: 239.285: Total time for which application threads were stopped: 0.0003675 seconds, Stopping threads took: 0.0001008 seconds
2020-11-10T19:19:53.827+0700: 239.285: Total time for which application threads were stopped: 0.0002178 seconds, Stopping threads took: 0.0000627 seconds
2020-11-10T19:19:53.837+0700: 239.295: Total time for which application threads were stopped: 0.0006911 seconds, Stopping threads took: 0.0004845 seconds
2020-11-10T19:19:53.837+0700: 239.295: Total time for which application threads were stopped: 0.0001504 seconds, Stopping threads took: 0.0000649 seconds
2020-11-10T19:19:54.837+0700: 240.295: Total time for which application threads were stopped: 0.0002165 seconds, Stopping threads took: 0.0000549 seconds
2020-11-10T19:19:56.474+0700: 241.932: Total time for which application threads were stopped: 0.0003308 seconds, Stopping threads took: 0.0000571 seconds
2020-11-10T19:19:56.475+0700: 241.933: Total time for which application threads were stopped: 0.0015638 seconds, Stopping threads took: 0.0013699 seconds
2020-11-10T19:19:56.483+0700: 241.941: Total time for which application threads were stopped: 0.0003885 seconds, Stopping threads took: 0.0001211 seconds
2020-11-10T19:19:56.483+0700: 241.941: Total time for which application threads were stopped: 0.0002324 seconds, Stopping threads took: 0.0000576 seconds
2020-11-10T19:19:57.381+0700: 242.839: Total time for which application threads were stopped: 0.0005510 seconds, Stopping threads took: 0.0001200 seconds
2020-11-10T19:19:57.381+0700: 242.840: Total time for which application threads were stopped: 0.0003646 seconds, Stopping threads took: 0.0001003 seconds
2020-11-10T19:19:57.405+0700: 242.864: Total time for which application threads were stopped: 0.0002862 seconds, Stopping threads took: 0.0000878 seconds
2020-11-10T19:19:57.406+0700: 242.864: Total time for which application threads were stopped: 0.0000990 seconds, Stopping threads took: 0.0000252 seconds
2020-11-10T19:19:58.406+0700: 243.864: Total time for which application threads were stopped: 0.0002173 seconds, Stopping threads took: 0.0000620 seconds
2020-11-10T19:20:06.803+0700: 252.261: Total time for which application threads were stopped: 0.0004646 seconds, Stopping threads took: 0.0001822 seconds
2020-11-10T19:20:06.803+0700: 252.261: Total time for which application threads were stopped: 0.0001712 seconds, Stopping threads took: 0.0000256 seconds
2020-11-10T19:20:06.806+0700: 252.264: Total time for which application threads were stopped: 0.0003002 seconds, Stopping threads took: 0.0000549 seconds
2020-11-10T19:20:06.806+0700: 252.264: Total time for which application threads were stopped: 0.0001743 seconds, Stopping threads took: 0.0000246 seconds
2020-11-10T19:20:06.817+0700: 252.275: Total time for which application threads were stopped: 0.0002375 seconds, Stopping threads took: 0.0000519 seconds
2020-11-10T19:20:06.817+0700: 252.276: Total time for which application threads were stopped: 0.0001330 seconds, Stopping threads took: 0.0000206 seconds
2020-11-10T19:20:06.821+0700: 252.279: Total time for which application threads were stopped: 0.0001888 seconds, Stopping threads took: 0.0000510 seconds
2020-11-10T19:20:06.821+0700: 252.279: Total time for which application threads were stopped: 0.0000911 seconds, Stopping threads took: 0.0000194 seconds
2020-11-10T19:20:17.694+0700: 263.152: Total time for which application threads were stopped: 0.0003599 seconds, Stopping threads took: 0.0000663 seconds
2020-11-10T19:20:17.694+0700: 263.152: Total time for which application threads were stopped: 0.0002229 seconds, Stopping threads took: 0.0000315 seconds
2020-11-10T19:20:17.706+0700: 263.164: Total time for which application threads were stopped: 0.0002362 seconds, Stopping threads took: 0.0000782 seconds
2020-11-10T19:20:17.706+0700: 263.164: Total time for which application threads were stopped: 0.0001227 seconds, Stopping threads took: 0.0000277 seconds
2020-11-10T19:20:30.973+0700: 276.431: Total time for which application threads were stopped: 0.0046169 seconds, Stopping threads took: 0.0043515 seconds
2020-11-10T19:20:30.974+0700: 276.432: Total time for which application threads were stopped: 0.0003044 seconds, Stopping threads took: 0.0001249 seconds
2020-11-10T19:20:30.977+0700: 276.435: Total time for which application threads were stopped: 0.0002514 seconds, Stopping threads took: 0.0001049 seconds
2020-11-10T19:20:30.977+0700: 276.435: Total time for which application threads were stopped: 0.0001281 seconds, Stopping threads took: 0.0000533 seconds
2020-11-10T19:20:31.977+0700: 277.436: Total time for which application threads were stopped: 0.0002757 seconds, Stopping threads took: 0.0000588 seconds
2020-11-10T19:20:34.208+0700: 279.667: Total time for which application threads were stopped: 0.0002633 seconds, Stopping threads took: 0.0000650 seconds
2020-11-10T19:20:34.213+0700: 279.672: Total time for which application threads were stopped: 0.0003148 seconds, Stopping threads took: 0.0000906 seconds
2020-11-10T19:20:34.214+0700: 279.672: Total time for which application threads were stopped: 0.0001728 seconds, Stopping threads took: 0.0000600 seconds
2020-11-10T19:20:34.225+0700: 279.683: Total time for which application threads were stopped: 0.0003091 seconds, Stopping threads took: 0.0000690 seconds
2020-11-10T19:20:34.225+0700: 279.683: Total time for which application threads were stopped: 0.0001745 seconds, Stopping threads took: 0.0000303 seconds
2020-11-10T19:20:34.242+0700: 279.700: Total time for which application threads were stopped: 0.0004571 seconds, Stopping threads took: 0.0002558 seconds
2020-11-10T19:20:34.243+0700: 279.701: Total time for which application threads were stopped: 0.0001875 seconds, Stopping threads took: 0.0000734 seconds
2020-11-10T19:20:34.257+0700: 279.715: Total time for which application threads were stopped: 0.0002342 seconds, Stopping threads took: 0.0000494 seconds
2020-11-10T19:20:34.257+0700: 279.716: Total time for which application threads were stopped: 0.0001345 seconds, Stopping threads took: 0.0000310 seconds
2020-11-10T19:20:34.264+0700: 279.722: Total time for which application threads were stopped: 0.0002921 seconds, Stopping threads took: 0.0000761 seconds
2020-11-10T19:20:34.264+0700: 279.722: Total time for which application threads were stopped: 0.0001755 seconds, Stopping threads took: 0.0000419 seconds
2020-11-10T19:20:39.218+0700: 284.676: Total time for which application threads were stopped: 0.0002724 seconds, Stopping threads took: 0.0000559 seconds
2020-11-10T19:20:39.218+0700: 284.676: Total time for which application threads were stopped: 0.0001398 seconds, Stopping threads took: 0.0000270 seconds
2020-11-10T19:20:39.230+0700: 284.688: Total time for which application threads were stopped: 0.0007358 seconds, Stopping threads took: 0.0000776 seconds
2020-11-10T19:20:39.230+0700: 284.688: Total time for which application threads were stopped: 0.0002818 seconds, Stopping threads took: 0.0000313 seconds
2020-11-10T19:20:39.230+0700: 284.688: Total time for which application threads were stopped: 0.0002701 seconds, Stopping threads took: 0.0000250 seconds
2020-11-10T19:20:41.005+0700: 286.463: Total time for which application threads were stopped: 0.0003123 seconds, Stopping threads took: 0.0000550 seconds
2020-11-10T19:20:41.005+0700: 286.463: Total time for which application threads were stopped: 0.0001592 seconds, Stopping threads took: 0.0000263 seconds
2020-11-10T19:20:41.013+0700: 286.471: Total time for which application threads were stopped: 0.0003013 seconds, Stopping threads took: 0.0000978 seconds
2020-11-10T19:20:41.014+0700: 286.472: Total time for which application threads were stopped: 0.0002128 seconds, Stopping threads took: 0.0000581 seconds
{Heap before GC invocations=17 (full 2):
 par new generation   total 109248K, used 108760K [0x00000000e0000000, 0x00000000e8000000, 0x00000000e8000000)
  eden space 87424K,  99% used [0x00000000e0000000, 0x00000000e5558da0, 0x00000000e5560000)
  from space 21824K,  97% used [0x00000000e6ab0000, 0x00000000e7f8d310, 0x00000000e8000000)
  to   space 21824K,   0% used [0x00000000e5560000, 0x00000000e5560000, 0x00000000e6ab0000)
 concurrent mark-sweep generation total 393216K, used 14247K [0x00000000e8000000, 0x0000000100000000, 0x0000000100000000)
 Metaspace       used 49311K, capacity 50797K, committed 50976K, reserved 1093632K
  class space    used 5593K, capacity 5950K, committed 5984K, reserved 1048576K
2020-11-10T19:20:44.849+0700: 290.308: [GC (Allocation Failure) 2020-11-10T19:20:44.850+0700: 290.308: [ParNew
Desired survivor size 20112992 bytes, new threshold 8 (max 8)
- age   1:    2192000 bytes,    2192000 total
- age   2:    2811392 bytes,    5003392 total
- age   3:      83464 bytes,    5086856 total
- age   4:    1797360 bytes,    6884216 total
- age   5:      76168 bytes,    6960384 total
- age   6:    1000552 bytes,    7960936 total
- age   7:    5279560 bytes,   13240496 total
- age   8:    4943000 bytes,   18183496 total
: 108760K->21824K(109248K), 0.0381217 secs] 123007K->36992K(502464K), 0.0382761 secs] [Times: user=0.07 sys=0.00, real=0.04 secs] 
Heap after GC invocations=18 (full 2):
 par new generation   total 109248K, used 21824K [0x00000000e0000000, 0x00000000e8000000, 0x00000000e8000000)
  eden space 87424K,   0% used [0x00000000e0000000, 0x00000000e0000000, 0x00000000e5560000)
  from space 21824K, 100% used [0x00000000e5560000, 0x00000000e6ab0000, 0x00000000e6ab0000)
  to   space 21824K,   0% used [0x00000000e6ab0000, 0x00000000e6ab0000, 0x00000000e8000000)
 concurrent mark-sweep generation total 393216K, used 15168K [0x00000000e8000000, 0x0000000100000000, 0x0000000100000000)
 Metaspace       used 49311K, capacity 50797K, committed 50976K, reserved 1093632K
  class space    used 5593K, capacity 5950K, committed 5984K, reserved 1048576K
}
2020-11-10T19:20:44.888+0700: 290.346: Total time for which application threads were stopped: 0.0387267 seconds, Stopping threads took: 0.0000685 seconds
2020-11-10T19:20:44.889+0700: 290.347: Total time for which application threads were stopped: 0.0002880 seconds, Stopping threads took: 0.0001030 seconds
2020-11-10T19:20:44.889+0700: 290.347: Total time for which application threads were stopped: 0.0001459 seconds, Stopping threads took: 0.0000339 seconds
2020-11-10T19:20:44.889+0700: 290.347: Total time for which application threads were stopped: 0.0001272 seconds, Stopping threads took: 0.0000285 seconds
{Heap before GC invocations=18 (full 2):
 par new generation   total 109248K, used 109248K [0x00000000e0000000, 0x00000000e8000000, 0x00000000e8000000)
  eden space 87424K, 100% used [0x00000000e0000000, 0x00000000e5560000, 0x00000000e5560000)
  from space 21824K, 100% used [0x00000000e5560000, 0x00000000e6ab0000, 0x00000000e6ab0000)
  to   space 21824K,   0% used [0x00000000e6ab0000, 0x00000000e6ab0000, 0x00000000e8000000)
 concurrent mark-sweep generation total 393216K, used 15168K [0x00000000e8000000, 0x0000000100000000, 0x0000000100000000)
 Metaspace       used 49319K, capacity 50803K, committed 50976K, reserved 1093632K
  class space    used 5594K, capacity 5951K, committed 5984K, reserved 1048576K
2020-11-10T19:20:45.067+0700: 290.525: [GC (Allocation Failure) 2020-11-10T19:20:45.067+0700: 290.526: [ParNew
Desired survivor size 20112992 bytes, new threshold 8 (max 8)
- age   1:     231536 bytes,     231536 total
- age   2:    1604488 bytes,    1836024 total
- age   3:    2811392 bytes,    4647416 total
- age   4:      83464 bytes,    4730880 total
- age   5:    1797360 bytes,    6528240 total
- age   6:      76168 bytes,    6604408 total
- age   7:    1000552 bytes,    7604960 total
- age   8:    5279560 bytes,   12884520 total
: 109248K->21824K(109248K), 0.0610989 secs] 124416K->42682K(502464K), 0.0612880 secs] [Times: user=0.11 sys=0.01, real=0.07 secs] 
Heap after GC invocations=19 (full 2):
 par new generation   total 109248K, used 21824K [0x00000000e0000000, 0x00000000e8000000, 0x00000000e8000000)
  eden space 87424K,   0% used [0x00000000e0000000, 0x00000000e0000000, 0x00000000e5560000)
  from space 21824K, 100% used [0x00000000e6ab0000, 0x00000000e8000000, 0x00000000e8000000)
  to   space 21824K,   0% used [0x00000000e5560000, 0x00000000e5560000, 0x00000000e6ab0000)
 concurrent mark-sweep generation total 393216K, used 20858K [0x00000000e8000000, 0x0000000100000000, 0x0000000100000000)
 Metaspace       used 49319K, capacity 50803K, committed 50976K, reserved 1093632K
  class space    used 5594K, capacity 5951K, committed 5984K, reserved 1048576K
}
2020-11-10T19:20:45.129+0700: 290.587: Total time for which application threads were stopped: 0.0616670 seconds, Stopping threads took: 0.0000567 seconds
2020-11-10T19:20:45.137+0700: 290.595: Total time for which application threads were stopped: 0.0014554 seconds, Stopping threads took: 0.0011969 seconds
2020-11-10T19:20:45.223+0700: 290.682: Total time for which application threads were stopped: 0.0003160 seconds, Stopping threads took: 0.0000799 seconds
2020-11-10T19:20:45.256+0700: 290.714: Total time for which application threads were stopped: 0.0002355 seconds, Stopping threads took: 0.0000601 seconds
2020-11-10T19:20:45.347+0700: 290.805: Total time for which application threads were stopped: 0.0009419 seconds, Stopping threads took: 0.0007923 seconds
2020-11-10T19:20:45.348+0700: 290.806: Total time for which application threads were stopped: 0.0003006 seconds, Stopping threads took: 0.0000629 seconds
2020-11-10T19:20:45.349+0700: 290.807: Total time for which application threads were stopped: 0.0002021 seconds, Stopping threads took: 0.0000671 seconds
2020-11-10T19:20:45.353+0700: 290.811: Total time for which application threads were stopped: 0.0002245 seconds, Stopping threads took: 0.0000738 seconds
2020-11-10T19:20:45.375+0700: 290.833: Total time for which application threads were stopped: 0.0002664 seconds, Stopping threads took: 0.0000856 seconds
2020-11-10T19:20:45.375+0700: 290.833: Total time for which application threads were stopped: 0.0000940 seconds, Stopping threads took: 0.0000330 seconds
2020-11-10T19:20:45.377+0700: 290.835: Total time for which application threads were stopped: 0.0002141 seconds, Stopping threads took: 0.0000716 seconds
2020-11-10T19:20:45.377+0700: 290.835: Total time for which application threads were stopped: 0.0000807 seconds, Stopping threads took: 0.0000277 seconds
2020-11-10T19:20:45.382+0700: 290.841: Total time for which application threads were stopped: 0.0002757 seconds, Stopping threads took: 0.0000939 seconds
2020-11-10T19:20:45.386+0700: 290.844: Total time for which application threads were stopped: 0.0002309 seconds, Stopping threads took: 0.0000811 seconds
2020-11-10T19:20:45.390+0700: 290.848: Total time for which application threads were stopped: 0.0002537 seconds, Stopping threads took: 0.0000982 seconds
2020-11-10T19:20:45.398+0700: 290.857: Total time for which application threads were stopped: 0.0002226 seconds, Stopping threads took: 0.0000621 seconds
2020-11-10T19:20:45.418+0700: 290.876: Total time for which application threads were stopped: 0.0002570 seconds, Stopping threads took: 0.0000766 seconds
2020-11-10T19:20:45.452+0700: 290.910: Total time for which application threads were stopped: 0.0002870 seconds, Stopping threads took: 0.0000821 seconds
2020-11-10T19:20:45.452+0700: 290.911: Total time for which application threads were stopped: 0.0001398 seconds, Stopping threads took: 0.0000440 seconds
2020-11-10T19:20:45.453+0700: 290.911: Total time for which application threads were stopped: 0.0001020 seconds, Stopping threads took: 0.0000335 seconds
2020-11-10T19:20:45.461+0700: 290.919: Total time for which application threads were stopped: 0.0002413 seconds, Stopping threads took: 0.0000772 seconds
2020-11-10T19:20:45.518+0700: 290.976: Total time for which application threads were stopped: 0.0002488 seconds, Stopping threads took: 0.0000631 seconds
2020-11-10T19:20:45.519+0700: 290.977: Total time for which application threads were stopped: 0.0001872 seconds, Stopping threads took: 0.0000628 seconds
2020-11-10T19:20:45.521+0700: 290.979: Total time for which application threads were stopped: 0.0002279 seconds, Stopping threads took: 0.0000759 seconds
2020-11-10T19:20:45.521+0700: 290.979: Total time for which application threads were stopped: 0.0000768 seconds, Stopping threads took: 0.0000267 seconds
2020-11-10T19:20:45.521+0700: 290.979: Total time for which application threads were stopped: 0.0000693 seconds, Stopping threads took: 0.0000255 seconds
2020-11-10T19:20:45.521+0700: 290.980: Total time for which application threads were stopped: 0.0000643 seconds, Stopping threads took: 0.0000238 seconds
2020-11-10T19:20:45.521+0700: 290.980: Total time for which application threads were stopped: 0.0000942 seconds, Stopping threads took: 0.0000386 seconds
2020-11-10T19:20:45.522+0700: 290.980: Total time for which application threads were stopped: 0.0000691 seconds, Stopping threads took: 0.0000245 seconds
2020-11-10T19:20:45.522+0700: 290.980: Total time for which application threads were stopped: 0.0000716 seconds, Stopping threads took: 0.0000238 seconds
{Heap before GC invocations=19 (full 2):
 par new generation   total 109248K, used 109220K [0x00000000e0000000, 0x00000000e8000000, 0x00000000e8000000)
  eden space 87424K,  99% used [0x00000000e0000000, 0x00000000e55591b0, 0x00000000e5560000)
  from space 21824K, 100% used [0x00000000e6ab0000, 0x00000000e8000000, 0x00000000e8000000)
  to   space 21824K,   0% used [0x00000000e5560000, 0x00000000e5560000, 0x00000000e6ab0000)
 concurrent mark-sweep generation total 393216K, used 20858K [0x00000000e8000000, 0x0000000100000000, 0x0000000100000000)
 Metaspace       used 49697K, capacity 51219K, committed 51616K, reserved 1095680K
  class space    used 5626K, capacity 5999K, committed 6112K, reserved 1048576K
2020-11-10T19:20:46.468+0700: 291.926: [GC (Allocation Failure) 2020-11-10T19:20:46.468+0700: 291.926: [ParNew
Desired survivor size 20112992 bytes, new threshold 8 (max 8)
- age   1:    2597040 bytes,    2597040 total
- age   2:      76456 bytes,    2673496 total
- age   3:     851728 bytes,    3525224 total
- age   4:    2809664 bytes,    6334888 total
- age   5:      83464 bytes,    6418352 total
- age   6:    1796512 bytes,    8214864 total
- age   7:      76168 bytes,    8291032 total
- age   8:     993864 bytes,    9284896 total
: 109220K->15064K(109248K), 0.0504718 secs] 130078K->41095K(502464K), 0.0507381 secs] [Times: user=0.09 sys=0.00, real=0.05 secs] 
Heap after GC invocations=20 (full 2):
 par new generation   total 109248K, used 15064K [0x00000000e0000000, 0x00000000e8000000, 0x00000000e8000000)
  eden space 87424K,   0% used [0x00000000e0000000, 0x00000000e0000000, 0x00000000e5560000)
  from space 21824K,  69% used [0x00000000e5560000, 0x00000000e64162c0, 0x00000000e6ab0000)
  to   space 21824K,   0% used [0x00000000e6ab0000, 0x00000000e6ab0000, 0x00000000e8000000)
 concurrent mark-sweep generation total 393216K, used 26030K [0x00000000e8000000, 0x0000000100000000, 0x0000000100000000)
 Metaspace       used 49697K, capacity 51219K, committed 51616K, reserved 1095680K
  class space    used 5626K, capacity 5999K, committed 6112K, reserved 1048576K
}
2020-11-10T19:20:46.518+0700: 291.977: Total time for which application threads were stopped: 0.0513850 seconds, Stopping threads took: 0.0001299 seconds
2020-11-10T19:20:46.526+0700: 291.984: Total time for which application threads were stopped: 0.0011042 seconds, Stopping threads took: 0.0008510 seconds
2020-11-10T19:20:46.531+0700: 291.989: Total time for which application threads were stopped: 0.0012054 seconds, Stopping threads took: 0.0008422 seconds
2020-11-10T19:20:46.533+0700: 291.991: Total time for which application threads were stopped: 0.0011921 seconds, Stopping threads took: 0.0008056 seconds
2020-11-10T19:20:46.537+0700: 291.996: Total time for which application threads were stopped: 0.0010917 seconds, Stopping threads took: 0.0008276 seconds
2020-11-10T19:20:46.542+0700: 292.000: Total time for which application threads were stopped: 0.0003012 seconds, Stopping threads took: 0.0000614 seconds
2020-11-10T19:20:46.546+0700: 292.004: Total time for which application threads were stopped: 0.0002776 seconds, Stopping threads took: 0.0000904 seconds
2020-11-10T19:20:46.546+0700: 292.004: Total time for which application threads were stopped: 0.0001050 seconds, Stopping threads took: 0.0000181 seconds
2020-11-10T19:20:46.553+0700: 292.011: Total time for which application threads were stopped: 0.0002660 seconds, Stopping threads took: 0.0000916 seconds
2020-11-10T19:20:46.553+0700: 292.011: Total time for which application threads were stopped: 0.0000678 seconds, Stopping threads took: 0.0000160 seconds
{Heap before GC invocations=20 (full 2):
 par new generation   total 109248K, used 102483K [0x00000000e0000000, 0x00000000e8000000, 0x00000000e8000000)
  eden space 87424K,  99% used [0x00000000e0000000, 0x00000000e555eb78, 0x00000000e5560000)
  from space 21824K,  69% used [0x00000000e5560000, 0x00000000e64162c0, 0x00000000e6ab0000)
  to   space 21824K,   0% used [0x00000000e6ab0000, 0x00000000e6ab0000, 0x00000000e8000000)
 concurrent mark-sweep generation total 393216K, used 26030K [0x00000000e8000000, 0x0000000100000000, 0x0000000100000000)
 Metaspace       used 49704K, capacity 51219K, committed 51616K, reserved 1095680K
  class space    used 5626K, capacity 5999K, committed 6112K, reserved 1048576K
2020-11-10T19:20:46.732+0700: 292.191: [GC (Allocation Failure) 2020-11-10T19:20:46.733+0700: 292.191: [ParNew
Desired survivor size 20112992 bytes, new threshold 8 (max 8)
- age   1:     932008 bytes,     932008 total
- age   2:    1792320 bytes,    2724328 total
- age   3:      76456 bytes,    2800784 total
- age   4:     849640 bytes,    3650424 total
- age   5:    2809664 bytes,    6460088 total
- age   6:      83464 bytes,    6543552 total
- age   7:    1796512 bytes,    8340064 total
- age   8:      76168 bytes,    8416232 total
: 102483K->9337K(109248K), 0.0461362 secs] 128513K->36343K(502464K), 0.0463414 secs] [Times: user=0.09 sys=0.01, real=0.05 secs] 
Heap after GC invocations=21 (full 2):
 par new generation   total 109248K, used 9337K [0x00000000e0000000, 0x00000000e8000000, 0x00000000e8000000)
  eden space 87424K,   0% used [0x00000000e0000000, 0x00000000e0000000, 0x00000000e5560000)
  from space 21824K,  42% used [0x00000000e6ab0000, 0x00000000e73ce528, 0x00000000e8000000)
  to   space 21824K,   0% used [0x00000000e5560000, 0x00000000e5560000, 0x00000000e6ab0000)
 concurrent mark-sweep generation total 393216K, used 27005K [0x00000000e8000000, 0x0000000100000000, 0x0000000100000000)
 Metaspace       used 49704K, capacity 51219K, committed 51616K, reserved 1095680K
  class space    used 5626K, capacity 5999K, committed 6112K, reserved 1048576K
}
2020-11-10T19:20:46.779+0700: 292.237: Total time for which application threads were stopped: 0.0469014 seconds, Stopping threads took: 0.0000939 seconds
2020-11-10T19:20:46.779+0700: 292.237: Total time for which application threads were stopped: 0.0002243 seconds, Stopping threads took: 0.0000793 seconds
2020-11-10T19:20:46.780+0700: 292.238: Total time for which application threads were stopped: 0.0001908 seconds, Stopping threads took: 0.0000529 seconds
2020-11-10T19:20:46.999+0700: 292.458: Total time for which application threads were stopped: 0.0002561 seconds, Stopping threads took: 0.0000819 seconds
2020-11-10T19:20:47.000+0700: 292.458: Total time for which application threads were stopped: 0.0001619 seconds, Stopping threads took: 0.0000513 seconds
2020-11-10T19:20:47.005+0700: 292.463: Total time for which application threads were stopped: 0.0002903 seconds, Stopping threads took: 0.0000860 seconds
2020-11-10T19:20:47.029+0700: 292.487: Total time for which application threads were stopped: 0.0002759 seconds, Stopping threads took: 0.0000647 seconds
2020-11-10T19:20:47.099+0700: 292.557: Total time for which application threads were stopped: 0.0009974 seconds, Stopping threads took: 0.0008525 seconds
2020-11-10T19:20:47.099+0700: 292.557: Total time for which application threads were stopped: 0.0000774 seconds, Stopping threads took: 0.0000288 seconds
2020-11-10T19:20:47.099+0700: 292.557: Total time for which application threads were stopped: 0.0000781 seconds, Stopping threads took: 0.0000187 seconds
2020-11-10T19:20:47.099+0700: 292.557: Total time for which application threads were stopped: 0.0000571 seconds, Stopping threads took: 0.0000118 seconds
2020-11-10T19:20:47.099+0700: 292.557: Total time for which application threads were stopped: 0.0001396 seconds, Stopping threads took: 0.0000876 seconds
2020-11-10T19:20:47.100+0700: 292.559: Total time for which application threads were stopped: 0.0003605 seconds, Stopping threads took: 0.0000655 seconds
2020-11-10T19:20:47.124+0700: 292.582: Total time for which application threads were stopped: 0.0002834 seconds, Stopping threads took: 0.0000818 seconds
2020-11-10T19:20:47.124+0700: 292.582: Total time for which application threads were stopped: 0.0000981 seconds, Stopping threads took: 0.0000318 seconds
2020-11-10T19:20:47.124+0700: 292.582: Total time for which application threads were stopped: 0.0000856 seconds, Stopping threads took: 0.0000278 seconds
2020-11-10T19:20:47.124+0700: 292.582: Total time for which application threads were stopped: 0.0000815 seconds, Stopping threads took: 0.0000274 seconds
2020-11-10T19:20:47.124+0700: 292.583: Total time for which application threads were stopped: 0.0000856 seconds, Stopping threads took: 0.0000251 seconds
2020-11-10T19:20:47.125+0700: 292.583: Total time for which application threads were stopped: 0.0000791 seconds, Stopping threads took: 0.0000249 seconds
2020-11-10T19:20:47.125+0700: 292.583: Total time for which application threads were stopped: 0.0000856 seconds, Stopping threads took: 0.0000268 seconds
2020-11-10T19:20:47.125+0700: 292.583: Total time for which application threads were stopped: 0.0000868 seconds, Stopping threads took: 0.0000269 seconds
2020-11-10T19:20:47.125+0700: 292.583: Total time for which application threads were stopped: 0.0000868 seconds, Stopping threads took: 0.0000276 seconds
2020-11-10T19:20:47.125+0700: 292.583: Total time for which application threads were stopped: 0.0001069 seconds, Stopping threads took: 0.0000310 seconds
2020-11-10T19:20:47.125+0700: 292.583: Total time for which application threads were stopped: 0.0000850 seconds, Stopping threads took: 0.0000272 seconds
2020-11-10T19:20:47.125+0700: 292.584: Total time for which application threads were stopped: 0.0000901 seconds, Stopping threads took: 0.0000275 seconds
2020-11-10T19:20:47.125+0700: 292.584: Total time for which application threads were stopped: 0.0000814 seconds, Stopping threads took: 0.0000269 seconds
2020-11-10T19:20:47.126+0700: 292.584: Total time for which application threads were stopped: 0.0000746 seconds, Stopping threads took: 0.0000253 seconds
2020-11-10T19:20:47.126+0700: 292.584: Total time for which application threads were stopped: 0.0000719 seconds, Stopping threads took: 0.0000241 seconds
2020-11-10T19:20:47.126+0700: 292.584: Total time for which application threads were stopped: 0.0000849 seconds, Stopping threads took: 0.0000253 seconds
2020-11-10T19:20:47.126+0700: 292.584: Total time for which application threads were stopped: 0.0000866 seconds, Stopping threads took: 0.0000301 seconds
2020-11-10T19:20:47.126+0700: 292.584: Total time for which application threads were stopped: 0.0000840 seconds, Stopping threads took: 0.0000259 seconds
2020-11-10T19:20:47.126+0700: 292.584: Total time for which application threads were stopped: 0.0000786 seconds, Stopping threads took: 0.0000272 seconds
2020-11-10T19:20:47.127+0700: 292.585: Total time for which application threads were stopped: 0.0003650 seconds, Stopping threads took: 0.0000258 seconds
2020-11-10T19:20:47.127+0700: 292.585: Total time for which application threads were stopped: 0.0002085 seconds, Stopping threads took: 0.0000517 seconds
2020-11-10T19:20:47.134+0700: 292.592: Total time for which application threads were stopped: 0.0002791 seconds, Stopping threads took: 0.0001042 seconds
{Heap before GC invocations=21 (full 2):
 par new generation   total 109248K, used 96761K [0x00000000e0000000, 0x00000000e8000000, 0x00000000e8000000)
  eden space 87424K, 100% used [0x00000000e0000000, 0x00000000e5560000, 0x00000000e5560000)
  from space 21824K,  42% used [0x00000000e6ab0000, 0x00000000e73ce528, 0x00000000e8000000)
  to   space 21824K,   0% used [0x00000000e5560000, 0x00000000e5560000, 0x00000000e6ab0000)
 concurrent mark-sweep generation total 393216K, used 27005K [0x00000000e8000000, 0x0000000100000000, 0x0000000100000000)
 Metaspace       used 49842K, capacity 51391K, committed 51616K, reserved 1095680K
  class space    used 5635K, capacity 6011K, committed 6112K, reserved 1048576K
2020-11-10T19:20:47.136+0700: 292.594: [GC (Allocation Failure) 2020-11-10T19:20:47.136+0700: 292.594: [ParNew
Desired survivor size 20112992 bytes, new threshold 8 (max 8)
- age   1:    1439272 bytes,    1439272 total
- age   2:     135328 bytes,    1574600 total
- age   3:    1657944 bytes,    3232544 total
- age   4:      76456 bytes,    3309000 total
- age   5:     849224 bytes,    4158224 total
- age   6:    2809664 bytes,    6967888 total
- age   7:      83464 bytes,    7051352 total
- age   8:    1796176 bytes,    8847528 total
: 96761K->12603K(109248K), 0.0279592 secs] 123767K->39685K(502464K), 0.0281089 secs] [Times: user=0.05 sys=0.00, real=0.03 secs] 
Heap after GC invocations=22 (full 2):
 par new generation   total 109248K, used 12603K [0x00000000e0000000, 0x00000000e8000000, 0x00000000e8000000)
  eden space 87424K,   0% used [0x00000000e0000000, 0x00000000e0000000, 0x00000000e5560000)
  from space 21824K,  57% used [0x00000000e5560000, 0x00000000e61aec40, 0x00000000e6ab0000)
  to   space 21824K,   0% used [0x00000000e6ab0000, 0x00000000e6ab0000, 0x00000000e8000000)
 concurrent mark-sweep generation total 393216K, used 27082K [0x00000000e8000000, 0x0000000100000000, 0x0000000100000000)
 Metaspace       used 49842K, capacity 51391K, committed 51616K, reserved 1095680K
  class space    used 5635K, capacity 6011K, committed 6112K, reserved 1048576K
}
2020-11-10T19:20:47.164+0700: 292.622: Total time for which application threads were stopped: 0.0285268 seconds, Stopping threads took: 0.0001101 seconds
2020-11-10T19:20:47.168+0700: 292.626: Total time for which application threads were stopped: 0.0002478 seconds, Stopping threads took: 0.0000596 seconds
2020-11-10T19:20:47.170+0700: 292.628: Total time for which application threads were stopped: 0.0002658 seconds, Stopping threads took: 0.0000576 seconds
2020-11-10T19:20:47.174+0700: 292.632: Total time for which application threads were stopped: 0.0002601 seconds, Stopping threads took: 0.0000882 seconds
2020-11-10T19:20:47.174+0700: 292.632: Total time for which application threads were stopped: 0.0000874 seconds, Stopping threads took: 0.0000286 seconds
2020-11-10T19:20:47.217+0700: 292.675: Total time for which application threads were stopped: 0.0002029 seconds, Stopping threads took: 0.0000424 seconds
2020-11-10T19:20:47.217+0700: 292.675: Total time for which application threads were stopped: 0.0000731 seconds, Stopping threads took: 0.0000173 seconds
2020-11-10T19:20:47.217+0700: 292.675: Total time for which application threads were stopped: 0.0000520 seconds, Stopping threads took: 0.0000112 seconds
2020-11-10T19:20:47.217+0700: 292.675: Total time for which application threads were stopped: 0.0000505 seconds, Stopping threads took: 0.0000115 seconds
2020-11-10T19:20:47.217+0700: 292.675: Total time for which application threads were stopped: 0.0000777 seconds, Stopping threads took: 0.0000107 seconds
2020-11-10T19:20:47.217+0700: 292.675: Total time for which application threads were stopped: 0.0000865 seconds, Stopping threads took: 0.0000305 seconds
2020-11-10T19:20:47.217+0700: 292.676: Total time for which application threads were stopped: 0.0001147 seconds, Stopping threads took: 0.0000367 seconds
2020-11-10T19:20:47.218+0700: 292.676: Total time for which application threads were stopped: 0.0000762 seconds, Stopping threads took: 0.0000269 seconds
{Heap before GC invocations=22 (full 2):
 par new generation   total 109248K, used 100027K [0x00000000e0000000, 0x00000000e8000000, 0x00000000e8000000)
  eden space 87424K, 100% used [0x00000000e0000000, 0x00000000e5560000, 0x00000000e5560000)
  from space 21824K,  57% used [0x00000000e5560000, 0x00000000e61aec40, 0x00000000e6ab0000)
  to   space 21824K,   0% used [0x00000000e6ab0000, 0x00000000e6ab0000, 0x00000000e8000000)
 concurrent mark-sweep generation total 393216K, used 27082K [0x00000000e8000000, 0x0000000100000000, 0x0000000100000000)
 Metaspace       used 49869K, capacity 51391K, committed 51616K, reserved 1095680K
  class space    used 5635K, capacity 6011K, committed 6112K, reserved 1048576K
2020-11-10T19:20:47.445+0700: 292.903: [GC (Allocation Failure) 2020-11-10T19:20:47.445+0700: 292.903: [ParNew
Desired survivor size 20112992 bytes, new threshold 8 (max 8)
- age   1:    1904024 bytes,    1904024 total
- age   2:    1033032 bytes,    2937056 total
- age   3:     135240 bytes,    3072296 total
- age   4:    1494944 bytes,    4567240 total
- age   5:      76456 bytes,    4643696 total
- age   6:     848912 bytes,    5492608 total
- age   7:    2809664 bytes,    8302272 total
- age   8:      83464 bytes,    8385736 total
: 100027K->10081K(109248K), 0.0315181 secs] 127109K->38926K(502464K), 0.0317248 secs] [Times: user=0.05 sys=0.00, real=0.03 secs] 
Heap after GC invocations=23 (full 2):
 par new generation   total 109248K, used 10081K [0x00000000e0000000, 0x00000000e8000000, 0x00000000e8000000)
  eden space 87424K,   0% used [0x00000000e0000000, 0x00000000e0000000, 0x00000000e5560000)
  from space 21824K,  46% used [0x00000000e6ab0000, 0x00000000e7488400, 0x00000000e8000000)
  to   space 21824K,   0% used [0x00000000e5560000, 0x00000000e5560000, 0x00000000e6ab0000)
 concurrent mark-sweep generation total 393216K, used 28845K [0x00000000e8000000, 0x0000000100000000, 0x0000000100000000)
 Metaspace       used 49869K, capacity 51391K, committed 51616K, reserved 1095680K
  class space    used 5635K, capacity 6011K, committed 6112K, reserved 1048576K
}
2020-11-10T19:20:47.477+0700: 292.935: Total time for which application threads were stopped: 0.0321474 seconds, Stopping threads took: 0.0000821 seconds
2020-11-10T19:20:47.479+0700: 292.937: Total time for which application threads were stopped: 0.0002931 seconds, Stopping threads took: 0.0001052 seconds
2020-11-10T19:20:47.479+0700: 292.937: Total time for which application threads were stopped: 0.0000847 seconds, Stopping threads took: 0.0000304 seconds
2020-11-10T19:20:47.479+0700: 292.937: Total time for which application threads were stopped: 0.0001275 seconds, Stopping threads took: 0.0000315 seconds
2020-11-10T19:20:47.479+0700: 292.937: Total time for which application threads were stopped: 0.0001198 seconds, Stopping threads took: 0.0000264 seconds
{Heap before GC invocations=23 (full 2):
 par new generation   total 109248K, used 97505K [0x00000000e0000000, 0x00000000e8000000, 0x00000000e8000000)
  eden space 87424K, 100% used [0x00000000e0000000, 0x00000000e5560000, 0x00000000e5560000)
  from space 21824K,  46% used [0x00000000e6ab0000, 0x00000000e7488400, 0x00000000e8000000)
  to   space 21824K,   0% used [0x00000000e5560000, 0x00000000e5560000, 0x00000000e6ab0000)
 concurrent mark-sweep generation total 393216K, used 28845K [0x00000000e8000000, 0x0000000100000000, 0x0000000100000000)
 Metaspace       used 49871K, capacity 51391K, committed 51616K, reserved 1095680K
  class space    used 5635K, capacity 6011K, committed 6112K, reserved 1048576K
2020-11-10T19:20:47.665+0700: 293.123: [GC (Allocation Failure) 2020-11-10T19:20:47.665+0700: 293.123: [ParNew
Desired survivor size 20112992 bytes, new threshold 8 (max 8)
- age   1:     296304 bytes,     296304 total
- age   2:    1618992 bytes,    1915296 total
- age   3:    1031536 bytes,    2946832 total
- age   4:     135240 bytes,    3082072 total
- age   5:    1494696 bytes,    4576768 total
- age   6:      76456 bytes,    4653224 total
- age   7:     848912 bytes,    5502136 total
- age   8:    2809664 bytes,    8311800 total
: 97505K->11103K(109248K), 0.0260390 secs] 126350K->40032K(502464K), 0.0261809 secs] [Times: user=0.05 sys=0.00, real=0.03 secs] 
Heap after GC invocations=24 (full 2):
 par new generation   total 109248K, used 11103K [0x00000000e0000000, 0x00000000e8000000, 0x00000000e8000000)
  eden space 87424K,   0% used [0x00000000e0000000, 0x00000000e0000000, 0x00000000e5560000)
  from space 21824K,  50% used [0x00000000e5560000, 0x00000000e6037c60, 0x00000000e6ab0000)
  to   space 21824K,   0% used [0x00000000e6ab0000, 0x00000000e6ab0000, 0x00000000e8000000)
 concurrent mark-sweep generation total 393216K, used 28929K [0x00000000e8000000, 0x0000000100000000, 0x0000000100000000)
 Metaspace       used 49871K, capacity 51391K, committed 51616K, reserved 1095680K
  class space    used 5635K, capacity 6011K, committed 6112K, reserved 1048576K
}
2020-11-10T19:20:47.691+0700: 293.150: Total time for which application threads were stopped: 0.0265380 seconds, Stopping threads took: 0.0000565 seconds
2020-11-10T19:20:47.692+0700: 293.150: Total time for which application threads were stopped: 0.0002938 seconds, Stopping threads took: 0.0001053 seconds
2020-11-10T19:20:47.780+0700: 293.238: Total time for which application threads were stopped: 0.0002582 seconds, Stopping threads took: 0.0000806 seconds
2020-11-10T19:20:47.781+0700: 293.239: Total time for which application threads were stopped: 0.0001206 seconds, Stopping threads took: 0.0000293 seconds
2020-11-10T19:20:47.785+0700: 293.244: Total time for which application threads were stopped: 0.0002107 seconds, Stopping threads took: 0.0000543 seconds
2020-11-10T19:20:47.817+0700: 293.276: Total time for which application threads were stopped: 0.0002529 seconds, Stopping threads took: 0.0000478 seconds
2020-11-10T19:20:47.902+0700: 293.360: Total time for which application threads were stopped: 0.0002428 seconds, Stopping threads took: 0.0000899 seconds
2020-11-10T19:20:47.902+0700: 293.360: Total time for which application threads were stopped: 0.0000797 seconds, Stopping threads took: 0.0000287 seconds
2020-11-10T19:20:47.902+0700: 293.361: Total time for which application threads were stopped: 0.0001388 seconds, Stopping threads took: 0.0000797 seconds
2020-11-10T19:20:47.903+0700: 293.361: Total time for which application threads were stopped: 0.0001752 seconds, Stopping threads took: 0.0001188 seconds
2020-11-10T19:20:47.903+0700: 293.361: Total time for which application threads were stopped: 0.0000705 seconds, Stopping threads took: 0.0000218 seconds
2020-11-10T19:20:47.903+0700: 293.361: Total time for which application threads were stopped: 0.0000672 seconds, Stopping threads took: 0.0000231 seconds
2020-11-10T19:20:47.903+0700: 293.361: Total time for which application threads were stopped: 0.0000892 seconds, Stopping threads took: 0.0000107 seconds
2020-11-10T19:20:47.903+0700: 293.361: Total time for which application threads were stopped: 0.0000597 seconds, Stopping threads took: 0.0000143 seconds
2020-11-10T19:20:47.903+0700: 293.361: Total time for which application threads were stopped: 0.0000831 seconds, Stopping threads took: 0.0000202 seconds
2020-11-10T19:20:47.938+0700: 293.396: Total time for which application threads were stopped: 0.0003484 seconds, Stopping threads took: 0.0001162 seconds
2020-11-10T19:20:47.938+0700: 293.396: Total time for which application threads were stopped: 0.0000931 seconds, Stopping threads took: 0.0000335 seconds
2020-11-10T19:20:47.938+0700: 293.396: Total time for which application threads were stopped: 0.0000810 seconds, Stopping threads took: 0.0000271 seconds
2020-11-10T19:20:47.938+0700: 293.397: Total time for which application threads were stopped: 0.0000773 seconds, Stopping threads took: 0.0000265 seconds
2020-11-10T19:20:47.938+0700: 293.397: Total time for which application threads were stopped: 0.0000851 seconds, Stopping threads took: 0.0000363 seconds
2020-11-10T19:20:47.939+0700: 293.397: Total time for which application threads were stopped: 0.0000728 seconds, Stopping threads took: 0.0000249 seconds
2020-11-10T19:20:47.939+0700: 293.397: Total time for which application threads were stopped: 0.0000729 seconds, Stopping threads took: 0.0000243 seconds
2020-11-10T19:20:47.939+0700: 293.397: Total time for which application threads were stopped: 0.0000826 seconds, Stopping threads took: 0.0000264 seconds
2020-11-10T19:20:47.939+0700: 293.397: Total time for which application threads were stopped: 0.0000734 seconds, Stopping threads took: 0.0000249 seconds
2020-11-10T19:20:47.939+0700: 293.397: Total time for which application threads were stopped: 0.0000723 seconds, Stopping threads took: 0.0000251 seconds
2020-11-10T19:20:47.939+0700: 293.397: Total time for which application threads were stopped: 0.0000857 seconds, Stopping threads took: 0.0000249 seconds
2020-11-10T19:20:47.939+0700: 293.397: Total time for which application threads were stopped: 0.0000797 seconds, Stopping threads took: 0.0000265 seconds
2020-11-10T19:20:47.939+0700: 293.398: Total time for which application threads were stopped: 0.0000837 seconds, Stopping threads took: 0.0000242 seconds
2020-11-10T19:20:47.939+0700: 293.398: Total time for which application threads were stopped: 0.0000814 seconds, Stopping threads took: 0.0000260 seconds
2020-11-10T19:20:47.940+0700: 293.398: Total time for which application threads were stopped: 0.0000798 seconds, Stopping threads took: 0.0000269 seconds
2020-11-10T19:20:47.940+0700: 293.398: Total time for which application threads were stopped: 0.0000748 seconds, Stopping threads took: 0.0000251 seconds
2020-11-10T19:20:47.940+0700: 293.398: Total time for which application threads were stopped: 0.0000749 seconds, Stopping threads took: 0.0000254 seconds
2020-11-10T19:20:47.940+0700: 293.398: Total time for which application threads were stopped: 0.0000816 seconds, Stopping threads took: 0.0000270 seconds
2020-11-10T19:20:47.940+0700: 293.399: Total time for which application threads were stopped: 0.0003301 seconds, Stopping threads took: 0.0000246 seconds
2020-11-10T19:20:47.953+0700: 293.411: Total time for which application threads were stopped: 0.0002600 seconds, Stopping threads took: 0.0000974 seconds
2020-11-10T19:20:47.968+0700: 293.426: Total time for which application threads were stopped: 0.0002767 seconds, Stopping threads took: 0.0000966 seconds
2020-11-10T19:20:47.968+0700: 293.426: Total time for which application threads were stopped: 0.0000911 seconds, Stopping threads took: 0.0000303 seconds
2020-11-10T19:20:48.014+0700: 293.472: Total time for which application threads were stopped: 0.0002848 seconds, Stopping threads took: 0.0000700 seconds
2020-11-10T19:20:48.015+0700: 293.473: Total time for which application threads were stopped: 0.0003725 seconds, Stopping threads took: 0.0000582 seconds
2020-11-10T19:20:48.239+0700: 293.697: Total time for which application threads were stopped: 0.0004018 seconds, Stopping threads took: 0.0001788 seconds
2020-11-10T19:20:48.239+0700: 293.697: Total time for which application threads were stopped: 0.0001882 seconds, Stopping threads took: 0.0000725 seconds
2020-11-10T19:20:48.239+0700: 293.698: Total time for which application threads were stopped: 0.0000951 seconds, Stopping threads took: 0.0000329 seconds
2020-11-10T19:20:48.249+0700: 293.708: Total time for which application threads were stopped: 0.0002329 seconds, Stopping threads took: 0.0000473 seconds
2020-11-10T19:20:48.250+0700: 293.708: Total time for which application threads were stopped: 0.0000859 seconds, Stopping threads took: 0.0000139 seconds
2020-11-10T19:20:48.256+0700: 293.714: Total time for which application threads were stopped: 0.0001602 seconds, Stopping threads took: 0.0000442 seconds
2020-11-10T19:20:48.256+0700: 293.714: Total time for which application threads were stopped: 0.0000560 seconds, Stopping threads took: 0.0000127 seconds
2020-11-10T19:20:49.073+0700: 294.531: Total time for which application threads were stopped: 0.0003255 seconds, Stopping threads took: 0.0000938 seconds
2020-11-10T19:20:49.073+0700: 294.532: Total time for which application threads were stopped: 0.0002143 seconds, Stopping threads took: 0.0000309 seconds
2020-11-10T19:20:49.074+0700: 294.532: Total time for which application threads were stopped: 0.0002349 seconds, Stopping threads took: 0.0000601 seconds
2020-11-10T19:20:49.074+0700: 294.533: Total time for which application threads were stopped: 0.0002321 seconds, Stopping threads took: 0.0000628 seconds
2020-11-10T19:20:49.084+0700: 294.542: Total time for which application threads were stopped: 0.0003090 seconds, Stopping threads took: 0.0001074 seconds
2020-11-10T19:20:49.084+0700: 294.542: Total time for which application threads were stopped: 0.0001647 seconds, Stopping threads took: 0.0000560 seconds
2020-11-10T19:20:52.044+0700: 297.502: Total time for which application threads were stopped: 0.0003344 seconds, Stopping threads took: 0.0000616 seconds
2020-11-10T19:20:52.044+0700: 297.502: Total time for which application threads were stopped: 0.0002543 seconds, Stopping threads took: 0.0000313 seconds
2020-11-10T19:20:52.054+0700: 297.512: Total time for which application threads were stopped: 0.0002261 seconds, Stopping threads took: 0.0000911 seconds
2020-11-10T19:20:52.054+0700: 297.513: Total time for which application threads were stopped: 0.0001109 seconds, Stopping threads took: 0.0000418 seconds
2020-11-10T19:20:54.055+0700: 299.513: Total time for which application threads were stopped: 0.0005725 seconds, Stopping threads took: 0.0003767 seconds
{Heap before GC invocations=24 (full 2):
 par new generation   total 109248K, used 98527K [0x00000000e0000000, 0x00000000e8000000, 0x00000000e8000000)
  eden space 87424K, 100% used [0x00000000e0000000, 0x00000000e5560000, 0x00000000e5560000)
  from space 21824K,  50% used [0x00000000e5560000, 0x00000000e6037c60, 0x00000000e6ab0000)
  to   space 21824K,   0% used [0x00000000e6ab0000, 0x00000000e6ab0000, 0x00000000e8000000)
 concurrent mark-sweep generation total 393216K, used 28929K [0x00000000e8000000, 0x0000000100000000, 0x0000000100000000)
 Metaspace       used 50034K, capacity 51607K, committed 51872K, reserved 1095680K
  class space    used 5644K, capacity 6021K, committed 6112K, reserved 1048576K
2020-11-10T19:20:54.088+0700: 299.546: [GC (Allocation Failure) 2020-11-10T19:20:54.088+0700: 299.546: [ParNew
Desired survivor size 20112992 bytes, new threshold 8 (max 8)
- age   1:    3113728 bytes,    3113728 total
- age   2:      76096 bytes,    3189824 total
- age   3:     837656 bytes,    4027480 total
- age   4:     787944 bytes,    4815424 total
- age   5:     133504 bytes,    4948928 total
- age   6:    1494696 bytes,    6443624 total
- age   7:      76456 bytes,    6520080 total
- age   8:     847776 bytes,    7367856 total
: 98527K->9788K(109248K), 0.0417749 secs] 127456K->41602K(502464K), 0.0419777 secs] [Times: user=0.08 sys=0.01, real=0.04 secs] 
Heap after GC invocations=25 (full 2):
 par new generation   total 109248K, used 9788K [0x00000000e0000000, 0x00000000e8000000, 0x00000000e8000000)
  eden space 87424K,   0% used [0x00000000e0000000, 0x00000000e0000000, 0x00000000e5560000)
  from space 21824K,  44% used [0x00000000e6ab0000, 0x00000000e743f300, 0x00000000e8000000)
  to   space 21824K,   0% used [0x00000000e5560000, 0x00000000e5560000, 0x00000000e6ab0000)
 concurrent mark-sweep generation total 393216K, used 31813K [0x00000000e8000000, 0x0000000100000000, 0x0000000100000000)
 Metaspace       used 50034K, capacity 51607K, committed 51872K, reserved 1095680K
  class space    used 5644K, capacity 6021K, committed 6112K, reserved 1048576K
}
2020-11-10T19:20:54.130+0700: 299.588: Total time for which application threads were stopped: 0.0424332 seconds, Stopping threads took: 0.0000855 seconds
2020-11-10T19:20:54.136+0700: 299.594: Total time for which application threads were stopped: 0.0012235 seconds, Stopping threads took: 0.0007449 seconds
2020-11-10T19:20:54.138+0700: 299.596: Total time for which application threads were stopped: 0.0010166 seconds, Stopping threads took: 0.0007681 seconds
2020-11-10T19:20:54.141+0700: 299.600: Total time for which application threads were stopped: 0.0002929 seconds, Stopping threads took: 0.0001071 seconds
{Heap before GC invocations=25 (full 2):
 par new generation   total 109248K, used 97212K [0x00000000e0000000, 0x00000000e8000000, 0x00000000e8000000)
  eden space 87424K, 100% used [0x00000000e0000000, 0x00000000e5560000, 0x00000000e5560000)
  from space 21824K,  44% used [0x00000000e6ab0000, 0x00000000e743f300, 0x00000000e8000000)
  to   space 21824K,   0% used [0x00000000e5560000, 0x00000000e5560000, 0x00000000e6ab0000)
 concurrent mark-sweep generation total 393216K, used 31813K [0x00000000e8000000, 0x0000000100000000, 0x0000000100000000)
 Metaspace       used 50078K, capacity 51673K, committed 51872K, reserved 1095680K
  class space    used 5650K, capacity 6032K, committed 6112K, reserved 1048576K
2020-11-10T19:20:54.275+0700: 299.733: [GC (Allocation Failure) 2020-11-10T19:20:54.275+0700: 299.733: [ParNew
Desired survivor size 20112992 bytes, new threshold 8 (max 8)
- age   1:     511448 bytes,     511448 total
- age   2:    2475072 bytes,    2986520 total
- age   3:      76096 bytes,    3062616 total
- age   4:     837504 bytes,    3900120 total
- age   5:     787944 bytes,    4688064 total
- age   6:     133504 bytes,    4821568 total
- age   7:    1494696 bytes,    6316264 total
- age   8:      76456 bytes,    6392720 total
: 97212K->6863K(109248K), 0.0223319 secs] 129026K->39510K(502464K), 0.0224798 secs] [Times: user=0.04 sys=0.00, real=0.02 secs] 
Heap after GC invocations=26 (full 2):
 par new generation   total 109248K, used 6863K [0x00000000e0000000, 0x00000000e8000000, 0x00000000e8000000)
  eden space 87424K,   0% used [0x00000000e0000000, 0x00000000e0000000, 0x00000000e5560000)
  from space 21824K,  31% used [0x00000000e5560000, 0x00000000e5c13c78, 0x00000000e6ab0000)
  to   space 21824K,   0% used [0x00000000e6ab0000, 0x00000000e6ab0000, 0x00000000e8000000)
 concurrent mark-sweep generation total 393216K, used 32647K [0x00000000e8000000, 0x0000000100000000, 0x0000000100000000)
 Metaspace       used 50078K, capacity 51673K, committed 51872K, reserved 1095680K
  class space    used 5650K, capacity 6032K, committed 6112K, reserved 1048576K
}
2020-11-10T19:20:54.297+0700: 299.755: Total time for which application threads were stopped: 0.0229046 seconds, Stopping threads took: 0.0000883 seconds
2020-11-10T19:20:54.298+0700: 299.756: Total time for which application threads were stopped: 0.0003042 seconds, Stopping threads took: 0.0000953 seconds
2020-11-10T19:20:54.298+0700: 299.756: Total time for which application threads were stopped: 0.0000914 seconds, Stopping threads took: 0.0000322 seconds
2020-11-10T19:20:54.465+0700: 299.923: Total time for which application threads were stopped: 0.0002722 seconds, Stopping threads took: 0.0000779 seconds
2020-11-10T19:20:54.516+0700: 299.974: Total time for which application threads were stopped: 0.0002288 seconds, Stopping threads took: 0.0000621 seconds
2020-11-10T19:20:55.516+0700: 300.974: Total time for which application threads were stopped: 0.0002194 seconds, Stopping threads took: 0.0000573 seconds
2020-11-10T19:20:55.583+0700: 301.041: Total time for which application threads were stopped: 0.0003626 seconds, Stopping threads took: 0.0001319 seconds
2020-11-10T19:20:55.583+0700: 301.042: Total time for which application threads were stopped: 0.0004078 seconds, Stopping threads took: 0.0002349 seconds
2020-11-10T19:20:55.595+0700: 301.054: Total time for which application threads were stopped: 0.0003720 seconds, Stopping threads took: 0.0001350 seconds
2020-11-10T19:20:55.596+0700: 301.054: Total time for which application threads were stopped: 0.0001689 seconds, Stopping threads took: 0.0000301 seconds
2020-11-10T19:20:55.604+0700: 301.062: Total time for which application threads were stopped: 0.0002503 seconds, Stopping threads took: 0.0000946 seconds
2020-11-10T19:20:55.604+0700: 301.062: Total time for which application threads were stopped: 0.0001427 seconds, Stopping threads took: 0.0000510 seconds
2020-11-10T19:20:56.369+0700: 301.827: Total time for which application threads were stopped: 0.0003263 seconds, Stopping threads took: 0.0000750 seconds
2020-11-10T19:20:56.369+0700: 301.827: Total time for which application threads were stopped: 0.0001794 seconds, Stopping threads took: 0.0000328 seconds
2020-11-10T19:20:56.379+0700: 301.837: Total time for which application threads were stopped: 0.0002551 seconds, Stopping threads took: 0.0000712 seconds
2020-11-10T19:20:56.379+0700: 301.837: Total time for which application threads were stopped: 0.0001595 seconds, Stopping threads took: 0.0000589 seconds
{Heap before GC invocations=26 (full 2):
 par new generation   total 109248K, used 94262K [0x00000000e0000000, 0x00000000e8000000, 0x00000000e8000000)
  eden space 87424K,  99% used [0x00000000e0000000, 0x00000000e5559e88, 0x00000000e5560000)
  from space 21824K,  31% used [0x00000000e5560000, 0x00000000e5c13c78, 0x00000000e6ab0000)
  to   space 21824K,   0% used [0x00000000e6ab0000, 0x00000000e6ab0000, 0x00000000e8000000)
 concurrent mark-sweep generation total 393216K, used 32647K [0x00000000e8000000, 0x0000000100000000, 0x0000000100000000)
 Metaspace       used 50155K, capacity 51767K, committed 51872K, reserved 1095680K
  class space    used 5658K, capacity 6047K, committed 6112K, reserved 1048576K
2020-11-10T19:20:57.935+0700: 303.393: [GC (Allocation Failure) 2020-11-10T19:20:57.935+0700: 303.393: [ParNew
Desired survivor size 20112992 bytes, new threshold 8 (max 8)
- age   1:    2313136 bytes,    2313136 total
- age   2:      93144 bytes,    2406280 total
- age   3:    1753104 bytes,    4159384 total
- age   4:      76096 bytes,    4235480 total
- age   5:     837360 bytes,    5072840 total
- age   6:     787944 bytes,    5860784 total
- age   7:     133320 bytes,    5994104 total
- age   8:    1493032 bytes,    7487136 total
: 94262K->9909K(109248K), 0.0269328 secs] 126909K->42633K(502464K), 0.0271246 secs] [Times: user=0.05 sys=0.00, real=0.03 secs] 
Heap after GC invocations=27 (full 2):
 par new generation   total 109248K, used 9909K [0x00000000e0000000, 0x00000000e8000000, 0x00000000e8000000)
  eden space 87424K,   0% used [0x00000000e0000000, 0x00000000e0000000, 0x00000000e5560000)
  from space 21824K,  45% used [0x00000000e6ab0000, 0x00000000e745d660, 0x00000000e8000000)
  to   space 21824K,   0% used [0x00000000e5560000, 0x00000000e5560000, 0x00000000e6ab0000)
 concurrent mark-sweep generation total 393216K, used 32724K [0x00000000e8000000, 0x0000000100000000, 0x0000000100000000)
 Metaspace       used 50155K, capacity 51767K, committed 51872K, reserved 1095680K
  class space    used 5658K, capacity 6047K, committed 6112K, reserved 1048576K
}
2020-11-10T19:20:57.962+0700: 303.420: Total time for which application threads were stopped: 0.0276889 seconds, Stopping threads took: 0.0001021 seconds
2020-11-10T19:20:57.967+0700: 303.425: Total time for which application threads were stopped: 0.0013353 seconds, Stopping threads took: 0.0010716 seconds
2020-11-10T19:20:57.967+0700: 303.425: Total time for which application threads were stopped: 0.0001011 seconds, Stopping threads took: 0.0000259 seconds
{Heap before GC invocations=27 (full 2):
 par new generation   total 109248K, used 97333K [0x00000000e0000000, 0x00000000e8000000, 0x00000000e8000000)
  eden space 87424K, 100% used [0x00000000e0000000, 0x00000000e5560000, 0x00000000e5560000)
  from space 21824K,  45% used [0x00000000e6ab0000, 0x00000000e745d660, 0x00000000e8000000)
  to   space 21824K,   0% used [0x00000000e5560000, 0x00000000e5560000, 0x00000000e6ab0000)
 concurrent mark-sweep generation total 393216K, used 32724K [0x00000000e8000000, 0x0000000100000000, 0x0000000100000000)
 Metaspace       used 50161K, capacity 51773K, committed 51872K, reserved 1095680K
  class space    used 5659K, capacity 6048K, committed 6112K, reserved 1048576K
2020-11-10T19:20:58.124+0700: 303.582: [GC (Allocation Failure) 2020-11-10T19:20:58.124+0700: 303.582: [ParNew
Desired survivor size 20112992 bytes, new threshold 8 (max 8)
- age   1:     890136 bytes,     890136 total
- age   2:    1722600 bytes,    2612736 total
- age   3:      93144 bytes,    2705880 total
- age   4:    1753104 bytes,    4458984 total
- age   5:      76096 bytes,    4535080 total
- age   6:     837360 bytes,    5372440 total
- age   7:     787944 bytes,    6160384 total
- age   8:     133320 bytes,    6293704 total
: 97333K->7275K(109248K), 0.0201526 secs] 130057K->41467K(502464K), 0.0202927 secs] [Times: user=0.04 sys=0.00, real=0.02 secs] 
Heap after GC invocations=28 (full 2):
 par new generation   total 109248K, used 7275K [0x00000000e0000000, 0x00000000e8000000, 0x00000000e8000000)
  eden space 87424K,   0% used [0x00000000e0000000, 0x00000000e0000000, 0x00000000e5560000)
  from space 21824K,  33% used [0x00000000e5560000, 0x00000000e5c7aeb8, 0x00000000e6ab0000)
  to   space 21824K,   0% used [0x00000000e6ab0000, 0x00000000e6ab0000, 0x00000000e8000000)
 concurrent mark-sweep generation total 393216K, used 34192K [0x00000000e8000000, 0x0000000100000000, 0x0000000100000000)
 Metaspace       used 50161K, capacity 51773K, committed 51872K, reserved 1095680K
  class space    used 5659K, capacity 6048K, committed 6112K, reserved 1048576K
}
2020-11-10T19:20:58.144+0700: 303.602: Total time for which application threads were stopped: 0.0206812 seconds, Stopping threads took: 0.0000875 seconds
2020-11-10T19:20:58.147+0700: 303.605: Total time for which application threads were stopped: 0.0004407 seconds, Stopping threads took: 0.0000703 seconds
2020-11-10T19:20:58.335+0700: 303.793: Total time for which application threads were stopped: 0.0002530 seconds, Stopping threads took: 0.0000706 seconds
2020-11-10T19:20:58.340+0700: 303.798: Total time for which application threads were stopped: 0.0019843 seconds, Stopping threads took: 0.0018269 seconds
{Heap before GC invocations=28 (full 2):
 par new generation   total 109248K, used 94699K [0x00000000e0000000, 0x00000000e8000000, 0x00000000e8000000)
  eden space 87424K, 100% used [0x00000000e0000000, 0x00000000e5560000, 0x00000000e5560000)
  from space 21824K,  33% used [0x00000000e5560000, 0x00000000e5c7aeb8, 0x00000000e6ab0000)
  to   space 21824K,   0% used [0x00000000e6ab0000, 0x00000000e6ab0000, 0x00000000e8000000)
 concurrent mark-sweep generation total 393216K, used 34192K [0x00000000e8000000, 0x0000000100000000, 0x0000000100000000)
 Metaspace       used 50188K, capacity 51857K, committed 52128K, reserved 1095680K
  class space    used 5661K, capacity 6052K, committed 6112K, reserved 1048576K
2020-11-10T19:20:58.343+0700: 303.801: [GC (Allocation Failure) 2020-11-10T19:20:58.343+0700: 303.801: [ParNew
Desired survivor size 20112992 bytes, new threshold 8 (max 8)
- age   1:     648432 bytes,     648432 total
- age   2:     145416 bytes,     793848 total
- age   3:    1712760 bytes,    2506608 total
- age   4:      93144 bytes,    2599752 total
- age   5:    1753040 bytes,    4352792 total
- age   6:      76096 bytes,    4428888 total
- age   7:     837360 bytes,    5266248 total
- age   8:     787944 bytes,    6054192 total
: 94699K->9885K(109248K), 0.0148233 secs] 128891K->44210K(502464K), 0.0149899 secs] [Times: user=0.03 sys=0.00, real=0.02 secs] 
Heap after GC invocations=29 (full 2):
 par new generation   total 109248K, used 9885K [0x00000000e0000000, 0x00000000e8000000, 0x00000000e8000000)
  eden space 87424K,   0% used [0x00000000e0000000, 0x00000000e0000000, 0x00000000e5560000)
  from space 21824K,  45% used [0x00000000e6ab0000, 0x00000000e7457770, 0x00000000e8000000)
  to   space 21824K,   0% used [0x00000000e5560000, 0x00000000e5560000, 0x00000000e6ab0000)
 concurrent mark-sweep generation total 393216K, used 34324K [0x00000000e8000000, 0x0000000100000000, 0x0000000100000000)
 Metaspace       used 50188K, capacity 51857K, committed 52128K, reserved 1095680K
  class space    used 5661K, capacity 6052K, committed 6112K, reserved 1048576K
}
2020-11-10T19:20:58.358+0700: 303.816: Total time for which application threads were stopped: 0.0153178 seconds, Stopping threads took: 0.0000743 seconds
2020-11-10T19:20:58.359+0700: 303.817: Total time for which application threads were stopped: 0.0002349 seconds, Stopping threads took: 0.0000973 seconds
2020-11-10T19:20:58.365+0700: 303.823: Total time for which application threads were stopped: 0.0002346 seconds, Stopping threads took: 0.0000781 seconds
2020-11-10T19:20:58.390+0700: 303.848: Total time for which application threads were stopped: 0.0018135 seconds, Stopping threads took: 0.0016077 seconds
2020-11-10T19:20:58.436+0700: 303.894: Total time for which application threads were stopped: 0.0024638 seconds, Stopping threads took: 0.0022946 seconds
2020-11-10T19:20:58.436+0700: 303.894: Total time for which application threads were stopped: 0.0001011 seconds, Stopping threads took: 0.0000567 seconds
2020-11-10T19:20:58.436+0700: 303.894: Total time for which application threads were stopped: 0.0003821 seconds, Stopping threads took: 0.0003221 seconds
2020-11-10T19:20:58.436+0700: 303.895: Total time for which application threads were stopped: 0.0000761 seconds, Stopping threads took: 0.0000152 seconds
2020-11-10T19:20:58.437+0700: 303.895: Total time for which application threads were stopped: 0.0000762 seconds, Stopping threads took: 0.0000347 seconds
2020-11-10T19:20:58.440+0700: 303.898: Total time for which application threads were stopped: 0.0003072 seconds, Stopping threads took: 0.0001869 seconds
2020-11-10T19:20:58.442+0700: 303.900: Total time for which application threads were stopped: 0.0010570 seconds, Stopping threads took: 0.0008951 seconds
2020-11-10T19:20:58.452+0700: 303.910: Total time for which application threads were stopped: 0.0001993 seconds, Stopping threads took: 0.0000710 seconds
2020-11-10T19:20:58.458+0700: 303.917: Total time for which application threads were stopped: 0.0001914 seconds, Stopping threads took: 0.0000506 seconds
2020-11-10T19:20:58.460+0700: 303.918: Total time for which application threads were stopped: 0.0001467 seconds, Stopping threads took: 0.0000380 seconds
2020-11-10T19:20:58.460+0700: 303.919: Total time for which application threads were stopped: 0.0000709 seconds, Stopping threads took: 0.0000122 seconds
2020-11-10T19:20:59.461+0700: 304.919: Total time for which application threads were stopped: 0.0002432 seconds, Stopping threads took: 0.0000588 seconds
2020-11-10T19:20:59.520+0700: 304.978: Total time for which application threads were stopped: 0.0003616 seconds, Stopping threads took: 0.0000973 seconds
2020-11-10T19:20:59.521+0700: 304.979: Total time for which application threads were stopped: 0.0004507 seconds, Stopping threads took: 0.0002328 seconds
2020-11-10T19:20:59.530+0700: 304.988: Total time for which application threads were stopped: 0.0003093 seconds, Stopping threads took: 0.0000686 seconds
2020-11-10T19:20:59.530+0700: 304.988: Total time for which application threads were stopped: 0.0001803 seconds, Stopping threads took: 0.0000313 seconds
2020-11-10T19:20:59.542+0700: 305.001: Total time for which application threads were stopped: 0.0003089 seconds, Stopping threads took: 0.0001134 seconds
2020-11-10T19:20:59.543+0700: 305.001: Total time for which application threads were stopped: 0.0002030 seconds, Stopping threads took: 0.0001004 seconds
2020-11-10T19:21:03.136+0700: 308.594: Total time for which application threads were stopped: 0.0002573 seconds, Stopping threads took: 0.0000536 seconds
2020-11-10T19:21:03.136+0700: 308.594: Total time for which application threads were stopped: 0.0001439 seconds, Stopping threads took: 0.0000248 seconds
2020-11-10T19:21:03.142+0700: 308.600: Total time for which application threads were stopped: 0.0003366 seconds, Stopping threads took: 0.0001062 seconds
2020-11-10T19:21:03.142+0700: 308.600: Total time for which application threads were stopped: 0.0002266 seconds, Stopping threads took: 0.0000911 seconds
2020-11-10T19:21:05.982+0700: 311.440: Total time for which application threads were stopped: 0.0002957 seconds, Stopping threads took: 0.0000678 seconds
2020-11-10T19:21:05.982+0700: 311.440: Total time for which application threads were stopped: 0.0001585 seconds, Stopping threads took: 0.0000258 seconds
2020-11-10T19:21:05.990+0700: 311.448: Total time for which application threads were stopped: 0.0003563 seconds, Stopping threads took: 0.0000996 seconds
2020-11-10T19:21:05.990+0700: 311.448: Total time for which application threads were stopped: 0.0001460 seconds, Stopping threads took: 0.0000342 seconds
2020-11-10T19:21:06.801+0700: 312.260: Total time for which application threads were stopped: 0.0004426 seconds, Stopping threads took: 0.0000638 seconds
2020-11-10T19:21:06.802+0700: 312.260: Total time for which application threads were stopped: 0.0002300 seconds, Stopping threads took: 0.0000335 seconds
2020-11-10T19:21:06.812+0700: 312.271: Total time for which application threads were stopped: 0.0002632 seconds, Stopping threads took: 0.0000929 seconds
2020-11-10T19:21:06.813+0700: 312.271: Total time for which application threads were stopped: 0.0001166 seconds, Stopping threads took: 0.0000445 seconds
2020-11-10T19:21:07.507+0700: 312.966: Total time for which application threads were stopped: 0.0003843 seconds, Stopping threads took: 0.0001588 seconds
2020-11-10T19:21:07.508+0700: 312.966: Total time for which application threads were stopped: 0.0001836 seconds, Stopping threads took: 0.0000505 seconds
2020-11-10T19:21:07.518+0700: 312.976: Total time for which application threads were stopped: 0.0002285 seconds, Stopping threads took: 0.0000891 seconds
2020-11-10T19:21:07.518+0700: 312.976: Total time for which application threads were stopped: 0.0001129 seconds, Stopping threads took: 0.0000427 seconds
2020-11-10T19:21:08.518+0700: 313.976: Total time for which application threads were stopped: 0.0002230 seconds, Stopping threads took: 0.0000535 seconds
2020-11-10T19:21:09.069+0700: 314.527: Total time for which application threads were stopped: 0.0002728 seconds, Stopping threads took: 0.0000513 seconds
2020-11-10T19:21:09.069+0700: 314.527: Total time for which application threads were stopped: 0.0001297 seconds, Stopping threads took: 0.0000223 seconds
2020-11-10T19:21:09.076+0700: 314.534: Total time for which application threads were stopped: 0.0002999 seconds, Stopping threads took: 0.0000756 seconds
2020-11-10T19:21:09.076+0700: 314.535: Total time for which application threads were stopped: 0.0001560 seconds, Stopping threads took: 0.0000552 seconds
2020-11-10T19:21:10.077+0700: 315.535: Total time for which application threads were stopped: 0.0002230 seconds, Stopping threads took: 0.0000591 seconds
2020-11-10T19:21:11.331+0700: 316.790: Total time for which application threads were stopped: 0.0003092 seconds, Stopping threads took: 0.0001022 seconds
2020-11-10T19:21:11.333+0700: 316.791: Total time for which application threads were stopped: 0.0012583 seconds, Stopping threads took: 0.0000787 seconds
2020-11-10T19:21:11.360+0700: 316.818: Total time for which application threads were stopped: 0.0004695 seconds, Stopping threads took: 0.0001037 seconds
2020-11-10T19:21:11.361+0700: 316.819: Total time for which application threads were stopped: 0.0003079 seconds, Stopping threads took: 0.0000505 seconds
2020-11-10T19:21:11.373+0700: 316.832: Total time for which application threads were stopped: 0.0003057 seconds, Stopping threads took: 0.0000961 seconds
2020-11-10T19:21:11.374+0700: 316.832: Total time for which application threads were stopped: 0.0001742 seconds, Stopping threads took: 0.0000722 seconds
2020-11-10T19:21:12.374+0700: 317.832: Total time for which application threads were stopped: 0.0002267 seconds, Stopping threads took: 0.0000582 seconds
2020-11-10T19:21:24.050+0700: 329.508: Total time for which application threads were stopped: 0.0004630 seconds, Stopping threads took: 0.0002027 seconds
2020-11-10T19:21:24.073+0700: 329.531: Total time for which application threads were stopped: 0.0003339 seconds, Stopping threads took: 0.0000634 seconds
2020-11-10T19:21:24.073+0700: 329.531: Total time for which application threads were stopped: 0.0001779 seconds, Stopping threads took: 0.0000284 seconds
2020-11-10T19:21:24.085+0700: 329.543: Total time for which application threads were stopped: 0.0003201 seconds, Stopping threads took: 0.0000651 seconds
2020-11-10T19:21:24.085+0700: 329.543: Total time for which application threads were stopped: 0.0002104 seconds, Stopping threads took: 0.0000636 seconds
2020-11-10T19:21:24.086+0700: 329.544: Total time for which application threads were stopped: 0.0001993 seconds, Stopping threads took: 0.0000470 seconds
2020-11-10T19:21:24.086+0700: 329.545: Total time for which application threads were stopped: 0.0001477 seconds, Stopping threads took: 0.0000224 seconds
2020-11-10T19:21:24.095+0700: 329.553: Total time for which application threads were stopped: 0.0002188 seconds, Stopping threads took: 0.0000574 seconds
2020-11-10T19:21:24.095+0700: 329.553: Total time for which application threads were stopped: 0.0001125 seconds, Stopping threads took: 0.0000256 seconds
2020-11-10T19:21:25.287+0700: 330.745: Total time for which application threads were stopped: 0.0004303 seconds, Stopping threads took: 0.0001228 seconds
2020-11-10T19:21:25.287+0700: 330.746: Total time for which application threads were stopped: 0.0002961 seconds, Stopping threads took: 0.0000620 seconds
2020-11-10T19:21:25.288+0700: 330.746: Total time for which application threads were stopped: 0.0001989 seconds, Stopping threads took: 0.0000476 seconds
2020-11-10T19:21:25.291+0700: 330.749: Total time for which application threads were stopped: 0.0003524 seconds, Stopping threads took: 0.0001480 seconds
2020-11-10T19:21:25.300+0700: 330.758: Total time for which application threads were stopped: 0.0003487 seconds, Stopping threads took: 0.0000915 seconds
2020-11-10T19:21:25.300+0700: 330.758: Total time for which application threads were stopped: 0.0001683 seconds, Stopping threads took: 0.0000444 seconds
2020-11-10T19:21:26.579+0700: 332.037: Total time for which application threads were stopped: 0.0002905 seconds, Stopping threads took: 0.0000493 seconds
2020-11-10T19:21:26.579+0700: 332.037: Total time for which application threads were stopped: 0.0001395 seconds, Stopping threads took: 0.0000199 seconds
2020-11-10T19:21:26.580+0700: 332.038: Total time for which application threads were stopped: 0.0002291 seconds, Stopping threads took: 0.0000402 seconds
2020-11-10T19:21:26.580+0700: 332.038: Total time for which application threads were stopped: 0.0001326 seconds, Stopping threads took: 0.0000217 seconds
2020-11-10T19:21:26.589+0700: 332.047: Total time for which application threads were stopped: 0.0002552 seconds, Stopping threads took: 0.0000998 seconds
2020-11-10T19:21:26.589+0700: 332.047: Total time for which application threads were stopped: 0.0001352 seconds, Stopping threads took: 0.0000476 seconds
2020-11-10T19:21:26.591+0700: 332.049: Total time for which application threads were stopped: 0.0004213 seconds, Stopping threads took: 0.0000866 seconds
2020-11-10T19:21:26.591+0700: 332.050: Total time for which application threads were stopped: 0.0002441 seconds, Stopping threads took: 0.0000270 seconds
2020-11-10T19:21:26.592+0700: 332.050: Total time for which application threads were stopped: 0.0003233 seconds, Stopping threads took: 0.0000363 seconds
2020-11-10T19:21:27.592+0700: 333.051: Total time for which application threads were stopped: 0.0002893 seconds, Stopping threads took: 0.0000575 seconds
2020-11-10T19:21:58.595+0700: 364.053: Total time for which application threads were stopped: 0.0002822 seconds, Stopping threads took: 0.0000933 seconds
2020-11-10T19:22:06.884+0700: 372.342: Total time for which application threads were stopped: 0.0004201 seconds, Stopping threads took: 0.0001689 seconds
2020-11-10T19:22:06.884+0700: 372.342: Total time for which application threads were stopped: 0.0001921 seconds, Stopping threads took: 0.0000375 seconds
2020-11-10T19:22:06.891+0700: 372.349: Total time for which application threads were stopped: 0.0002919 seconds, Stopping threads took: 0.0000804 seconds
2020-11-10T19:22:06.891+0700: 372.349: Total time for which application threads were stopped: 0.0001575 seconds, Stopping threads took: 0.0000475 seconds
2020-11-10T19:22:06.928+0700: 372.386: Total time for which application threads were stopped: 0.0002836 seconds, Stopping threads took: 0.0000567 seconds
2020-11-10T19:22:06.928+0700: 372.387: Total time for which application threads were stopped: 0.0001510 seconds, Stopping threads took: 0.0000258 seconds
2020-11-10T19:22:06.938+0700: 372.396: Total time for which application threads were stopped: 0.0002798 seconds, Stopping threads took: 0.0000508 seconds
2020-11-10T19:22:06.938+0700: 372.396: Total time for which application threads were stopped: 0.0001076 seconds, Stopping threads took: 0.0000256 seconds
2020-11-10T19:22:10.630+0700: 376.089: Total time for which application threads were stopped: 0.0003391 seconds, Stopping threads took: 0.0000621 seconds
2020-11-10T19:22:10.631+0700: 376.089: Total time for which application threads were stopped: 0.0001829 seconds, Stopping threads took: 0.0000263 seconds
2020-11-10T19:22:10.639+0700: 376.097: Total time for which application threads were stopped: 0.0002441 seconds, Stopping threads took: 0.0000611 seconds
2020-11-10T19:22:10.639+0700: 376.098: Total time for which application threads were stopped: 0.0002126 seconds, Stopping threads took: 0.0000311 seconds
2020-11-10T19:22:17.442+0700: 382.900: Total time for which application threads were stopped: 0.0003178 seconds, Stopping threads took: 0.0000669 seconds
2020-11-10T19:22:17.443+0700: 382.901: Total time for which application threads were stopped: 0.0002179 seconds, Stopping threads took: 0.0000315 seconds
2020-11-10T19:22:17.453+0700: 382.911: Total time for which application threads were stopped: 0.0002445 seconds, Stopping threads took: 0.0000864 seconds
2020-11-10T19:22:17.453+0700: 382.911: Total time for which application threads were stopped: 0.0001152 seconds, Stopping threads took: 0.0000420 seconds
2020-11-10T19:22:18.428+0700: 383.887: Total time for which application threads were stopped: 0.0004117 seconds, Stopping threads took: 0.0000618 seconds
2020-11-10T19:22:18.429+0700: 383.887: Total time for which application threads were stopped: 0.0002210 seconds, Stopping threads took: 0.0000606 seconds
2020-11-10T19:22:18.446+0700: 383.904: Total time for which application threads were stopped: 0.0002374 seconds, Stopping threads took: 0.0000626 seconds
2020-11-10T19:22:18.446+0700: 383.904: Total time for which application threads were stopped: 0.0001214 seconds, Stopping threads took: 0.0000297 seconds
2020-11-10T19:22:19.331+0700: 384.789: Total time for which application threads were stopped: 0.0003140 seconds, Stopping threads took: 0.0000896 seconds
2020-11-10T19:22:19.331+0700: 384.790: Total time for which application threads were stopped: 0.0001533 seconds, Stopping threads took: 0.0000237 seconds
2020-11-10T19:22:19.349+0700: 384.807: Total time for which application threads were stopped: 0.0002271 seconds, Stopping threads took: 0.0000697 seconds
2020-11-10T19:22:19.349+0700: 384.807: Total time for which application threads were stopped: 0.0000924 seconds, Stopping threads took: 0.0000266 seconds
2020-11-10T19:22:20.349+0700: 385.807: Total time for which application threads were stopped: 0.0002358 seconds, Stopping threads took: 0.0000583 seconds
2020-11-10T19:22:20.473+0700: 385.931: Total time for which application threads were stopped: 0.0003657 seconds, Stopping threads took: 0.0001071 seconds
2020-11-10T19:22:20.473+0700: 385.931: Total time for which application threads were stopped: 0.0001811 seconds, Stopping threads took: 0.0000313 seconds
2020-11-10T19:22:20.482+0700: 385.940: Total time for which application threads were stopped: 0.0003140 seconds, Stopping threads took: 0.0000995 seconds
2020-11-10T19:22:20.483+0700: 385.941: Total time for which application threads were stopped: 0.0001916 seconds, Stopping threads took: 0.0000821 seconds
2020-11-10T19:22:21.483+0700: 386.941: Total time for which application threads were stopped: 0.0002084 seconds, Stopping threads took: 0.0000568 seconds
2020-11-10T19:22:21.569+0700: 387.028: Total time for which application threads were stopped: 0.0003243 seconds, Stopping threads took: 0.0000827 seconds
2020-11-10T19:22:21.570+0700: 387.028: Total time for which application threads were stopped: 0.0002074 seconds, Stopping threads took: 0.0000628 seconds
2020-11-10T19:22:21.578+0700: 387.036: Total time for which application threads were stopped: 0.0003414 seconds, Stopping threads took: 0.0001105 seconds
2020-11-10T19:22:21.579+0700: 387.037: Total time for which application threads were stopped: 0.0002084 seconds, Stopping threads took: 0.0000538 seconds
2020-11-10T19:22:21.579+0700: 387.037: Total time for which application threads were stopped: 0.0002548 seconds, Stopping threads took: 0.0000699 seconds
2020-11-10T19:22:23.883+0700: 389.341: Total time for which application threads were stopped: 0.0002965 seconds, Stopping threads took: 0.0000577 seconds
2020-11-10T19:22:23.883+0700: 389.342: Total time for which application threads were stopped: 0.0001662 seconds, Stopping threads took: 0.0000251 seconds
2020-11-10T19:22:23.887+0700: 389.345: Total time for which application threads were stopped: 0.0002885 seconds, Stopping threads took: 0.0000600 seconds
2020-11-10T19:22:23.887+0700: 389.345: Total time for which application threads were stopped: 0.0001538 seconds, Stopping threads took: 0.0000245 seconds
2020-11-10T19:22:23.901+0700: 389.359: Total time for which application threads were stopped: 0.0002904 seconds, Stopping threads took: 0.0001294 seconds
2020-11-10T19:22:23.903+0700: 389.361: Total time for which application threads were stopped: 0.0003267 seconds, Stopping threads took: 0.0001716 seconds
2020-11-10T19:22:23.905+0700: 389.363: Total time for which application threads were stopped: 0.0004101 seconds, Stopping threads took: 0.0000606 seconds
2020-11-10T19:22:23.905+0700: 389.363: Total time for which application threads were stopped: 0.0002664 seconds, Stopping threads took: 0.0000484 seconds
2020-11-10T19:22:23.905+0700: 389.363: Total time for which application threads were stopped: 0.0002305 seconds, Stopping threads took: 0.0000248 seconds
2020-11-10T19:22:25.410+0700: 390.868: Total time for which application threads were stopped: 0.0003427 seconds, Stopping threads took: 0.0000658 seconds
2020-11-10T19:22:25.410+0700: 390.868: Total time for which application threads were stopped: 0.0001859 seconds, Stopping threads took: 0.0000314 seconds
2020-11-10T19:22:25.423+0700: 390.882: Total time for which application threads were stopped: 0.0003536 seconds, Stopping threads took: 0.0001307 seconds
2020-11-10T19:22:25.424+0700: 390.882: Total time for which application threads were stopped: 0.0001733 seconds, Stopping threads took: 0.0000605 seconds
2020-11-10T19:22:25.447+0700: 390.905: Total time for which application threads were stopped: 0.0003514 seconds, Stopping threads took: 0.0000621 seconds
2020-11-10T19:22:25.447+0700: 390.905: Total time for which application threads were stopped: 0.0001791 seconds, Stopping threads took: 0.0000329 seconds
2020-11-10T19:22:25.454+0700: 390.913: Total time for which application threads were stopped: 0.0003085 seconds, Stopping threads took: 0.0000739 seconds
2020-11-10T19:22:25.455+0700: 390.913: Total time for which application threads were stopped: 0.0001522 seconds, Stopping threads took: 0.0000462 seconds
2020-11-10T19:22:58.457+0700: 423.915: Total time for which application threads were stopped: 0.0002561 seconds, Stopping threads took: 0.0000928 seconds
2020-11-10T19:23:58.462+0700: 483.920: Total time for which application threads were stopped: 0.0002963 seconds, Stopping threads took: 0.0001253 seconds
2020-11-10T19:24:25.464+0700: 510.922: Total time for which application threads were stopped: 0.0002380 seconds, Stopping threads took: 0.0000962 seconds
2020-11-10T19:24:58.466+0700: 543.925: Total time for which application threads were stopped: 0.0002302 seconds, Stopping threads took: 0.0000992 seconds
2020-11-10T19:25:25.469+0700: 570.927: Total time for which application threads were stopped: 0.0002604 seconds, Stopping threads took: 0.0000914 seconds
2020-11-10T19:25:41.019+0700: 586.477: Total time for which application threads were stopped: 0.0005551 seconds, Stopping threads took: 0.0001103 seconds
2020-11-10T19:25:41.036+0700: 586.494: Total time for which application threads were stopped: 0.0005043 seconds, Stopping threads took: 0.0002162 seconds
2020-11-10T19:25:41.037+0700: 586.495: Total time for which application threads were stopped: 0.0003126 seconds, Stopping threads took: 0.0000593 seconds
2020-11-10T19:25:41.051+0700: 586.510: Total time for which application threads were stopped: 0.0002961 seconds, Stopping threads took: 0.0001117 seconds
2020-11-10T19:25:41.052+0700: 586.510: Total time for which application threads were stopped: 0.0001106 seconds, Stopping threads took: 0.0000284 seconds
2020-11-10T19:25:43.638+0700: 589.096: Total time for which application threads were stopped: 0.0003776 seconds, Stopping threads took: 0.0001164 seconds
2020-11-10T19:25:43.639+0700: 589.097: Total time for which application threads were stopped: 0.0003001 seconds, Stopping threads took: 0.0000919 seconds
2020-11-10T19:25:43.654+0700: 589.112: Total time for which application threads were stopped: 0.0002954 seconds, Stopping threads took: 0.0001131 seconds
2020-11-10T19:25:43.654+0700: 589.112: Total time for which application threads were stopped: 0.0001541 seconds, Stopping threads took: 0.0000553 seconds
2020-11-10T19:25:44.655+0700: 590.113: Total time for which application threads were stopped: 0.0004209 seconds, Stopping threads took: 0.0001383 seconds
2020-11-10T19:25:44.667+0700: 590.125: Total time for which application threads were stopped: 0.0005456 seconds, Stopping threads took: 0.0001647 seconds
2020-11-10T19:25:44.668+0700: 590.126: Total time for which application threads were stopped: 0.0002480 seconds, Stopping threads took: 0.0001024 seconds
2020-11-10T19:25:44.675+0700: 590.133: Total time for which application threads were stopped: 0.0003225 seconds, Stopping threads took: 0.0000920 seconds
2020-11-10T19:25:44.676+0700: 590.134: Total time for which application threads were stopped: 0.0002003 seconds, Stopping threads took: 0.0000656 seconds
2020-11-10T19:25:45.976+0700: 591.435: Total time for which application threads were stopped: 0.0016191 seconds, Stopping threads took: 0.0013246 seconds
2020-11-10T19:25:45.978+0700: 591.436: Total time for which application threads were stopped: 0.0013674 seconds, Stopping threads took: 0.0011584 seconds
2020-11-10T19:25:45.987+0700: 591.445: Total time for which application threads were stopped: 0.0002587 seconds, Stopping threads took: 0.0000902 seconds
2020-11-10T19:25:45.987+0700: 591.446: Total time for which application threads were stopped: 0.0001577 seconds, Stopping threads took: 0.0000659 seconds
2020-11-10T19:25:49.190+0700: 594.648: Total time for which application threads were stopped: 0.0003333 seconds, Stopping threads took: 0.0001435 seconds
2020-11-10T19:25:49.216+0700: 594.674: Total time for which application threads were stopped: 0.0045548 seconds, Stopping threads took: 0.0042658 seconds
2020-11-10T19:25:49.216+0700: 594.674: Total time for which application threads were stopped: 0.0002173 seconds, Stopping threads took: 0.0000317 seconds
2020-11-10T19:25:49.223+0700: 594.681: Total time for which application threads were stopped: 0.0025154 seconds, Stopping threads took: 0.0018250 seconds
2020-11-10T19:25:49.223+0700: 594.682: Total time for which application threads were stopped: 0.0002078 seconds, Stopping threads took: 0.0000412 seconds
2020-11-10T19:25:49.226+0700: 594.684: Total time for which application threads were stopped: 0.0002498 seconds, Stopping threads took: 0.0001050 seconds
2020-11-10T19:25:49.226+0700: 594.685: Total time for which application threads were stopped: 0.0001098 seconds, Stopping threads took: 0.0000382 seconds
2020-11-10T19:25:52.909+0700: 598.367: Total time for which application threads were stopped: 0.0003858 seconds, Stopping threads took: 0.0001586 seconds
2020-11-10T19:25:52.909+0700: 598.368: Total time for which application threads were stopped: 0.0002801 seconds, Stopping threads took: 0.0000824 seconds
2020-11-10T19:25:52.918+0700: 598.376: Total time for which application threads were stopped: 0.0002177 seconds, Stopping threads took: 0.0000801 seconds
2020-11-10T19:25:52.918+0700: 598.376: Total time for which application threads were stopped: 0.0000960 seconds, Stopping threads took: 0.0000365 seconds
2020-11-10T19:25:55.103+0700: 600.562: Total time for which application threads were stopped: 0.0002484 seconds, Stopping threads took: 0.0000612 seconds
2020-11-10T19:25:55.105+0700: 600.563: Total time for which application threads were stopped: 0.0005790 seconds, Stopping threads took: 0.0001052 seconds
2020-11-10T19:25:55.105+0700: 600.563: Total time for which application threads were stopped: 0.0001881 seconds, Stopping threads took: 0.0000680 seconds
2020-11-10T19:25:56.106+0700: 601.564: Total time for which application threads were stopped: 0.0002545 seconds, Stopping threads took: 0.0000595 seconds
2020-11-10T19:26:49.224+0700: 654.682: Total time for which application threads were stopped: 0.0002720 seconds, Stopping threads took: 0.0000915 seconds
2020-11-10T19:26:49.224+0700: 654.682: Total time for which application threads were stopped: 0.0001190 seconds, Stopping threads took: 0.0000325 seconds
2020-11-10T19:26:52.918+0700: 658.376: Total time for which application threads were stopped: 0.0002021 seconds, Stopping threads took: 0.0000547 seconds
2020-11-10T19:27:41.922+0700: 707.380: Total time for which application threads were stopped: 0.0002466 seconds, Stopping threads took: 0.0000930 seconds
2020-11-10T19:27:58.923+0700: 724.382: Total time for which application threads were stopped: 0.0002931 seconds, Stopping threads took: 0.0000585 seconds
2020-11-10T19:32:58.944+0700: 1024.403: Total time for which application threads were stopped: 0.0002857 seconds, Stopping threads took: 0.0000935 seconds
2020-11-10T19:33:28.363+0700: 1053.821: Total time for which application threads were stopped: 0.0002664 seconds, Stopping threads took: 0.0000633 seconds
2020-11-10T19:33:28.363+0700: 1053.821: Total time for which application threads were stopped: 0.0001058 seconds, Stopping threads took: 0.0000268 seconds
2020-11-10T19:33:28.404+0700: 1053.862: Total time for which application threads were stopped: 0.0002238 seconds, Stopping threads took: 0.0000604 seconds
2020-11-10T19:33:28.404+0700: 1053.862: Total time for which application threads were stopped: 0.0000629 seconds, Stopping threads took: 0.0000223 seconds
2020-11-10T19:33:28.434+0700: 1053.892: Total time for which application threads were stopped: 0.0002196 seconds, Stopping threads took: 0.0000406 seconds
2020-11-10T19:33:28.434+0700: 1053.893: Total time for which application threads were stopped: 0.0000957 seconds, Stopping threads took: 0.0000124 seconds
2020-11-10T19:33:28.506+0700: 1053.964: Total time for which application threads were stopped: 0.0002201 seconds, Stopping threads took: 0.0000764 seconds
2020-11-10T19:33:28.506+0700: 1053.964: Total time for which application threads were stopped: 0.0000768 seconds, Stopping threads took: 0.0000267 seconds
{Heap before GC invocations=29 (full 2):
 par new generation   total 109248K, used 97309K [0x00000000e0000000, 0x00000000e8000000, 0x00000000e8000000)
  eden space 87424K,  99% used [0x00000000e0000000, 0x00000000e555fe98, 0x00000000e5560000)
  from space 21824K,  45% used [0x00000000e6ab0000, 0x00000000e7457770, 0x00000000e8000000)
  to   space 21824K,   0% used [0x00000000e5560000, 0x00000000e5560000, 0x00000000e6ab0000)
 concurrent mark-sweep generation total 393216K, used 34324K [0x00000000e8000000, 0x0000000100000000, 0x0000000100000000)
 Metaspace       used 50554K, capacity 52189K, committed 52384K, reserved 1095680K
  class space    used 5664K, capacity 6052K, committed 6112K, reserved 1048576K
2020-11-10T19:33:28.662+0700: 1054.121: [GC (Allocation Failure) 2020-11-10T19:33:28.663+0700: 1054.121: [ParNew
Desired survivor size 20112992 bytes, new threshold 8 (max 8)
- age   1:    2375800 bytes,    2375800 total
- age   2:     613192 bytes,    2988992 total
- age   3:     144376 bytes,    3133368 total
- age   4:    1694808 bytes,    4828176 total
- age   5:      93144 bytes,    4921320 total
- age   6:    1751904 bytes,    6673224 total
- age   7:      76096 bytes,    6749320 total
- age   8:     837360 bytes,    7586680 total
: 97309K->9393K(109248K), 0.0277933 secs] 131634K->44493K(502464K), 0.0279381 secs] [Times: user=0.04 sys=0.00, real=0.03 secs] 
Heap after GC invocations=30 (full 2):
 par new generation   total 109248K, used 9393K [0x00000000e0000000, 0x00000000e8000000, 0x00000000e8000000)
  eden space 87424K,   0% used [0x00000000e0000000, 0x00000000e0000000, 0x00000000e5560000)
  from space 21824K,  43% used [0x00000000e5560000, 0x00000000e5e8c678, 0x00000000e6ab0000)
  to   space 21824K,   0% used [0x00000000e6ab0000, 0x00000000e6ab0000, 0x00000000e8000000)
 concurrent mark-sweep generation total 393216K, used 35099K [0x00000000e8000000, 0x0000000100000000, 0x0000000100000000)
 Metaspace       used 50554K, capacity 52189K, committed 52384K, reserved 1095680K
  class space    used 5664K, capacity 6052K, committed 6112K, reserved 1048576K
}
2020-11-10T19:33:28.690+0700: 1054.149: Total time for which application threads were stopped: 0.0284344 seconds, Stopping threads took: 0.0000821 seconds
2020-11-10T19:33:28.693+0700: 1054.151: Total time for which application threads were stopped: 0.0009317 seconds, Stopping threads took: 0.0006781 seconds
2020-11-10T19:33:28.696+0700: 1054.155: Total time for which application threads were stopped: 0.0009211 seconds, Stopping threads took: 0.0006888 seconds
{Heap before GC invocations=30 (full 2):
 par new generation   total 109248K, used 96817K [0x00000000e0000000, 0x00000000e8000000, 0x00000000e8000000)
  eden space 87424K, 100% used [0x00000000e0000000, 0x00000000e5560000, 0x00000000e5560000)
  from space 21824K,  43% used [0x00000000e5560000, 0x00000000e5e8c678, 0x00000000e6ab0000)
  to   space 21824K,   0% used [0x00000000e6ab0000, 0x00000000e6ab0000, 0x00000000e8000000)
 concurrent mark-sweep generation total 393216K, used 35099K [0x00000000e8000000, 0x0000000100000000, 0x0000000100000000)
 Metaspace       used 50559K, capacity 52195K, committed 52384K, reserved 1095680K
  class space    used 5664K, capacity 6053K, committed 6112K, reserved 1048576K
2020-11-10T19:33:28.830+0700: 1054.288: [GC (Allocation Failure) 2020-11-10T19:33:28.830+0700: 1054.288: [ParNew
Desired survivor size 20112992 bytes, new threshold 8 (max 8)
- age   1:     527552 bytes,     527552 total
- age   2:    1814112 bytes,    2341664 total
- age   3:     612952 bytes,    2954616 total
- age   4:     144296 bytes,    3098912 total
- age   5:    1667320 bytes,    4766232 total
- age   6:      92264 bytes,    4858496 total
- age   7:    1748552 bytes,    6607048 total
- age   8:      76096 bytes,    6683144 total
: 96817K->10988K(109248K), 0.0203259 secs] 131917K->46912K(502464K), 0.0205155 secs] [Times: user=0.03 sys=0.01, real=0.02 secs] 
Heap after GC invocations=31 (full 2):
 par new generation   total 109248K, used 10988K [0x00000000e0000000, 0x00000000e8000000, 0x00000000e8000000)
  eden space 87424K,   0% used [0x00000000e0000000, 0x00000000e0000000, 0x00000000e5560000)
  from space 21824K,  50% used [0x00000000e6ab0000, 0x00000000e756b2c0, 0x00000000e8000000)
  to   space 21824K,   0% used [0x00000000e5560000, 0x00000000e5560000, 0x00000000e6ab0000)
 concurrent mark-sweep generation total 393216K, used 35923K [0x00000000e8000000, 0x0000000100000000, 0x0000000100000000)
 Metaspace       used 50559K, capacity 52195K, committed 52384K, reserved 1095680K
  class space    used 5664K, capacity 6053K, committed 6112K, reserved 1048576K
}
2020-11-10T19:33:28.851+0700: 1054.309: Total time for which application threads were stopped: 0.0210122 seconds, Stopping threads took: 0.0000954 seconds
2020-11-10T19:33:28.853+0700: 1054.312: Total time for which application threads were stopped: 0.0010050 seconds, Stopping threads took: 0.0006736 seconds
2020-11-10T19:33:29.091+0700: 1054.549: Total time for which application threads were stopped: 0.0002621 seconds, Stopping threads took: 0.0000411 seconds
2020-11-10T19:33:29.147+0700: 1054.605: Total time for which application threads were stopped: 0.0003280 seconds, Stopping threads took: 0.0000635 seconds
2020-11-10T19:33:29.156+0700: 1054.614: Total time for which application threads were stopped: 0.0003260 seconds, Stopping threads took: 0.0000750 seconds
2020-11-10T19:33:38.742+0700: 1064.200: Total time for which application threads were stopped: 0.0002611 seconds, Stopping threads took: 0.0000928 seconds
2020-11-10T19:33:38.743+0700: 1064.201: Total time for which application threads were stopped: 0.0002081 seconds, Stopping threads took: 0.0000471 seconds
2020-11-10T19:33:38.743+0700: 1064.201: Total time for which application threads were stopped: 0.0000711 seconds, Stopping threads took: 0.0000141 seconds
2020-11-10T19:33:38.743+0700: 1064.202: Total time for which application threads were stopped: 0.0000700 seconds, Stopping threads took: 0.0000128 seconds
2020-11-10T19:33:38.743+0700: 1064.202: Total time for which application threads were stopped: 0.0000676 seconds, Stopping threads took: 0.0000129 seconds
2020-11-10T19:33:38.744+0700: 1064.202: Total time for which application threads were stopped: 0.0001401 seconds, Stopping threads took: 0.0000646 seconds
2020-11-10T19:33:38.744+0700: 1064.202: Total time for which application threads were stopped: 0.0000745 seconds, Stopping threads took: 0.0000144 seconds
2020-11-10T19:33:38.744+0700: 1064.202: Total time for which application threads were stopped: 0.0000756 seconds, Stopping threads took: 0.0000127 seconds
2020-11-10T19:33:38.744+0700: 1064.202: Total time for which application threads were stopped: 0.0001632 seconds, Stopping threads took: 0.0000786 seconds
2020-11-10T19:33:38.744+0700: 1064.202: Total time for which application threads were stopped: 0.0000869 seconds, Stopping threads took: 0.0000266 seconds
2020-11-10T19:33:38.744+0700: 1064.202: Total time for which application threads were stopped: 0.0000799 seconds, Stopping threads took: 0.0000224 seconds
2020-11-10T19:33:38.744+0700: 1064.203: Total time for which application threads were stopped: 0.0000959 seconds, Stopping threads took: 0.0000230 seconds
2020-11-10T19:33:38.745+0700: 1064.203: Total time for which application threads were stopped: 0.0000841 seconds, Stopping threads took: 0.0000230 seconds
2020-11-10T19:33:38.745+0700: 1064.203: Total time for which application threads were stopped: 0.0000824 seconds, Stopping threads took: 0.0000223 seconds
2020-11-10T19:33:38.745+0700: 1064.203: Total time for which application threads were stopped: 0.0000773 seconds, Stopping threads took: 0.0000220 seconds
2020-11-10T19:33:38.745+0700: 1064.203: Total time for which application threads were stopped: 0.0000841 seconds, Stopping threads took: 0.0000233 seconds
2020-11-10T19:33:38.745+0700: 1064.203: Total time for which application threads were stopped: 0.0000819 seconds, Stopping threads took: 0.0000240 seconds
2020-11-10T19:33:38.745+0700: 1064.203: Total time for which application threads were stopped: 0.0000921 seconds, Stopping threads took: 0.0000257 seconds
2020-11-10T19:33:38.745+0700: 1064.203: Total time for which application threads were stopped: 0.0000988 seconds, Stopping threads took: 0.0000342 seconds
2020-11-10T19:33:38.745+0700: 1064.204: Total time for which application threads were stopped: 0.0000977 seconds, Stopping threads took: 0.0000284 seconds
2020-11-10T19:33:38.746+0700: 1064.204: Total time for which application threads were stopped: 0.0000773 seconds, Stopping threads took: 0.0000222 seconds
2020-11-10T19:33:38.746+0700: 1064.204: Total time for which application threads were stopped: 0.0002900 seconds, Stopping threads took: 0.0000270 seconds
2020-11-10T19:33:38.746+0700: 1064.204: Total time for which application threads were stopped: 0.0001179 seconds, Stopping threads took: 0.0000292 seconds
{Heap before GC invocations=31 (full 2):
 par new generation   total 109248K, used 98412K [0x00000000e0000000, 0x00000000e8000000, 0x00000000e8000000)
  eden space 87424K, 100% used [0x00000000e0000000, 0x00000000e5560000, 0x00000000e5560000)
  from space 21824K,  50% used [0x00000000e6ab0000, 0x00000000e756b2c0, 0x00000000e8000000)
  to   space 21824K,   0% used [0x00000000e5560000, 0x00000000e5560000, 0x00000000e6ab0000)
 concurrent mark-sweep generation total 393216K, used 35923K [0x00000000e8000000, 0x0000000100000000, 0x0000000100000000)
 Metaspace       used 50671K, capacity 52357K, committed 52640K, reserved 1095680K
  class space    used 5679K, capacity 6080K, committed 6112K, reserved 1048576K
2020-11-10T19:33:38.837+0700: 1064.295: [GC (Allocation Failure) 2020-11-10T19:33:38.837+0700: 1064.295: [ParNew
Desired survivor size 20112992 bytes, new threshold 8 (max 8)
- age   1:    4272096 bytes,    4272096 total
- age   2:      79216 bytes,    4351312 total
- age   3:    1271624 bytes,    5622936 total
- age   4:     612952 bytes,    6235888 total
- age   5:     144296 bytes,    6380184 total
- age   6:    1667320 bytes,    8047504 total
- age   7:      92264 bytes,    8139768 total
- age   8:    1748512 bytes,    9888280 total
: 98412K->11205K(109248K), 0.0215093 secs] 134336K->47205K(502464K), 0.0216513 secs] [Times: user=0.04 sys=0.00, real=0.03 secs] 
Heap after GC invocations=32 (full 2):
 par new generation   total 109248K, used 11205K [0x00000000e0000000, 0x00000000e8000000, 0x00000000e8000000)
  eden space 87424K,   0% used [0x00000000e0000000, 0x00000000e0000000, 0x00000000e5560000)
  from space 21824K,  51% used [0x00000000e5560000, 0x00000000e6051420, 0x00000000e6ab0000)
  to   space 21824K,   0% used [0x00000000e6ab0000, 0x00000000e6ab0000, 0x00000000e8000000)
 concurrent mark-sweep generation total 393216K, used 36000K [0x00000000e8000000, 0x0000000100000000, 0x0000000100000000)
 Metaspace       used 50671K, capacity 52357K, committed 52640K, reserved 1095680K
  class space    used 5679K, capacity 6080K, committed 6112K, reserved 1048576K
}
2020-11-10T19:33:38.859+0700: 1064.317: Total time for which application threads were stopped: 0.0220254 seconds, Stopping threads took: 0.0000620 seconds
2020-11-10T19:33:38.860+0700: 1064.318: Total time for which application threads were stopped: 0.0004755 seconds, Stopping threads took: 0.0000757 seconds
2020-11-10T19:33:38.860+0700: 1064.318: Total time for which application threads were stopped: 0.0001249 seconds, Stopping threads took: 0.0000405 seconds
{Heap before GC invocations=32 (full 2):
 par new generation   total 109248K, used 98629K [0x00000000e0000000, 0x00000000e8000000, 0x00000000e8000000)
  eden space 87424K, 100% used [0x00000000e0000000, 0x00000000e5560000, 0x00000000e5560000)
  from space 21824K,  51% used [0x00000000e5560000, 0x00000000e6051420, 0x00000000e6ab0000)
  to   space 21824K,   0% used [0x00000000e6ab0000, 0x00000000e6ab0000, 0x00000000e8000000)
 concurrent mark-sweep generation total 393216K, used 36000K [0x00000000e8000000, 0x0000000100000000, 0x0000000100000000)
 Metaspace       used 50673K, capacity 52357K, committed 52640K, reserved 1095680K
  class space    used 5679K, capacity 6080K, committed 6112K, reserved 1048576K
2020-11-10T19:33:38.996+0700: 1064.454: [GC (Allocation Failure) 2020-11-10T19:33:38.996+0700: 1064.455: [ParNew
Desired survivor size 20112992 bytes, new threshold 8 (max 8)
- age   1:     855088 bytes,     855088 total
- age   2:    3677920 bytes,    4533008 total
- age   3:      79216 bytes,    4612224 total
- age   4:    1271624 bytes,    5883848 total
- age   5:     612952 bytes,    6496800 total
- age   6:     144296 bytes,    6641096 total
- age   7:    1667320 bytes,    8308416 total
- age   8:      92264 bytes,    8400680 total
: 98629K->14074K(109248K), 0.0404286 secs] 134629K->51792K(502464K), 0.0406386 secs] [Times: user=0.08 sys=0.00, real=0.04 secs] 
Heap after GC invocations=33 (full 2):
 par new generation   total 109248K, used 14074K [0x00000000e0000000, 0x00000000e8000000, 0x00000000e8000000)
  eden space 87424K,   0% used [0x00000000e0000000, 0x00000000e0000000, 0x00000000e5560000)
  from space 21824K,  64% used [0x00000000e6ab0000, 0x00000000e786eb78, 0x00000000e8000000)
  to   space 21824K,   0% used [0x00000000e5560000, 0x00000000e5560000, 0x00000000e6ab0000)
 concurrent mark-sweep generation total 393216K, used 37717K [0x00000000e8000000, 0x0000000100000000, 0x0000000100000000)
 Metaspace       used 50673K, capacity 52357K, committed 52640K, reserved 1095680K
  class space    used 5679K, capacity 6080K, committed 6112K, reserved 1048576K
}
2020-11-10T19:33:39.037+0700: 1064.495: Total time for which application threads were stopped: 0.0411263 seconds, Stopping threads took: 0.0000958 seconds
2020-11-10T19:33:39.038+0700: 1064.496: Total time for which application threads were stopped: 0.0003938 seconds, Stopping threads took: 0.0000930 seconds
2020-11-10T19:33:39.221+0700: 1064.680: Total time for which application threads were stopped: 0.0003085 seconds, Stopping threads took: 0.0000807 seconds
2020-11-10T19:33:39.222+0700: 1064.680: Total time for which application threads were stopped: 0.0001160 seconds, Stopping threads took: 0.0000303 seconds
{Heap before GC invocations=33 (full 2):
 par new generation   total 109248K, used 101498K [0x00000000e0000000, 0x00000000e8000000, 0x00000000e8000000)
  eden space 87424K, 100% used [0x00000000e0000000, 0x00000000e5560000, 0x00000000e5560000)
  from space 21824K,  64% used [0x00000000e6ab0000, 0x00000000e786eb78, 0x00000000e8000000)
  to   space 21824K,   0% used [0x00000000e5560000, 0x00000000e5560000, 0x00000000e6ab0000)
 concurrent mark-sweep generation total 393216K, used 37717K [0x00000000e8000000, 0x0000000100000000, 0x0000000100000000)
 Metaspace       used 50678K, capacity 52357K, committed 52640K, reserved 1095680K
  class space    used 5679K, capacity 6080K, committed 6112K, reserved 1048576K
2020-11-10T19:33:39.224+0700: 1064.682: [GC (Allocation Failure) 2020-11-10T19:33:39.224+0700: 1064.682: [ParNew
Desired survivor size 20112992 bytes, new threshold 8 (max 8)
- age   1:     607440 bytes,     607440 total
- age   2:     142736 bytes,     750176 total
- age   3:    3660816 bytes,    4410992 total
- age   4:      79216 bytes,    4490208 total
- age   5:    1271624 bytes,    5761832 total
- age   6:     612952 bytes,    6374784 total
- age   7:     144296 bytes,    6519080 total
- age   8:    1667320 bytes,    8186400 total
: 101498K->11169K(109248K), 0.0256798 secs] 139216K->48979K(502464K), 0.0258480 secs] [Times: user=0.05 sys=0.01, real=0.03 secs] 
Heap after GC invocations=34 (full 2):
 par new generation   total 109248K, used 11169K [0x00000000e0000000, 0x00000000e8000000, 0x00000000e8000000)
  eden space 87424K,   0% used [0x00000000e0000000, 0x00000000e0000000, 0x00000000e5560000)
  from space 21824K,  51% used [0x00000000e5560000, 0x00000000e60485e0, 0x00000000e6ab0000)
  to   space 21824K,   0% used [0x00000000e6ab0000, 0x00000000e6ab0000, 0x00000000e8000000)
 concurrent mark-sweep generation total 393216K, used 37810K [0x00000000e8000000, 0x0000000100000000, 0x0000000100000000)
 Metaspace       used 50678K, capacity 52357K, committed 52640K, reserved 1095680K
  class space    used 5679K, capacity 6080K, committed 6112K, reserved 1048576K
}
2020-11-10T19:33:39.249+0700: 1064.708: Total time for which application threads were stopped: 0.0262380 seconds, Stopping threads took: 0.0000740 seconds
2020-11-10T19:33:39.253+0700: 1064.711: Total time for which application threads were stopped: 0.0002367 seconds, Stopping threads took: 0.0000709 seconds
2020-11-10T19:33:39.253+0700: 1064.711: Total time for which application threads were stopped: 0.0001590 seconds, Stopping threads took: 0.0000607 seconds
2020-11-10T19:33:39.257+0700: 1064.715: Total time for which application threads were stopped: 0.0002118 seconds, Stopping threads took: 0.0000541 seconds
2020-11-10T19:33:39.278+0700: 1064.736: Total time for which application threads were stopped: 0.0002753 seconds, Stopping threads took: 0.0000587 seconds
2020-11-10T19:33:39.321+0700: 1064.779: Total time for which application threads were stopped: 0.0002399 seconds, Stopping threads took: 0.0000785 seconds
2020-11-10T19:33:39.321+0700: 1064.779: Total time for which application threads were stopped: 0.0000829 seconds, Stopping threads took: 0.0000263 seconds
2020-11-10T19:33:39.322+0700: 1064.780: Total time for which application threads were stopped: 0.0001769 seconds, Stopping threads took: 0.0001059 seconds
2020-11-10T19:33:39.322+0700: 1064.780: Total time for which application threads were stopped: 0.0000668 seconds, Stopping threads took: 0.0000130 seconds
2020-11-10T19:33:39.322+0700: 1064.780: Total time for which application threads were stopped: 0.0000772 seconds, Stopping threads took: 0.0000235 seconds
2020-11-10T19:33:39.322+0700: 1064.780: Total time for which application threads were stopped: 0.0000773 seconds, Stopping threads took: 0.0000231 seconds
2020-11-10T19:33:39.322+0700: 1064.780: Total time for which application threads were stopped: 0.0000757 seconds, Stopping threads took: 0.0000235 seconds
2020-11-10T19:33:39.325+0700: 1064.784: Total time for which application threads were stopped: 0.0002393 seconds, Stopping threads took: 0.0000772 seconds
2020-11-10T19:33:39.328+0700: 1064.786: Total time for which application threads were stopped: 0.0003279 seconds, Stopping threads took: 0.0000936 seconds
2020-11-10T19:33:39.336+0700: 1064.794: Total time for which application threads were stopped: 0.0002653 seconds, Stopping threads took: 0.0000742 seconds
2020-11-10T19:33:39.336+0700: 1064.794: Total time for which application threads were stopped: 0.0001126 seconds, Stopping threads took: 0.0000323 seconds
2020-11-10T19:33:39.338+0700: 1064.796: Total time for which application threads were stopped: 0.0002468 seconds, Stopping threads took: 0.0000646 seconds
2020-11-10T19:33:39.338+0700: 1064.796: Total time for which application threads were stopped: 0.0001063 seconds, Stopping threads took: 0.0000318 seconds
2020-11-10T19:33:40.338+0700: 1065.797: Total time for which application threads were stopped: 0.0003011 seconds, Stopping threads took: 0.0000568 seconds
2020-11-10T19:33:57.916+0700: 1083.374: Total time for which application threads were stopped: 0.0002633 seconds, Stopping threads took: 0.0000501 seconds
2020-11-10T19:33:57.916+0700: 1083.374: Total time for which application threads were stopped: 0.0000887 seconds, Stopping threads took: 0.0000145 seconds
2020-11-10T19:33:57.922+0700: 1083.380: Total time for which application threads were stopped: 0.0005797 seconds, Stopping threads took: 0.0000607 seconds
2020-11-10T19:33:57.922+0700: 1083.380: Total time for which application threads were stopped: 0.0002914 seconds, Stopping threads took: 0.0000227 seconds
2020-11-10T19:33:57.922+0700: 1083.381: Total time for which application threads were stopped: 0.0003354 seconds, Stopping threads took: 0.0000179 seconds
2020-11-10T19:33:57.963+0700: 1083.421: Total time for which application threads were stopped: 0.0002566 seconds, Stopping threads took: 0.0000462 seconds
2020-11-10T19:33:57.963+0700: 1083.421: Total time for which application threads were stopped: 0.0001054 seconds, Stopping threads took: 0.0000177 seconds
2020-11-10T19:33:57.967+0700: 1083.425: Total time for which application threads were stopped: 0.0002852 seconds, Stopping threads took: 0.0000645 seconds
2020-11-10T19:33:57.967+0700: 1083.425: Total time for which application threads were stopped: 0.0000822 seconds, Stopping threads took: 0.0000128 seconds
{Heap before GC invocations=34 (full 2):
 par new generation   total 109248K, used 98593K [0x00000000e0000000, 0x00000000e8000000, 0x00000000e8000000)
  eden space 87424K, 100% used [0x00000000e0000000, 0x00000000e5560000, 0x00000000e5560000)
  from space 21824K,  51% used [0x00000000e5560000, 0x00000000e60485e0, 0x00000000e6ab0000)
  to   space 21824K,   0% used [0x00000000e6ab0000, 0x00000000e6ab0000, 0x00000000e8000000)
 concurrent mark-sweep generation total 393216K, used 37810K [0x00000000e8000000, 0x0000000100000000, 0x0000000100000000)
 Metaspace       used 50696K, capacity 52357K, committed 52640K, reserved 1095680K
  class space    used 5679K, capacity 6080K, committed 6112K, reserved 1048576K
2020-11-10T19:33:58.153+0700: 1083.612: [GC (Allocation Failure) 2020-11-10T19:33:58.153+0700: 1083.612: [ParNew
Desired survivor size 20112992 bytes, new threshold 8 (max 8)
- age   1:    2779320 bytes,    2779320 total
- age   2:     594784 bytes,    3374104 total
- age   3:     141696 bytes,    3515800 total
- age   4:    3404928 bytes,    6920728 total
- age   5:      79216 bytes,    6999944 total
- age   6:    1269240 bytes,    8269184 total
- age   7:     612648 bytes,    8881832 total
- age   8:     144296 bytes,    9026128 total
: 98593K->11036K(109248K), 0.0297213 secs] 136403K->50483K(502464K), 0.0299110 secs] [Times: user=0.05 sys=0.00, real=0.03 secs] 
Heap after GC invocations=35 (full 2):
 par new generation   total 109248K, used 11036K [0x00000000e0000000, 0x00000000e8000000, 0x00000000e8000000)
  eden space 87424K,   0% used [0x00000000e0000000, 0x00000000e0000000, 0x00000000e5560000)
  from space 21824K,  50% used [0x00000000e6ab0000, 0x00000000e75772c8, 0x00000000e8000000)
  to   space 21824K,   0% used [0x00000000e5560000, 0x00000000e5560000, 0x00000000e6ab0000)
 concurrent mark-sweep generation total 393216K, used 39446K [0x00000000e8000000, 0x0000000100000000, 0x0000000100000000)
 Metaspace       used 50696K, capacity 52357K, committed 52640K, reserved 1095680K
  class space    used 5679K, capacity 6080K, committed 6112K, reserved 1048576K
}
2020-11-10T19:33:58.183+0700: 1083.642: Total time for which application threads were stopped: 0.0303833 seconds, Stopping threads took: 0.0000889 seconds
2020-11-10T19:33:58.188+0700: 1083.647: Total time for which application threads were stopped: 0.0009711 seconds, Stopping threads took: 0.0006819 seconds
2020-11-10T19:33:58.189+0700: 1083.648: Total time for which application threads were stopped: 0.0007313 seconds, Stopping threads took: 0.0006169 seconds
{Heap before GC invocations=35 (full 2):
 par new generation   total 109248K, used 98460K [0x00000000e0000000, 0x00000000e8000000, 0x00000000e8000000)
  eden space 87424K, 100% used [0x00000000e0000000, 0x00000000e5560000, 0x00000000e5560000)
  from space 21824K,  50% used [0x00000000e6ab0000, 0x00000000e75772c8, 0x00000000e8000000)
  to   space 21824K,   0% used [0x00000000e5560000, 0x00000000e5560000, 0x00000000e6ab0000)
 concurrent mark-sweep generation total 393216K, used 39446K [0x00000000e8000000, 0x0000000100000000, 0x0000000100000000)
 Metaspace       used 50697K, capacity 52357K, committed 52640K, reserved 1095680K
  class space    used 5679K, capacity 6080K, committed 6112K, reserved 1048576K
2020-11-10T19:33:58.334+0700: 1083.792: [GC (Allocation Failure) 2020-11-10T19:33:58.334+0700: 1083.792: [ParNew
Desired survivor size 20112992 bytes, new threshold 8 (max 8)
- age   1:     191640 bytes,     191640 total
- age   2:    1899808 bytes,    2091448 total
- age   3:     594784 bytes,    2686232 total
- age   4:     141696 bytes,    2827928 total
- age   5:    3398656 bytes,    6226584 total
- age   6:      79216 bytes,    6305800 total
- age   7:    1269176 bytes,    7574976 total
- age   8:     612648 bytes,    8187624 total
: 98460K->11421K(109248K), 0.0248938 secs] 137907K->51011K(502464K), 0.0250710 secs] [Times: user=0.04 sys=0.00, real=0.03 secs] 
Heap after GC invocations=36 (full 2):
 par new generation   total 109248K, used 11421K [0x00000000e0000000, 0x00000000e8000000, 0x00000000e8000000)
  eden space 87424K,   0% used [0x00000000e0000000, 0x00000000e0000000, 0x00000000e5560000)
  from space 21824K,  52% used [0x00000000e5560000, 0x00000000e60875b0, 0x00000000e6ab0000)
  to   space 21824K,   0% used [0x00000000e6ab0000, 0x00000000e6ab0000, 0x00000000e8000000)
 concurrent mark-sweep generation total 393216K, used 39590K [0x00000000e8000000, 0x0000000100000000, 0x0000000100000000)
 Metaspace       used 50697K, capacity 52357K, committed 52640K, reserved 1095680K
  class space    used 5679K, capacity 6080K, committed 6112K, reserved 1048576K
}
2020-11-10T19:33:58.359+0700: 1083.817: Total time for which application threads were stopped: 0.0254735 seconds, Stopping threads took: 0.0000830 seconds
2020-11-10T19:33:58.367+0700: 1083.825: Total time for which application threads were stopped: 0.0034830 seconds, Stopping threads took: 0.0031744 seconds
2020-11-10T19:33:58.468+0700: 1083.926: Total time for which application threads were stopped: 0.0010500 seconds, Stopping threads took: 0.0008382 seconds
2020-11-10T19:33:58.557+0700: 1084.015: Total time for which application threads were stopped: 0.0002805 seconds, Stopping threads took: 0.0000677 seconds
2020-11-10T19:33:58.615+0700: 1084.073: Total time for which application threads were stopped: 0.0002394 seconds, Stopping threads took: 0.0000420 seconds
2020-11-10T19:33:58.623+0700: 1084.082: Total time for which application threads were stopped: 0.0002930 seconds, Stopping threads took: 0.0001026 seconds
2020-11-10T19:34:09.354+0700: 1094.812: Total time for which application threads were stopped: 0.0002693 seconds, Stopping threads took: 0.0000905 seconds
2020-11-10T19:34:09.355+0700: 1094.813: Total time for which application threads were stopped: 0.0001872 seconds, Stopping threads took: 0.0000408 seconds
2020-11-10T19:34:09.355+0700: 1094.813: Total time for which application threads were stopped: 0.0000643 seconds, Stopping threads took: 0.0000107 seconds
2020-11-10T19:34:09.355+0700: 1094.813: Total time for which application threads were stopped: 0.0000594 seconds, Stopping threads took: 0.0000096 seconds
2020-11-10T19:34:09.355+0700: 1094.813: Total time for which application threads were stopped: 0.0000583 seconds, Stopping threads took: 0.0000096 seconds
2020-11-10T19:34:09.355+0700: 1094.813: Total time for which application threads were stopped: 0.0000601 seconds, Stopping threads took: 0.0000099 seconds
2020-11-10T19:34:09.355+0700: 1094.813: Total time for which application threads were stopped: 0.0000568 seconds, Stopping threads took: 0.0000099 seconds
2020-11-10T19:34:09.355+0700: 1094.814: Total time for which application threads were stopped: 0.0000559 seconds, Stopping threads took: 0.0000093 seconds
2020-11-10T19:34:09.355+0700: 1094.814: Total time for which application threads were stopped: 0.0000752 seconds, Stopping threads took: 0.0000097 seconds
2020-11-10T19:34:09.356+0700: 1094.814: Total time for which application threads were stopped: 0.0000616 seconds, Stopping threads took: 0.0000100 seconds
2020-11-10T19:34:09.356+0700: 1094.814: Total time for which application threads were stopped: 0.0000596 seconds, Stopping threads took: 0.0000092 seconds
2020-11-10T19:34:09.356+0700: 1094.814: Total time for which application threads were stopped: 0.0000621 seconds, Stopping threads took: 0.0000098 seconds
2020-11-10T19:34:09.356+0700: 1094.814: Total time for which application threads were stopped: 0.0000591 seconds, Stopping threads took: 0.0000096 seconds
2020-11-10T19:34:09.356+0700: 1094.814: Total time for which application threads were stopped: 0.0000606 seconds, Stopping threads took: 0.0000105 seconds
2020-11-10T19:34:09.356+0700: 1094.814: Total time for which application threads were stopped: 0.0000628 seconds, Stopping threads took: 0.0000101 seconds
2020-11-10T19:34:09.356+0700: 1094.814: Total time for which application threads were stopped: 0.0000616 seconds, Stopping threads took: 0.0000099 seconds
2020-11-10T19:34:09.356+0700: 1094.814: Total time for which application threads were stopped: 0.0000730 seconds, Stopping threads took: 0.0000119 seconds
2020-11-10T19:34:09.356+0700: 1094.814: Total time for which application threads were stopped: 0.0000583 seconds, Stopping threads took: 0.0000100 seconds
2020-11-10T19:34:09.356+0700: 1094.815: Total time for which application threads were stopped: 0.0000578 seconds, Stopping threads took: 0.0000092 seconds
2020-11-10T19:34:09.356+0700: 1094.815: Total time for which application threads were stopped: 0.0000590 seconds, Stopping threads took: 0.0000099 seconds
2020-11-10T19:34:09.357+0700: 1094.815: Total time for which application threads were stopped: 0.0000584 seconds, Stopping threads took: 0.0000097 seconds
2020-11-10T19:34:09.357+0700: 1094.815: Total time for which application threads were stopped: 0.0002899 seconds, Stopping threads took: 0.0000097 seconds
2020-11-10T19:34:09.357+0700: 1094.815: Total time for which application threads were stopped: 0.0000869 seconds, Stopping threads took: 0.0000155 seconds
{Heap before GC invocations=36 (full 2):
 par new generation   total 109248K, used 98845K [0x00000000e0000000, 0x00000000e8000000, 0x00000000e8000000)
  eden space 87424K, 100% used [0x00000000e0000000, 0x00000000e5560000, 0x00000000e5560000)
  from space 21824K,  52% used [0x00000000e5560000, 0x00000000e60875b0, 0x00000000e6ab0000)
  to   space 21824K,   0% used [0x00000000e6ab0000, 0x00000000e6ab0000, 0x00000000e8000000)
 concurrent mark-sweep generation total 393216K, used 39590K [0x00000000e8000000, 0x0000000100000000, 0x0000000100000000)
 Metaspace       used 50734K, capacity 52433K, committed 52640K, reserved 1095680K
  class space    used 5680K, capacity 6082K, committed 6112K, reserved 1048576K
2020-11-10T19:34:09.507+0700: 1094.966: [GC (Allocation Failure) 2020-11-10T19:34:09.508+0700: 1094.966: [ParNew
Desired survivor size 20112992 bytes, new threshold 8 (max 8)
- age   1:    5090280 bytes,    5090280 total
- age   2:      89928 bytes,    5180208 total
- age   3:    1150112 bytes,    6330320 total
- age   4:     594784 bytes,    6925104 total
- age   5:     141696 bytes,    7066800 total
- age   6:    3397232 bytes,   10464032 total
- age   7:      79216 bytes,   10543248 total
- age   8:    1266200 bytes,   11809448 total
: 98845K->13480K(109248K), 0.0310792 secs] 138435K->53672K(502464K), 0.0312761 secs] [Times: user=0.06 sys=0.00, real=0.03 secs] 
Heap after GC invocations=37 (full 2):
 par new generation   total 109248K, used 13480K [0x00000000e0000000, 0x00000000e8000000, 0x00000000e8000000)
  eden space 87424K,   0% used [0x00000000e0000000, 0x00000000e0000000, 0x00000000e5560000)
  from space 21824K,  61% used [0x00000000e6ab0000, 0x00000000e77da1a8, 0x00000000e8000000)
  to   space 21824K,   0% used [0x00000000e5560000, 0x00000000e5560000, 0x00000000e6ab0000)
 concurrent mark-sweep generation total 393216K, used 40191K [0x00000000e8000000, 0x0000000100000000, 0x0000000100000000)
 Metaspace       used 50734K, capacity 52433K, committed 52640K, reserved 1095680K
  class space    used 5680K, capacity 6082K, committed 6112K, reserved 1048576K
}
2020-11-10T19:34:09.539+0700: 1094.997: Total time for which application threads were stopped: 0.0318770 seconds, Stopping threads took: 0.0001147 seconds
2020-11-10T19:34:09.541+0700: 1094.999: Total time for which application threads were stopped: 0.0004718 seconds, Stopping threads took: 0.0001513 seconds
2020-11-10T19:34:09.541+0700: 1095.000: Total time for which application threads were stopped: 0.0001819 seconds, Stopping threads took: 0.0000923 seconds
{Heap before GC invocations=37 (full 2):
 par new generation   total 109248K, used 100904K [0x00000000e0000000, 0x00000000e8000000, 0x00000000e8000000)
  eden space 87424K, 100% used [0x00000000e0000000, 0x00000000e5560000, 0x00000000e5560000)
  from space 21824K,  61% used [0x00000000e6ab0000, 0x00000000e77da1a8, 0x00000000e8000000)
  to   space 21824K,   0% used [0x00000000e5560000, 0x00000000e5560000, 0x00000000e6ab0000)
 concurrent mark-sweep generation total 393216K, used 40191K [0x00000000e8000000, 0x0000000100000000, 0x0000000100000000)
 Metaspace       used 50735K, capacity 52433K, committed 52640K, reserved 1095680K
  class space    used 5681K, capacity 6082K, committed 6112K, reserved 1048576K
2020-11-10T19:34:09.663+0700: 1095.121: [GC (Allocation Failure) 2020-11-10T19:34:09.663+0700: 1095.121: [ParNew
Desired survivor size 20112992 bytes, new threshold 8 (max 8)
- age   1:     101368 bytes,     101368 total
- age   2:    4446640 bytes,    4548008 total
- age   3:      89928 bytes,    4637936 total
- age   4:    1150112 bytes,    5788048 total
- age   5:     594784 bytes,    6382832 total
- age   6:     141696 bytes,    6524528 total
- age   7:    3397232 bytes,    9921760 total
- age   8:      79320 bytes,   10001080 total
: 100904K->17281K(109248K), 0.0476849 secs] 141096K->58720K(502464K), 0.0478448 secs] [Times: user=0.09 sys=0.00, real=0.05 secs] 
Heap after GC invocations=38 (full 2):
 par new generation   total 109248K, used 17281K [0x00000000e0000000, 0x00000000e8000000, 0x00000000e8000000)
  eden space 87424K,   0% used [0x00000000e0000000, 0x00000000e0000000, 0x00000000e5560000)
  from space 21824K,  79% used [0x00000000e5560000, 0x00000000e6640538, 0x00000000e6ab0000)
  to   space 21824K,   0% used [0x00000000e6ab0000, 0x00000000e6ab0000, 0x00000000e8000000)
 concurrent mark-sweep generation total 393216K, used 41438K [0x00000000e8000000, 0x0000000100000000, 0x0000000100000000)
 Metaspace       used 50735K, capacity 52433K, committed 52640K, reserved 1095680K
  class space    used 5681K, capacity 6082K, committed 6112K, reserved 1048576K
}
2020-11-10T19:34:09.711+0700: 1095.169: Total time for which application threads were stopped: 0.0483142 seconds, Stopping threads took: 0.0001048 seconds
2020-11-10T19:34:09.714+0700: 1095.172: Total time for which application threads were stopped: 0.0010310 seconds, Stopping threads took: 0.0007258 seconds
2020-11-10T19:34:09.835+0700: 1095.293: Total time for which application threads were stopped: 0.0003501 seconds, Stopping threads took: 0.0001207 seconds
2020-11-10T19:34:09.839+0700: 1095.297: Total time for which application threads were stopped: 0.0002843 seconds, Stopping threads took: 0.0000974 seconds
2020-11-10T19:34:09.839+0700: 1095.297: Total time for which application threads were stopped: 0.0001571 seconds, Stopping threads took: 0.0000424 seconds
2020-11-10T19:34:09.843+0700: 1095.301: Total time for which application threads were stopped: 0.0002859 seconds, Stopping threads took: 0.0000853 seconds
2020-11-10T19:34:09.865+0700: 1095.324: Total time for which application threads were stopped: 0.0003111 seconds, Stopping threads took: 0.0000734 seconds
2020-11-10T19:34:09.917+0700: 1095.375: Total time for which application threads were stopped: 0.0002268 seconds, Stopping threads took: 0.0000779 seconds
2020-11-10T19:34:09.917+0700: 1095.375: Total time for which application threads were stopped: 0.0000730 seconds, Stopping threads took: 0.0000226 seconds
2020-11-10T19:34:09.917+0700: 1095.375: Total time for which application threads were stopped: 0.0001398 seconds, Stopping threads took: 0.0000834 seconds
2020-11-10T19:34:09.917+0700: 1095.376: Total time for which application threads were stopped: 0.0000901 seconds, Stopping threads took: 0.0000241 seconds
2020-11-10T19:34:09.918+0700: 1095.376: Total time for which application threads were stopped: 0.0000661 seconds, Stopping threads took: 0.0000171 seconds
2020-11-10T19:34:09.918+0700: 1095.376: Total time for which application threads were stopped: 0.0000704 seconds, Stopping threads took: 0.0000231 seconds
2020-11-10T19:34:09.918+0700: 1095.376: Total time for which application threads were stopped: 0.0000709 seconds, Stopping threads took: 0.0000238 seconds
2020-11-10T19:34:09.922+0700: 1095.380: Total time for which application threads were stopped: 0.0003198 seconds, Stopping threads took: 0.0000608 seconds
2020-11-10T19:34:09.932+0700: 1095.390: Total time for which application threads were stopped: 0.0002409 seconds, Stopping threads took: 0.0000846 seconds
2020-11-10T19:34:09.932+0700: 1095.390: Total time for which application threads were stopped: 0.0000633 seconds, Stopping threads took: 0.0000137 seconds
2020-11-10T19:34:09.934+0700: 1095.392: Total time for which application threads were stopped: 0.0001871 seconds, Stopping threads took: 0.0000393 seconds
2020-11-10T19:34:09.934+0700: 1095.392: Total time for which application threads were stopped: 0.0000669 seconds, Stopping threads took: 0.0000134 seconds
2020-11-10T19:34:10.934+0700: 1096.392: Total time for which application threads were stopped: 0.0002204 seconds, Stopping threads took: 0.0000590 seconds
2020-11-10T19:34:13.653+0700: 1099.112: Total time for which application threads were stopped: 0.0003766 seconds, Stopping threads took: 0.0001001 seconds
2020-11-10T19:34:13.654+0700: 1099.112: Total time for which application threads were stopped: 0.0002751 seconds, Stopping threads took: 0.0001218 seconds
2020-11-10T19:34:13.663+0700: 1099.121: Total time for which application threads were stopped: 0.0002732 seconds, Stopping threads took: 0.0000748 seconds
2020-11-10T19:34:13.663+0700: 1099.121: Total time for which application threads were stopped: 0.0001682 seconds, Stopping threads took: 0.0000597 seconds
2020-11-10T19:34:13.678+0700: 1099.136: Total time for which application threads were stopped: 0.0003106 seconds, Stopping threads took: 0.0000539 seconds
2020-11-10T19:34:13.678+0700: 1099.137: Total time for which application threads were stopped: 0.0002065 seconds, Stopping threads took: 0.0000343 seconds
2020-11-10T19:34:13.687+0700: 1099.145: Total time for which application threads were stopped: 0.0003846 seconds, Stopping threads took: 0.0001203 seconds
2020-11-10T19:34:13.687+0700: 1099.145: Total time for which application threads were stopped: 0.0002185 seconds, Stopping threads took: 0.0000576 seconds
2020-11-10T19:34:17.255+0700: 1102.713: Total time for which application threads were stopped: 0.0011582 seconds, Stopping threads took: 0.0008535 seconds
2020-11-10T19:34:17.257+0700: 1102.715: Total time for which application threads were stopped: 0.0012676 seconds, Stopping threads took: 0.0010507 seconds
2020-11-10T19:34:17.265+0700: 1102.724: Total time for which application threads were stopped: 0.0022204 seconds, Stopping threads took: 0.0019119 seconds
2020-11-10T19:34:17.269+0700: 1102.727: Total time for which application threads were stopped: 0.0002428 seconds, Stopping threads took: 0.0000753 seconds
2020-11-10T19:34:17.271+0700: 1102.729: Total time for which application threads were stopped: 0.0002265 seconds, Stopping threads took: 0.0000473 seconds
2020-11-10T19:34:17.273+0700: 1102.731: Total time for which application threads were stopped: 0.0002904 seconds, Stopping threads took: 0.0000560 seconds
2020-11-10T19:34:17.273+0700: 1102.732: Total time for which application threads were stopped: 0.0001434 seconds, Stopping threads took: 0.0000248 seconds
2020-11-10T19:34:17.282+0700: 1102.740: Total time for which application threads were stopped: 0.0002531 seconds, Stopping threads took: 0.0000641 seconds
2020-11-10T19:34:17.282+0700: 1102.740: Total time for which application threads were stopped: 0.0002795 seconds, Stopping threads took: 0.0001880 seconds
2020-11-10T19:34:19.073+0700: 1104.531: Total time for which application threads were stopped: 0.0003087 seconds, Stopping threads took: 0.0000533 seconds
2020-11-10T19:34:19.073+0700: 1104.531: Total time for which application threads were stopped: 0.0001585 seconds, Stopping threads took: 0.0000250 seconds
2020-11-10T19:34:19.079+0700: 1104.537: Total time for which application threads were stopped: 0.0003260 seconds, Stopping threads took: 0.0000510 seconds
2020-11-10T19:34:19.079+0700: 1104.537: Total time for which application threads were stopped: 0.0001679 seconds, Stopping threads took: 0.0000208 seconds
2020-11-10T19:34:19.083+0700: 1104.541: Total time for which application threads were stopped: 0.0002529 seconds, Stopping threads took: 0.0000551 seconds
2020-11-10T19:34:19.083+0700: 1104.541: Total time for which application threads were stopped: 0.0000993 seconds, Stopping threads took: 0.0000200 seconds
2020-11-10T19:34:19.096+0700: 1104.554: Total time for which application threads were stopped: 0.0004301 seconds, Stopping threads took: 0.0002154 seconds
2020-11-10T19:34:19.096+0700: 1104.554: Total time for which application threads were stopped: 0.0001962 seconds, Stopping threads took: 0.0000216 seconds
2020-11-10T19:34:20.619+0700: 1106.077: Total time for which application threads were stopped: 0.0011610 seconds, Stopping threads took: 0.0008985 seconds
2020-11-10T19:34:20.625+0700: 1106.083: Total time for which application threads were stopped: 0.0003279 seconds, Stopping threads took: 0.0000752 seconds
2020-11-10T19:34:20.626+0700: 1106.084: Total time for which application threads were stopped: 0.0002279 seconds, Stopping threads took: 0.0000723 seconds
2020-11-10T19:34:20.635+0700: 1106.093: Total time for which application threads were stopped: 0.0005354 seconds, Stopping threads took: 0.0002586 seconds
2020-11-10T19:34:20.635+0700: 1106.093: Total time for which application threads were stopped: 0.0002015 seconds, Stopping threads took: 0.0000325 seconds
2020-11-10T19:34:20.646+0700: 1106.105: Total time for which application threads were stopped: 0.0003145 seconds, Stopping threads took: 0.0000702 seconds
2020-11-10T19:34:20.647+0700: 1106.105: Total time for which application threads were stopped: 0.0001340 seconds, Stopping threads took: 0.0000249 seconds
2020-11-10T19:34:20.654+0700: 1106.112: Total time for which application threads were stopped: 0.0002972 seconds, Stopping threads took: 0.0000552 seconds
2020-11-10T19:34:20.654+0700: 1106.112: Total time for which application threads were stopped: 0.0001450 seconds, Stopping threads took: 0.0000231 seconds
2020-11-10T19:34:20.664+0700: 1106.122: Total time for which application threads were stopped: 0.0002159 seconds, Stopping threads took: 0.0000521 seconds
2020-11-10T19:34:20.664+0700: 1106.122: Total time for which application threads were stopped: 0.0000921 seconds, Stopping threads took: 0.0000201 seconds
2020-11-10T19:34:22.504+0700: 1107.962: Total time for which application threads were stopped: 0.0004258 seconds, Stopping threads took: 0.0001841 seconds
2020-11-10T19:34:22.535+0700: 1107.993: Total time for which application threads were stopped: 0.0003524 seconds, Stopping threads took: 0.0000807 seconds
2020-11-10T19:34:22.535+0700: 1107.993: Total time for which application threads were stopped: 0.0001578 seconds, Stopping threads took: 0.0000258 seconds
2020-11-10T19:34:22.539+0700: 1107.997: Total time for which application threads were stopped: 0.0008028 seconds, Stopping threads took: 0.0000681 seconds
2020-11-10T19:34:22.539+0700: 1107.997: Total time for which application threads were stopped: 0.0005041 seconds, Stopping threads took: 0.0000340 seconds
2020-11-10T19:34:22.540+0700: 1107.998: Total time for which application threads were stopped: 0.0005449 seconds, Stopping threads took: 0.0000578 seconds
2020-11-10T19:34:23.540+0700: 1108.998: Total time for which application threads were stopped: 0.0002558 seconds, Stopping threads took: 0.0000620 seconds
2020-11-10T19:34:29.047+0700: 1114.506: Total time for which application threads were stopped: 0.0003375 seconds, Stopping threads took: 0.0000600 seconds
2020-11-10T19:34:29.048+0700: 1114.506: Total time for which application threads were stopped: 0.0004433 seconds, Stopping threads took: 0.0000823 seconds
2020-11-10T19:34:30.048+0700: 1115.506: Total time for which application threads were stopped: 0.0002326 seconds, Stopping threads took: 0.0000553 seconds
{Heap before GC invocations=38 (full 2):
 par new generation   total 109248K, used 104705K [0x00000000e0000000, 0x00000000e8000000, 0x00000000e8000000)
  eden space 87424K, 100% used [0x00000000e0000000, 0x00000000e5560000, 0x00000000e5560000)
  from space 21824K,  79% used [0x00000000e5560000, 0x00000000e6640538, 0x00000000e6ab0000)
  to   space 21824K,   0% used [0x00000000e6ab0000, 0x00000000e6ab0000, 0x00000000e8000000)
 concurrent mark-sweep generation total 393216K, used 41438K [0x00000000e8000000, 0x0000000100000000, 0x0000000100000000)
 Metaspace       used 50850K, capacity 52503K, committed 52640K, reserved 1095680K
  class space    used 5681K, capacity 6083K, committed 6112K, reserved 1048576K
2020-11-10T19:34:33.682+0700: 1119.140: [GC (Allocation Failure) 2020-11-10T19:34:33.682+0700: 1119.140: [ParNew
Desired survivor size 20112992 bytes, new threshold 8 (max 8)
- age   1:    1468792 bytes,    1468792 total
- age   2:      81496 bytes,    1550288 total
- age   3:    3486168 bytes,    5036456 total
- age   4:      89928 bytes,    5126384 total
- age   5:    1149560 bytes,    6275944 total
- age   6:     627568 bytes,    6903512 total
- age   7:     141696 bytes,    7045208 total
- age   8:    3397088 bytes,   10442296 total
: 104705K->14731K(109248K), 0.0433803 secs] 146144K->56249K(502464K), 0.0435683 secs] [Times: user=0.09 sys=0.00, real=0.04 secs] 
Heap after GC invocations=39 (full 2):
 par new generation   total 109248K, used 14731K [0x00000000e0000000, 0x00000000e8000000, 0x00000000e8000000)
  eden space 87424K,   0% used [0x00000000e0000000, 0x00000000e0000000, 0x00000000e5560000)
  from space 21824K,  67% used [0x00000000e6ab0000, 0x00000000e7912ce0, 0x00000000e8000000)
  to   space 21824K,   0% used [0x00000000e5560000, 0x00000000e5560000, 0x00000000e6ab0000)
 concurrent mark-sweep generation total 393216K, used 41518K [0x00000000e8000000, 0x0000000100000000, 0x0000000100000000)
 Metaspace       used 50850K, capacity 52503K, committed 52640K, reserved 1095680K
  class space    used 5681K, capacity 6083K, committed 6112K, reserved 1048576K
}
2020-11-10T19:34:33.726+0700: 1119.184: Total time for which application threads were stopped: 0.0440988 seconds, Stopping threads took: 0.0001127 seconds
2020-11-10T19:34:34.727+0700: 1120.185: Total time for which application threads were stopped: 0.0002388 seconds, Stopping threads took: 0.0000614 seconds
2020-11-10T19:34:51.729+0700: 1137.187: Total time for which application threads were stopped: 0.0002551 seconds, Stopping threads took: 0.0000848 seconds
2020-11-10T19:34:58.729+0700: 1144.188: Total time for which application threads were stopped: 0.0002257 seconds, Stopping threads took: 0.0000599 seconds
2020-11-10T19:35:22.549+0700: 1168.007: Total time for which application threads were stopped: 0.0003219 seconds, Stopping threads took: 0.0001041 seconds
2020-11-10T19:35:38.550+0700: 1184.008: Total time for which application threads were stopped: 0.0002361 seconds, Stopping threads took: 0.0000604 seconds
2020-11-10T19:35:58.552+0700: 1204.010: Total time for which application threads were stopped: 0.0002602 seconds, Stopping threads took: 0.0000919 seconds
2020-11-10T19:36:40.114+0700: 1245.572: Total time for which application threads were stopped: 0.0002493 seconds, Stopping threads took: 0.0000518 seconds
2020-11-10T19:36:40.133+0700: 1245.591: Total time for which application threads were stopped: 0.0001460 seconds, Stopping threads took: 0.0000322 seconds
2020-11-10T19:36:59.134+0700: 1264.593: Total time for which application threads were stopped: 0.0002539 seconds, Stopping threads took: 0.0000901 seconds
2020-11-10T19:37:41.138+0700: 1306.596: Total time for which application threads were stopped: 0.0002384 seconds, Stopping threads took: 0.0000552 seconds
2020-11-10T19:37:59.139+0700: 1324.597: Total time for which application threads were stopped: 0.0002507 seconds, Stopping threads took: 0.0000920 seconds
2020-11-10T19:39:59.148+0700: 1444.606: Total time for which application threads were stopped: 0.0002494 seconds, Stopping threads took: 0.0000866 seconds
2020-11-10T19:40:59.152+0700: 1504.610: Total time for which application threads were stopped: 0.0002637 seconds, Stopping threads took: 0.0000858 seconds
2020-11-10T19:43:59.165+0700: 1684.623: Total time for which application threads were stopped: 0.0002822 seconds, Stopping threads took: 0.0001163 seconds
2020-11-10T19:44:59.169+0700: 1744.628: Total time for which application threads were stopped: 0.0002851 seconds, Stopping threads took: 0.0000949 seconds
2020-11-10T19:49:59.190+0700: 2044.648: Total time for which application threads were stopped: 0.0002609 seconds, Stopping threads took: 0.0000946 seconds
2020-11-10T19:50:59.195+0700: 2104.653: Total time for which application threads were stopped: 0.0002622 seconds, Stopping threads took: 0.0000961 seconds
2020-11-10T20:01:59.241+0700: 2764.699: Total time for which application threads were stopped: 0.0002647 seconds, Stopping threads took: 0.0000942 seconds
2020-11-10T20:02:59.245+0700: 2824.703: Total time for which application threads were stopped: 0.0002586 seconds, Stopping threads took: 0.0000939 seconds
2020-11-10T20:05:59.258+0700: 3004.716: Total time for which application threads were stopped: 0.0002544 seconds, Stopping threads took: 0.0000926 seconds
2020-11-10T20:09:59.275+0700: 3244.733: Total time for which application threads were stopped: 0.0002539 seconds, Stopping threads took: 0.0000949 seconds
2020-11-10T20:12:59.287+0700: 3424.746: Total time for which application threads were stopped: 0.0002621 seconds, Stopping threads took: 0.0000811 seconds
2020-11-10T20:15:59.300+0700: 3604.758: Total time for which application threads were stopped: 0.0002526 seconds, Stopping threads took: 0.0000808 seconds
2020-11-10T20:17:59.309+0700: 3724.767: Total time for which application threads were stopped: 0.0002621 seconds, Stopping threads took: 0.0001009 seconds
2020-11-10T20:20:59.321+0700: 3904.779: Total time for which application threads were stopped: 0.0002451 seconds, Stopping threads took: 0.0000850 seconds
2020-11-10T20:38:59.396+0700: 4984.854: Total time for which application threads were stopped: 0.0002514 seconds, Stopping threads took: 0.0000916 seconds
2020-11-10T20:40:59.405+0700: 5104.863: Total time for which application threads were stopped: 0.0002693 seconds, Stopping threads took: 0.0001020 seconds
2020-11-10T20:45:59.426+0700: 5404.884: Total time for which application threads were stopped: 0.0002575 seconds, Stopping threads took: 0.0000927 seconds
2020-11-10T20:46:59.430+0700: 5464.889: Total time for which application threads were stopped: 0.0002949 seconds, Stopping threads took: 0.0000915 seconds
2020-11-10T20:47:58.435+0700: 5523.893: Total time for which application threads were stopped: 0.0002521 seconds, Stopping threads took: 0.0000935 seconds
2020-11-10T20:48:59.439+0700: 5584.898: Total time for which application threads were stopped: 0.0002901 seconds, Stopping threads took: 0.0000915 seconds
2020-11-10T20:49:58.444+0700: 5643.902: Total time for which application threads were stopped: 0.0002529 seconds, Stopping threads took: 0.0000934 seconds
2020-11-10T20:49:59.444+0700: 5644.902: Total time for which application threads were stopped: 0.0002845 seconds, Stopping threads took: 0.0000919 seconds
2020-11-10T21:00:59.491+0700: 6304.949: Total time for which application threads were stopped: 0.0003123 seconds, Stopping threads took: 0.0001179 seconds
2020-11-10T21:01:59.496+0700: 6364.954: Total time for which application threads were stopped: 0.0003180 seconds, Stopping threads took: 0.0001265 seconds
2020-11-10T21:23:59.588+0700: 7685.046: Total time for which application threads were stopped: 0.0002417 seconds, Stopping threads took: 0.0000741 seconds
2020-11-10T21:25:59.597+0700: 7805.055: Total time for which application threads were stopped: 0.0002652 seconds, Stopping threads took: 0.0000964 seconds
2020-11-10T21:27:59.605+0700: 7925.063: Total time for which application threads were stopped: 0.0002702 seconds, Stopping threads took: 0.0000956 seconds
2020-11-10T21:35:59.639+0700: 8405.097: Total time for which application threads were stopped: 0.0002570 seconds, Stopping threads took: 0.0000997 seconds
{Heap before GC invocations=39 (full 2):
 par new generation   total 109248K, used 102155K [0x00000000e0000000, 0x00000000e8000000, 0x00000000e8000000)
  eden space 87424K, 100% used [0x00000000e0000000, 0x00000000e5560000, 0x00000000e5560000)
  from space 21824K,  67% used [0x00000000e6ab0000, 0x00000000e7912ce0, 0x00000000e8000000)
  to   space 21824K,   0% used [0x00000000e5560000, 0x00000000e5560000, 0x00000000e6ab0000)
 concurrent mark-sweep generation total 393216K, used 41518K [0x00000000e8000000, 0x0000000100000000, 0x0000000100000000)
 Metaspace       used 51016K, capacity 52651K, committed 52896K, reserved 1095680K
  class space    used 5681K, capacity 6083K, committed 6112K, reserved 1048576K
2020-11-10T21:41:59.522+0700: 8764.980: [GC (Allocation Failure) 2020-11-10T21:41:59.538+0700: 8764.996: [ParNew
Desired survivor size 20112992 bytes, new threshold 8 (max 8)
- age   1:      49368 bytes,      49368 total
- age   2:    1089320 bytes,    1138688 total
- age   3:      81496 bytes,    1220184 total
- age   4:    3476640 bytes,    4696824 total
- age   5:      89864 bytes,    4786688 total
- age   6:    1149560 bytes,    5936248 total
- age   7:     594784 bytes,    6531032 total
- age   8:     141696 bytes,    6672728 total
: 102155K->8819K(109248K), 0.0528209 secs] 143673K->53665K(502464K), 0.0690956 secs] [Times: user=0.10 sys=0.00, real=0.07 secs] 
Heap after GC invocations=40 (full 2):
 par new generation   total 109248K, used 8819K [0x00000000e0000000, 0x00000000e8000000, 0x00000000e8000000)
  eden space 87424K,   0% used [0x00000000e0000000, 0x00000000e0000000, 0x00000000e5560000)
  from space 21824K,  40% used [0x00000000e5560000, 0x00000000e5dfcdd0, 0x00000000e6ab0000)
  to   space 21824K,   0% used [0x00000000e6ab0000, 0x00000000e6ab0000, 0x00000000e8000000)
 concurrent mark-sweep generation total 393216K, used 44845K [0x00000000e8000000, 0x0000000100000000, 0x0000000100000000)
 Metaspace       used 51016K, capacity 52651K, committed 52896K, reserved 1095680K
  class space    used 5681K, capacity 6083K, committed 6112K, reserved 1048576K
}
2020-11-10T21:41:59.591+0700: 8765.049: Total time for which application threads were stopped: 0.0696077 seconds, Stopping threads took: 0.0000947 seconds
2020-11-10T21:59:00.662+0700: 9786.120: Total time for which application threads were stopped: 0.0002609 seconds, Stopping threads took: 0.0000937 seconds
2020-11-10T22:16:00.732+0700: 10806.190: Total time for which application threads were stopped: 0.0002515 seconds, Stopping threads took: 0.0000905 seconds
2020-11-10T22:24:00.766+0700: 11286.224: Total time for which application threads were stopped: 0.0002622 seconds, Stopping threads took: 0.0000930 seconds
2020-11-10T22:44:56.852+0700: 12542.311: Total time for which application threads were stopped: 0.0002853 seconds, Stopping threads took: 0.0000950 seconds
2020-11-10T22:46:00.857+0700: 12606.315: Total time for which application threads were stopped: 0.0002561 seconds, Stopping threads took: 0.0000806 seconds
2020-11-10T23:13:20.971+0700: 14246.430: Total time for which application threads were stopped: 0.0002691 seconds, Stopping threads took: 0.0000601 seconds
2020-11-10T23:13:24.042+0700: 14249.500: Total time for which application threads were stopped: 0.0013029 seconds, Stopping threads took: 0.0002356 seconds
2020-11-10T23:13:25.043+0700: 14250.501: Total time for which application threads were stopped: 0.0002545 seconds, Stopping threads took: 0.0000747 seconds
2020-11-10T23:13:27.043+0700: 14252.501: Total time for which application threads were stopped: 0.0002455 seconds, Stopping threads took: 0.0000594 seconds
2020-11-10T23:13:49.045+0700: 14274.503: Total time for which application threads were stopped: 0.0003153 seconds, Stopping threads took: 0.0000541 seconds
2020-11-10T23:13:50.045+0700: 14275.503: Total time for which application threads were stopped: 0.0002418 seconds, Stopping threads took: 0.0000593 seconds
2020-11-10T23:14:26.190+0700: 14311.649: Total time for which application threads were stopped: 0.0003307 seconds, Stopping threads took: 0.0001006 seconds
2020-11-10T23:14:49.057+0700: 14334.515: Total time for which application threads were stopped: 0.0002445 seconds, Stopping threads took: 0.0000633 seconds
2020-11-10T23:27:01.108+0700: 15066.566: Total time for which application threads were stopped: 0.0002612 seconds, Stopping threads took: 0.0000942 seconds
2020-11-10T23:28:37.115+0700: 15162.573: Total time for which application threads were stopped: 0.0002865 seconds, Stopping threads took: 0.0000736 seconds
2020-11-10T23:28:44.116+0700: 15169.574: Total time for which application threads were stopped: 0.0002506 seconds, Stopping threads took: 0.0000601 seconds
2020-11-10T23:28:46.116+0700: 15171.574: Total time for which application threads were stopped: 0.0002270 seconds, Stopping threads took: 0.0000681 seconds
2020-11-10T23:28:52.117+0700: 15177.575: Total time for which application threads were stopped: 0.0002493 seconds, Stopping threads took: 0.0000603 seconds
2020-11-10T23:28:53.117+0700: 15178.575: Total time for which application threads were stopped: 0.0002765 seconds, Stopping threads took: 0.0000581 seconds
2020-11-10T23:28:53.953+0700: 15179.412: Total time for which application threads were stopped: 0.0002757 seconds, Stopping threads took: 0.0000790 seconds
2020-11-10T23:28:53.980+0700: 15179.438: Total time for which application threads were stopped: 0.0002199 seconds, Stopping threads took: 0.0000472 seconds
2020-11-10T23:28:53.982+0700: 15179.440: Total time for which application threads were stopped: 0.0001770 seconds, Stopping threads took: 0.0000321 seconds
2020-11-10T23:28:53.982+0700: 15179.440: Total time for which application threads were stopped: 0.0000630 seconds, Stopping threads took: 0.0000111 seconds
2020-11-10T23:28:53.983+0700: 15179.441: Total time for which application threads were stopped: 0.0000859 seconds, Stopping threads took: 0.0000145 seconds
2020-11-10T23:28:54.983+0700: 15180.441: Total time for which application threads were stopped: 0.0002351 seconds, Stopping threads took: 0.0000597 seconds
2020-11-10T23:28:56.983+0700: 15182.442: Total time for which application threads were stopped: 0.0002439 seconds, Stopping threads took: 0.0000589 seconds
2020-11-10T23:28:57.929+0700: 15183.387: Total time for which application threads were stopped: 0.0003091 seconds, Stopping threads took: 0.0000597 seconds
2020-11-10T23:28:57.929+0700: 15183.387: Total time for which application threads were stopped: 0.0001438 seconds, Stopping threads took: 0.0000257 seconds
2020-11-10T23:28:57.929+0700: 15183.387: Total time for which application threads were stopped: 0.0001387 seconds, Stopping threads took: 0.0000245 seconds
2020-11-10T23:28:57.940+0700: 15183.398: Total time for which application threads were stopped: 0.0002331 seconds, Stopping threads took: 0.0000712 seconds
2020-11-10T23:28:57.940+0700: 15183.398: Total time for which application threads were stopped: 0.0002257 seconds, Stopping threads took: 0.0000269 seconds
2020-11-10T23:28:57.971+0700: 15183.429: Total time for which application threads were stopped: 0.0003608 seconds, Stopping threads took: 0.0001035 seconds
2020-11-10T23:28:57.996+0700: 15183.454: Total time for which application threads were stopped: 0.0002651 seconds, Stopping threads took: 0.0000633 seconds
2020-11-10T23:28:58.080+0700: 15183.538: Total time for which application threads were stopped: 0.0002936 seconds, Stopping threads took: 0.0000874 seconds
2020-11-10T23:28:58.083+0700: 15183.542: Total time for which application threads were stopped: 0.0001966 seconds, Stopping threads took: 0.0000504 seconds
{Heap before GC invocations=40 (full 2):
 par new generation   total 109248K, used 96243K [0x00000000e0000000, 0x00000000e8000000, 0x00000000e8000000)
  eden space 87424K, 100% used [0x00000000e0000000, 0x00000000e5560000, 0x00000000e5560000)
  from space 21824K,  40% used [0x00000000e5560000, 0x00000000e5dfcdd0, 0x00000000e6ab0000)
  to   space 21824K,   0% used [0x00000000e6ab0000, 0x00000000e6ab0000, 0x00000000e8000000)
 concurrent mark-sweep generation total 393216K, used 44845K [0x00000000e8000000, 0x0000000100000000, 0x0000000100000000)
 Metaspace       used 51420K, capacity 53183K, committed 53536K, reserved 1097728K
  class space    used 5708K, capacity 6123K, committed 6240K, reserved 1048576K
2020-11-10T23:28:58.086+0700: 15183.544: [GC (Allocation Failure) 2020-11-10T23:28:58.086+0700: 15183.544: [ParNew
Desired survivor size 20112992 bytes, new threshold 8 (max 8)
- age   1:     786992 bytes,     786992 total
- age   2:      17576 bytes,     804568 total
- age   3:    1082248 bytes,    1886816 total
- age   4:      81496 bytes,    1968312 total
- age   5:    3474712 bytes,    5443024 total
- age   6:      89864 bytes,    5532888 total
- age   7:    1147376 bytes,    6680264 total
- age   8:     594784 bytes,    7275048 total
: 96243K->9258K(109248K), 0.0259009 secs] 141089K->54245K(502464K), 0.0260902 secs] [Times: user=0.05 sys=0.00, real=0.03 secs] 
Heap after GC invocations=41 (full 2):
 par new generation   total 109248K, used 9258K [0x00000000e0000000, 0x00000000e8000000, 0x00000000e8000000)
  eden space 87424K,   0% used [0x00000000e0000000, 0x00000000e0000000, 0x00000000e5560000)
  from space 21824K,  42% used [0x00000000e6ab0000, 0x00000000e73baba0, 0x00000000e8000000)
  to   space 21824K,   0% used [0x00000000e5560000, 0x00000000e5560000, 0x00000000e6ab0000)
 concurrent mark-sweep generation total 393216K, used 44986K [0x00000000e8000000, 0x0000000100000000, 0x0000000100000000)
 Metaspace       used 51420K, capacity 53183K, committed 53536K, reserved 1097728K
  class space    used 5708K, capacity 6123K, committed 6240K, reserved 1048576K
}
2020-11-10T23:28:58.112+0700: 15183.570: Total time for which application threads were stopped: 0.0264995 seconds, Stopping threads took: 0.0000526 seconds
2020-11-10T23:28:58.116+0700: 15183.574: Total time for which application threads were stopped: 0.0003146 seconds, Stopping threads took: 0.0000911 seconds
2020-11-10T23:28:58.636+0700: 15184.095: Total time for which application threads were stopped: 0.0012490 seconds, Stopping threads took: 0.0000505 seconds
2020-11-10T23:28:59.009+0700: 15184.467: Total time for which application threads were stopped: 0.0003105 seconds, Stopping threads took: 0.0000921 seconds
2020-11-10T23:29:01.009+0700: 15186.467: Total time for which application threads were stopped: 0.0002394 seconds, Stopping threads took: 0.0000649 seconds
2020-11-10T23:29:06.010+0700: 15191.468: Total time for which application threads were stopped: 0.0002529 seconds, Stopping threads took: 0.0000643 seconds
2020-11-10T23:29:09.010+0700: 15194.469: Total time for which application threads were stopped: 0.0002293 seconds, Stopping threads took: 0.0000654 seconds
2020-11-10T23:29:12.011+0700: 15197.469: Total time for which application threads were stopped: 0.0002456 seconds, Stopping threads took: 0.0000598 seconds
2020-11-10T23:29:16.011+0700: 15201.470: Total time for which application threads were stopped: 0.0002500 seconds, Stopping threads took: 0.0000592 seconds
2020-11-10T23:29:19.262+0700: 15204.720: Total time for which application threads were stopped: 0.0002669 seconds, Stopping threads took: 0.0000604 seconds
2020-11-10T23:29:19.262+0700: 15204.720: Total time for which application threads were stopped: 0.0001283 seconds, Stopping threads took: 0.0000256 seconds
2020-11-10T23:29:19.263+0700: 15204.721: Total time for which application threads were stopped: 0.0001305 seconds, Stopping threads took: 0.0000256 seconds
2020-11-10T23:29:19.263+0700: 15204.721: Total time for which application threads were stopped: 0.0001293 seconds, Stopping threads took: 0.0000247 seconds
2020-11-10T23:29:19.263+0700: 15204.722: Total time for which application threads were stopped: 0.0002112 seconds, Stopping threads took: 0.0000397 seconds
2020-11-10T23:29:19.264+0700: 15204.722: Total time for which application threads were stopped: 0.0001331 seconds, Stopping threads took: 0.0000265 seconds
2020-11-10T23:29:19.294+0700: 15204.752: Total time for which application threads were stopped: 0.0002703 seconds, Stopping threads took: 0.0000774 seconds
2020-11-10T23:29:25.294+0700: 15210.752: Total time for which application threads were stopped: 0.0002438 seconds, Stopping threads took: 0.0000607 seconds
2020-11-10T23:29:28.295+0700: 15213.753: Total time for which application threads were stopped: 0.0002626 seconds, Stopping threads took: 0.0000606 seconds
2020-11-10T23:30:27.766+0700: 15273.224: Total time for which application threads were stopped: 0.0005369 seconds, Stopping threads took: 0.0000941 seconds
2020-11-10T23:31:00.769+0700: 15306.227: Total time for which application threads were stopped: 0.0002621 seconds, Stopping threads took: 0.0000933 seconds
2020-11-10T23:31:23.771+0700: 15329.229: Total time for which application threads were stopped: 0.0002186 seconds, Stopping threads took: 0.0000648 seconds
2020-11-10T23:32:00.773+0700: 15366.232: Total time for which application threads were stopped: 0.0002884 seconds, Stopping threads took: 0.0000939 seconds
2020-11-10T23:34:48.785+0700: 15534.244: Total time for which application threads were stopped: 0.0002949 seconds, Stopping threads took: 0.0000598 seconds
2020-11-10T23:34:50.786+0700: 15536.244: Total time for which application threads were stopped: 0.0002394 seconds, Stopping threads took: 0.0000593 seconds
2020-11-10T23:35:50.394+0700: 15595.852: Total time for which application threads were stopped: 0.0003079 seconds, Stopping threads took: 0.0000974 seconds
2020-11-10T23:35:50.399+0700: 15595.857: Total time for which application threads were stopped: 0.0001378 seconds, Stopping threads took: 0.0000291 seconds
2020-11-10T23:41:48.424+0700: 15953.882: Total time for which application threads were stopped: 0.0002640 seconds, Stopping threads took: 0.0000959 seconds
2020-11-11T00:05:00.521+0700: 17345.979: Total time for which application threads were stopped: 0.0002610 seconds, Stopping threads took: 0.0000914 seconds
2020-11-11T00:06:00.525+0700: 17405.984: Total time for which application threads were stopped: 0.0002888 seconds, Stopping threads took: 0.0000902 seconds
2020-11-11T00:07:00.530+0700: 17465.988: Total time for which application threads were stopped: 0.0002610 seconds, Stopping threads took: 0.0000954 seconds
2020-11-11T00:30:00.625+0700: 18846.084: Total time for which application threads were stopped: 0.0002941 seconds, Stopping threads took: 0.0000963 seconds
2020-11-11T00:42:00.675+0700: 19566.134: Total time for which application threads were stopped: 0.0002725 seconds, Stopping threads took: 0.0000998 seconds
{Heap before GC invocations=41 (full 2):
 par new generation   total 109248K, used 96682K [0x00000000e0000000, 0x00000000e8000000, 0x00000000e8000000)
  eden space 87424K, 100% used [0x00000000e0000000, 0x00000000e5560000, 0x00000000e5560000)
  from space 21824K,  42% used [0x00000000e6ab0000, 0x00000000e73baba0, 0x00000000e8000000)
  to   space 21824K,   0% used [0x00000000e5560000, 0x00000000e5560000, 0x00000000e6ab0000)
 concurrent mark-sweep generation total 393216K, used 44986K [0x00000000e8000000, 0x0000000100000000, 0x0000000100000000)
 Metaspace       used 54941K, capacity 56703K, committed 56864K, reserved 1099776K
  class space    used 5960K, capacity 6379K, committed 6496K, reserved 1048576K
2020-11-11T00:52:00.729+0700: 20166.188: [GC (Allocation Failure) 2020-11-11T00:52:00.730+0700: 20166.188: [ParNew
Desired survivor size 20112992 bytes, new threshold 8 (max 8)
- age   1:    3050488 bytes,    3050488 total
- age   2:     436488 bytes,    3486976 total
- age   3:      17576 bytes,    3504552 total
- age   4:    1082248 bytes,    4586800 total
- age   5:      81496 bytes,    4668296 total
- age   6:    3474712 bytes,    8143008 total
- age   7:      89864 bytes,    8232872 total
- age   8:    1147376 bytes,    9380248 total
: 96682K->10770K(109248K), 0.0355268 secs] 141669K->56340K(502464K), 0.0357206 secs] [Times: user=0.06 sys=0.00, real=0.03 secs] 
Heap after GC invocations=42 (full 2):
 par new generation   total 109248K, used 10770K [0x00000000e0000000, 0x00000000e8000000, 0x00000000e8000000)
  eden space 87424K,   0% used [0x00000000e0000000, 0x00000000e0000000, 0x00000000e5560000)
  from space 21824K,  49% used [0x00000000e5560000, 0x00000000e5fe4920, 0x00000000e6ab0000)
  to   space 21824K,   0% used [0x00000000e6ab0000, 0x00000000e6ab0000, 0x00000000e8000000)
 concurrent mark-sweep generation total 393216K, used 45570K [0x00000000e8000000, 0x0000000100000000, 0x0000000100000000)
 Metaspace       used 54941K, capacity 56703K, committed 56864K, reserved 1099776K
  class space    used 5960K, capacity 6379K, committed 6496K, reserved 1048576K
}
2020-11-11T00:52:00.765+0700: 20166.224: Total time for which application threads were stopped: 0.0362696 seconds, Stopping threads took: 0.0001408 seconds
2020-11-11T00:52:01.766+0700: 20167.224: Total time for which application threads were stopped: 0.0002251 seconds, Stopping threads took: 0.0000580 seconds
2020-11-11T00:53:00.770+0700: 20226.228: Total time for which application threads were stopped: 0.0003096 seconds, Stopping threads took: 0.0001280 seconds
2020-11-11T00:58:50.794+0700: 20576.253: Total time for which application threads were stopped: 0.0002609 seconds, Stopping threads took: 0.0000967 seconds
2020-11-11T01:39:01.961+0700: 22987.420: Total time for which application threads were stopped: 0.0002780 seconds, Stopping threads took: 0.0000932 seconds
2020-11-11T01:40:01.966+0700: 23047.424: Total time for which application threads were stopped: 0.0003027 seconds, Stopping threads took: 0.0000889 seconds
2020-11-11T01:41:01.971+0700: 23107.429: Total time for which application threads were stopped: 0.0002764 seconds, Stopping threads took: 0.0001084 seconds
2020-11-11T02:35:02.196+0700: 26347.654: Total time for which application threads were stopped: 0.0002959 seconds, Stopping threads took: 0.0001198 seconds
{Heap before GC invocations=42 (full 2):
 par new generation   total 109248K, used 98194K [0x00000000e0000000, 0x00000000e8000000, 0x00000000e8000000)
  eden space 87424K, 100% used [0x00000000e0000000, 0x00000000e5560000, 0x00000000e5560000)
  from space 21824K,  49% used [0x00000000e5560000, 0x00000000e5fe4920, 0x00000000e6ab0000)
  to   space 21824K,   0% used [0x00000000e6ab0000, 0x00000000e6ab0000, 0x00000000e8000000)
 concurrent mark-sweep generation total 393216K, used 45570K [0x00000000e8000000, 0x0000000100000000, 0x0000000100000000)
 Metaspace       used 54947K, capacity 56703K, committed 56864K, reserved 1099776K
  class space    used 5960K, capacity 6379K, committed 6496K, reserved 1048576K
2020-11-11T03:14:01.583+0700: 28687.041: [GC (Allocation Failure) 2020-11-11T03:14:01.583+0700: 28687.041: [ParNew
Desired survivor size 20112992 bytes, new threshold 8 (max 8)
- age   1:      10968 bytes,      10968 total
- age   2:     827872 bytes,     838840 total
- age   3:     421368 bytes,    1260208 total
- age   4:      17576 bytes,    1277784 total
- age   5:    1082136 bytes,    2359920 total
- age   6:      81496 bytes,    2441416 total
- age   7:    3474712 bytes,    5916128 total
- age   8:      89864 bytes,    6005992 total
: 98194K->9709K(109248K), 0.0351111 secs] 143764K->56407K(502464K), 0.0353097 secs] [Times: user=0.06 sys=0.01, real=0.04 secs] 
Heap after GC invocations=43 (full 2):
 par new generation   total 109248K, used 9709K [0x00000000e0000000, 0x00000000e8000000, 0x00000000e8000000)
  eden space 87424K,   0% used [0x00000000e0000000, 0x00000000e0000000, 0x00000000e5560000)
  from space 21824K,  44% used [0x00000000e6ab0000, 0x00000000e742b738, 0x00000000e8000000)
  to   space 21824K,   0% used [0x00000000e5560000, 0x00000000e5560000, 0x00000000e6ab0000)
 concurrent mark-sweep generation total 393216K, used 46698K [0x00000000e8000000, 0x0000000100000000, 0x0000000100000000)
 Metaspace       used 54947K, capacity 56703K, committed 56864K, reserved 1099776K
  class space    used 5960K, capacity 6379K, committed 6496K, reserved 1048576K
}
2020-11-11T03:14:01.618+0700: 28687.077: Total time for which application threads were stopped: 0.0358021 seconds, Stopping threads took: 0.0000966 seconds
2020-11-11T03:24:09.661+0700: 29295.119: Total time for which application threads were stopped: 0.0002591 seconds, Stopping threads took: 0.0000917 seconds
2020-11-11T03:48:02.760+0700: 30728.218: Total time for which application threads were stopped: 0.0002665 seconds, Stopping threads took: 0.0000949 seconds
2020-11-11T03:58:50.806+0700: 31376.264: Total time for which application threads were stopped: 0.0002624 seconds, Stopping threads took: 0.0000942 seconds
2020-11-11T04:48:03.012+0700: 34328.470: Total time for which application threads were stopped: 0.0002735 seconds, Stopping threads took: 0.0000975 seconds
{Heap before GC invocations=43 (full 2):
 par new generation   total 109248K, used 97133K [0x00000000e0000000, 0x00000000e8000000, 0x00000000e8000000)
  eden space 87424K, 100% used [0x00000000e0000000, 0x00000000e5560000, 0x00000000e5560000)
  from space 21824K,  44% used [0x00000000e6ab0000, 0x00000000e742b738, 0x00000000e8000000)
  to   space 21824K,   0% used [0x00000000e5560000, 0x00000000e5560000, 0x00000000e6ab0000)
 concurrent mark-sweep generation total 393216K, used 46698K [0x00000000e8000000, 0x0000000100000000, 0x0000000100000000)
 Metaspace       used 54964K, capacity 56703K, committed 56864K, reserved 1099776K
  class space    used 5960K, capacity 6379K, committed 6496K, reserved 1048576K
2020-11-11T05:37:02.422+0700: 37267.880: [GC (Allocation Failure) 2020-11-11T05:37:02.422+0700: 37267.880: [ParNew
Desired survivor size 20112992 bytes, new threshold 8 (max 8)
- age   1:      11368 bytes,      11368 total
- age   2:       2024 bytes,      13392 total
- age   3:     827872 bytes,     841264 total
- age   4:     421368 bytes,    1262632 total
- age   5:      17576 bytes,    1280208 total
- age   6:    1082136 bytes,    2362344 total
- age   7:      81496 bytes,    2443840 total
- age   8:    3474712 bytes,    5918552 total
: 97133K->7668K(109248K), 0.0228635 secs] 143831K->54456K(502464K), 0.0230239 secs] [Times: user=0.04 sys=0.00, real=0.02 secs] 
Heap after GC invocations=44 (full 2):
 par new generation   total 109248K, used 7668K [0x00000000e0000000, 0x00000000e8000000, 0x00000000e8000000)
  eden space 87424K,   0% used [0x00000000e0000000, 0x00000000e0000000, 0x00000000e5560000)
  from space 21824K,  35% used [0x00000000e5560000, 0x00000000e5cdd288, 0x00000000e6ab0000)
  to   space 21824K,   0% used [0x00000000e6ab0000, 0x00000000e6ab0000, 0x00000000e8000000)
 concurrent mark-sweep generation total 393216K, used 46788K [0x00000000e8000000, 0x0000000100000000, 0x0000000100000000)
 Metaspace       used 54964K, capacity 56703K, committed 56864K, reserved 1099776K
  class space    used 5960K, capacity 6379K, committed 6496K, reserved 1048576K
}
2020-11-11T05:37:02.445+0700: 37267.903: Total time for which application threads were stopped: 0.0234690 seconds, Stopping threads took: 0.0000895 seconds
2020-11-11T06:54:03.765+0700: 41889.223: Total time for which application threads were stopped: 0.0002795 seconds, Stopping threads took: 0.0001029 seconds
2020-11-11T06:58:03.782+0700: 42129.240: Total time for which application threads were stopped: 0.0002943 seconds, Stopping threads took: 0.0001053 seconds
2020-11-11T07:29:03.912+0700: 43989.370: Total time for which application threads were stopped: 0.0002704 seconds, Stopping threads took: 0.0000950 seconds
2020-11-11T07:41:03.962+0700: 44709.420: Total time for which application threads were stopped: 0.0002633 seconds, Stopping threads took: 0.0000947 seconds
{Heap before GC invocations=44 (full 2):
 par new generation   total 109248K, used 95092K [0x00000000e0000000, 0x00000000e8000000, 0x00000000e8000000)
  eden space 87424K, 100% used [0x00000000e0000000, 0x00000000e5560000, 0x00000000e5560000)
  from space 21824K,  35% used [0x00000000e5560000, 0x00000000e5cdd288, 0x00000000e6ab0000)
  to   space 21824K,   0% used [0x00000000e6ab0000, 0x00000000e6ab0000, 0x00000000e8000000)
 concurrent mark-sweep generation total 393216K, used 46788K [0x00000000e8000000, 0x0000000100000000, 0x0000000100000000)
 Metaspace       used 54964K, capacity 56703K, committed 56864K, reserved 1099776K
  class space    used 5960K, capacity 6379K, committed 6496K, reserved 1048576K
2020-11-11T08:00:03.245+0700: 45848.703: [GC (Allocation Failure) 2020-11-11T08:00:03.245+0700: 45848.703: [ParNew
Desired survivor size 20112992 bytes, new threshold 8 (max 8)
- age   1:      18936 bytes,      18936 total
- age   2:       8520 bytes,      27456 total
- age   3:       2024 bytes,      29480 total
- age   4:     827872 bytes,     857352 total
- age   5:     421368 bytes,    1278720 total
- age   6:      17576 bytes,    1296296 total
- age   7:    1082136 bytes,    2378432 total
- age   8:      81496 bytes,    2459928 total
: 95092K->4529K(109248K), 0.0386417 secs] 141880K->54719K(502464K), 0.0388506 secs] [Times: user=0.08 sys=0.00, real=0.04 secs] 
Heap after GC invocations=45 (full 2):
 par new generation   total 109248K, used 4529K [0x00000000e0000000, 0x00000000e8000000, 0x00000000e8000000)
  eden space 87424K,   0% used [0x00000000e0000000, 0x00000000e0000000, 0x00000000e5560000)
  from space 21824K,  20% used [0x00000000e6ab0000, 0x00000000e6f1c500, 0x00000000e8000000)
  to   space 21824K,   0% used [0x00000000e5560000, 0x00000000e5560000, 0x00000000e6ab0000)
 concurrent mark-sweep generation total 393216K, used 50190K [0x00000000e8000000, 0x0000000100000000, 0x0000000100000000)
 Metaspace       used 54964K, capacity 56703K, committed 56864K, reserved 1099776K
  class space    used 5960K, capacity 6379K, committed 6496K, reserved 1048576K
}
2020-11-11T08:00:03.284+0700: 45848.742: Total time for which application threads were stopped: 0.0393390 seconds, Stopping threads took: 0.0000989 seconds
2020-11-11T08:09:04.322+0700: 46389.780: Total time for which application threads were stopped: 0.0002722 seconds, Stopping threads took: 0.0000948 seconds
2020-11-11T08:10:04.326+0700: 46449.785: Total time for which application threads were stopped: 0.0002785 seconds, Stopping threads took: 0.0000918 seconds
2020-11-11T08:29:18.407+0700: 47603.865: Total time for which application threads were stopped: 0.0002665 seconds, Stopping threads took: 0.0000941 seconds
2020-11-11T09:14:50.597+0700: 50336.055: Total time for which application threads were stopped: 0.0002614 seconds, Stopping threads took: 0.0000931 seconds
2020-11-11T09:36:04.685+0700: 51610.144: Total time for which application threads were stopped: 0.0002667 seconds, Stopping threads took: 0.0000922 seconds
2020-11-11T09:46:04.727+0700: 52210.185: Total time for which application threads were stopped: 0.0002629 seconds, Stopping threads took: 0.0000937 seconds
2020-11-11T09:54:58.764+0700: 52744.222: Total time for which application threads were stopped: 0.0002691 seconds, Stopping threads took: 0.0000930 seconds
2020-11-11T09:55:04.765+0700: 52750.223: Total time for which application threads were stopped: 0.0002278 seconds, Stopping threads took: 0.0000600 seconds
2020-11-11T09:57:04.774+0700: 52870.232: Total time for which application threads were stopped: 0.0003125 seconds, Stopping threads took: 0.0000909 seconds
2020-11-11T09:58:23.782+0700: 52949.240: Total time for which application threads were stopped: 0.0027666 seconds, Stopping threads took: 0.0025500 seconds
2020-11-11T09:58:24.782+0700: 52950.240: Total time for which application threads were stopped: 0.0002344 seconds, Stopping threads took: 0.0000616 seconds
2020-11-11T09:58:33.318+0700: 52958.776: Total time for which application threads were stopped: 0.0015349 seconds, Stopping threads took: 0.0010199 seconds
2020-11-11T09:58:34.318+0700: 52959.777: Total time for which application threads were stopped: 0.0002386 seconds, Stopping threads took: 0.0000579 seconds
2020-11-11T09:58:39.319+0700: 52964.777: Total time for which application threads were stopped: 0.0002162 seconds, Stopping threads took: 0.0000554 seconds
2020-11-11T09:59:10.321+0700: 52995.779: Total time for which application threads were stopped: 0.0002546 seconds, Stopping threads took: 0.0000589 seconds
2020-11-11T09:59:12.322+0700: 52997.780: Total time for which application threads were stopped: 0.0002175 seconds, Stopping threads took: 0.0000584 seconds
2020-11-11T09:59:13.322+0700: 52998.780: Total time for which application threads were stopped: 0.0002498 seconds, Stopping threads took: 0.0000595 seconds
2020-11-11T09:59:15.322+0700: 53000.781: Total time for which application threads were stopped: 0.0002723 seconds, Stopping threads took: 0.0000590 seconds
2020-11-11T09:59:20.323+0700: 53005.781: Total time for which application threads were stopped: 0.0002327 seconds, Stopping threads took: 0.0000584 seconds
2020-11-11T10:00:04.326+0700: 53049.785: Total time for which application threads were stopped: 0.0002843 seconds, Stopping threads took: 0.0000945 seconds
2020-11-11T10:00:20.014+0700: 53065.472: Total time for which application threads were stopped: 0.0003151 seconds, Stopping threads took: 0.0000986 seconds
2020-11-11T10:00:20.024+0700: 53065.483: Total time for which application threads were stopped: 0.0001663 seconds, Stopping threads took: 0.0000315 seconds
{Heap before GC invocations=45 (full 2):
 par new generation   total 109248K, used 91953K [0x00000000e0000000, 0x00000000e8000000, 0x00000000e8000000)
  eden space 87424K, 100% used [0x00000000e0000000, 0x00000000e5560000, 0x00000000e5560000)
  from space 21824K,  20% used [0x00000000e6ab0000, 0x00000000e6f1c500, 0x00000000e8000000)
  to   space 21824K,   0% used [0x00000000e5560000, 0x00000000e5560000, 0x00000000e6ab0000)
 concurrent mark-sweep generation total 393216K, used 50190K [0x00000000e8000000, 0x0000000100000000, 0x0000000100000000)
 Metaspace       used 55008K, capacity 56703K, committed 56864K, reserved 1099776K
  class space    used 5961K, capacity 6379K, committed 6496K, reserved 1048576K
2020-11-11T10:05:03.967+0700: 53349.425: [GC (Allocation Failure) 2020-11-11T10:05:03.967+0700: 53349.425: [ParNew
Desired survivor size 20112992 bytes, new threshold 8 (max 8)
- age   1:     152960 bytes,     152960 total
- age   2:       1520 bytes,     154480 total
- age   3:       8520 bytes,     163000 total
- age   4:       2024 bytes,     165024 total
- age   5:     795624 bytes,     960648 total
- age   6:     219784 bytes,    1180432 total
- age   7:      17576 bytes,    1198008 total
- age   8:    1082016 bytes,    2280024 total
: 91953K->3013K(109248K), 0.0178994 secs] 142143K->53285K(502464K), 0.0180730 secs] [Times: user=0.03 sys=0.00, real=0.02 secs] 
Heap after GC invocations=46 (full 2):
 par new generation   total 109248K, used 3013K [0x00000000e0000000, 0x00000000e8000000, 0x00000000e8000000)
  eden space 87424K,   0% used [0x00000000e0000000, 0x00000000e0000000, 0x00000000e5560000)
  from space 21824K,  13% used [0x00000000e5560000, 0x00000000e58514d0, 0x00000000e6ab0000)
  to   space 21824K,   0% used [0x00000000e6ab0000, 0x00000000e6ab0000, 0x00000000e8000000)
 concurrent mark-sweep generation total 393216K, used 50272K [0x00000000e8000000, 0x0000000100000000, 0x0000000100000000)
 Metaspace       used 55008K, capacity 56703K, committed 56864K, reserved 1099776K
  class space    used 5961K, capacity 6379K, committed 6496K, reserved 1048576K
}
2020-11-11T10:05:03.985+0700: 53349.443: Total time for which application threads were stopped: 0.0185762 seconds, Stopping threads took: 0.0001009 seconds
2020-11-11T10:11:05.012+0700: 53710.470: Total time for which application threads were stopped: 0.0002868 seconds, Stopping threads took: 0.0001131 seconds
2020-11-11T10:25:10.071+0700: 54555.529: Total time for which application threads were stopped: 0.0002419 seconds, Stopping threads took: 0.0000602 seconds
2020-11-11T10:26:09.394+0700: 54614.852: Total time for which application threads were stopped: 0.0002701 seconds, Stopping threads took: 0.0000615 seconds
2020-11-11T10:45:51.477+0700: 55796.935: Total time for which application threads were stopped: 0.0002446 seconds, Stopping threads took: 0.0000537 seconds
2020-11-11T10:46:51.493+0700: 55856.951: Total time for which application threads were stopped: 0.0002926 seconds, Stopping threads took: 0.0000890 seconds
2020-11-11T11:53:41.771+0700: 59867.229: Total time for which application threads were stopped: 0.0002788 seconds, Stopping threads took: 0.0000613 seconds
2020-11-11T11:54:41.429+0700: 59926.887: Total time for which application threads were stopped: 0.0002866 seconds, Stopping threads took: 0.0000987 seconds
{Heap before GC invocations=46 (full 2):
 par new generation   total 109248K, used 90437K [0x00000000e0000000, 0x00000000e8000000, 0x00000000e8000000)
  eden space 87424K, 100% used [0x00000000e0000000, 0x00000000e5560000, 0x00000000e5560000)
  from space 21824K,  13% used [0x00000000e5560000, 0x00000000e58514d0, 0x00000000e6ab0000)
  to   space 21824K,   0% used [0x00000000e6ab0000, 0x00000000e6ab0000, 0x00000000e8000000)
 concurrent mark-sweep generation total 393216K, used 50272K [0x00000000e8000000, 0x0000000100000000, 0x0000000100000000)
 Metaspace       used 55047K, capacity 56767K, committed 57120K, reserved 1099776K
  class space    used 5961K, capacity 6379K, committed 6496K, reserved 1048576K
2020-11-11T12:20:04.721+0700: 61450.179: [GC (Allocation Failure) 2020-11-11T12:20:04.721+0700: 61450.179: [ParNew
Desired survivor size 20112992 bytes, new threshold 8 (max 8)
- age   1:     158904 bytes,     158904 total
- age   2:      16664 bytes,     175568 total
- age   3:       1520 bytes,     177088 total
- age   4:       8520 bytes,     185608 total
- age   5:       2024 bytes,     187632 total
- age   6:     795528 bytes,     983160 total
- age   7:     219680 bytes,    1202840 total
- age   8:      17544 bytes,    1220384 total
: 90437K->1704K(109248K), 0.0227212 secs] 140709K->53043K(502464K), 0.0229193 secs] [Times: user=0.04 sys=0.00, real=0.02 secs] 
Heap after GC invocations=47 (full 2):
 par new generation   total 109248K, used 1704K [0x00000000e0000000, 0x00000000e8000000, 0x00000000e8000000)
  eden space 87424K,   0% used [0x00000000e0000000, 0x00000000e0000000, 0x00000000e5560000)
  from space 21824K,   7% used [0x00000000e6ab0000, 0x00000000e6c5a1b0, 0x00000000e8000000)
  to   space 21824K,   0% used [0x00000000e5560000, 0x00000000e5560000, 0x00000000e6ab0000)
 concurrent mark-sweep generation total 393216K, used 51338K [0x00000000e8000000, 0x0000000100000000, 0x0000000100000000)
 Metaspace       used 55047K, capacity 56767K, committed 57120K, reserved 1099776K
  class space    used 5961K, capacity 6379K, committed 6496K, reserved 1048576K
}
2020-11-11T12:20:04.744+0700: 61450.202: Total time for which application threads were stopped: 0.0234061 seconds, Stopping threads took: 0.0000950 seconds
2020-11-11T12:26:16.770+0700: 61822.228: Total time for which application threads were stopped: 0.0002275 seconds, Stopping threads took: 0.0000585 seconds
2020-11-11T12:27:16.368+0700: 61881.826: Total time for which application threads were stopped: 0.0003067 seconds, Stopping threads took: 0.0001203 seconds
2020-11-11T13:36:16.658+0700: 66022.116: Total time for which application threads were stopped: 0.0002671 seconds, Stopping threads took: 0.0000994 seconds
2020-11-11T13:46:48.701+0700: 66654.160: Total time for which application threads were stopped: 0.0002770 seconds, Stopping threads took: 0.0000946 seconds
{Heap before GC invocations=47 (full 2):
 par new generation   total 109248K, used 89128K [0x00000000e0000000, 0x00000000e8000000, 0x00000000e8000000)
  eden space 87424K, 100% used [0x00000000e0000000, 0x00000000e5560000, 0x00000000e5560000)
  from space 21824K,   7% used [0x00000000e6ab0000, 0x00000000e6c5a1b0, 0x00000000e8000000)
  to   space 21824K,   0% used [0x00000000e5560000, 0x00000000e5560000, 0x00000000e6ab0000)
 concurrent mark-sweep generation total 393216K, used 51338K [0x00000000e8000000, 0x0000000100000000, 0x0000000100000000)
 Metaspace       used 55047K, capacity 56767K, committed 57120K, reserved 1099776K
  class space    used 5961K, capacity 6379K, committed 6496K, reserved 1048576K
2020-11-11T14:41:47.994+0700: 69953.453: [GC (Allocation Failure) 2020-11-11T14:41:47.994+0700: 69953.453: [ParNew
Desired survivor size 20112992 bytes, new threshold 8 (max 8)
- age   1:       7480 bytes,       7480 total
- age   2:     130000 bytes,     137480 total
- age   3:      16584 bytes,     154064 total
- age   4:       1520 bytes,     155584 total
- age   5:       8520 bytes,     164104 total
- age   6:       2024 bytes,     166128 total
- age   7:     795528 bytes,     961656 total
- age   8:     219680 bytes,    1181336 total
: 89128K->1644K(109248K), 0.0167661 secs] 140467K->53000K(502464K), 0.0169773 secs] [Times: user=0.02 sys=0.00, real=0.02 secs] 
Heap after GC invocations=48 (full 2):
 par new generation   total 109248K, used 1644K [0x00000000e0000000, 0x00000000e8000000, 0x00000000e8000000)
  eden space 87424K,   0% used [0x00000000e0000000, 0x00000000e0000000, 0x00000000e5560000)
  from space 21824K,   7% used [0x00000000e5560000, 0x00000000e56fb300, 0x00000000e6ab0000)
  to   space 21824K,   0% used [0x00000000e6ab0000, 0x00000000e6ab0000, 0x00000000e8000000)
 concurrent mark-sweep generation total 393216K, used 51356K [0x00000000e8000000, 0x0000000100000000, 0x0000000100000000)
 Metaspace       used 55047K, capacity 56767K, committed 57120K, reserved 1099776K
  class space    used 5961K, capacity 6379K, committed 6496K, reserved 1048576K
}
2020-11-11T14:41:48.011+0700: 69953.470: Total time for which application threads were stopped: 0.0174717 seconds, Stopping threads took: 0.0000982 seconds
2020-11-11T16:09:16.379+0700: 75201.838: Total time for which application threads were stopped: 0.0002838 seconds, Stopping threads took: 0.0000956 seconds
{Heap before GC invocations=48 (full 2):
 par new generation   total 109248K, used 89068K [0x00000000e0000000, 0x00000000e8000000, 0x00000000e8000000)
  eden space 87424K, 100% used [0x00000000e0000000, 0x00000000e5560000, 0x00000000e5560000)
  from space 21824K,   7% used [0x00000000e5560000, 0x00000000e56fb300, 0x00000000e6ab0000)
  to   space 21824K,   0% used [0x00000000e6ab0000, 0x00000000e6ab0000, 0x00000000e8000000)
 concurrent mark-sweep generation total 393216K, used 51356K [0x00000000e8000000, 0x0000000100000000, 0x0000000100000000)
 Metaspace       used 55047K, capacity 56767K, committed 57120K, reserved 1099776K
  class space    used 5961K, capacity 6379K, committed 6496K, reserved 1048576K
2020-11-11T17:05:06.275+0700: 78551.733: [GC (Allocation Failure) 2020-11-11T17:05:06.275+0700: 78551.733: [ParNew
Desired survivor size 20112992 bytes, new threshold 8 (max 8)
- age   1:       5016 bytes,       5016 total
- age   2:       4216 bytes,       9232 total
- age   3:     130000 bytes,     139232 total
- age   4:      16472 bytes,     155704 total
- age   5:       1520 bytes,     157224 total
- age   6:       8520 bytes,     165744 total
- age   7:       2024 bytes,     167768 total
- age   8:     795528 bytes,     963296 total
: 89068K->1269K(109248K), 0.0139373 secs] 140424K->52845K(502464K), 0.0141045 secs] [Times: user=0.02 sys=0.00, real=0.02 secs] 
Heap after GC invocations=49 (full 2):
 par new generation   total 109248K, used 1269K [0x00000000e0000000, 0x00000000e8000000, 0x00000000e8000000)
  eden space 87424K,   0% used [0x00000000e0000000, 0x00000000e0000000, 0x00000000e5560000)
  from space 21824K,   5% used [0x00000000e6ab0000, 0x00000000e6bed460, 0x00000000e8000000)
  to   space 21824K,   0% used [0x00000000e5560000, 0x00000000e5560000, 0x00000000e6ab0000)
 concurrent mark-sweep generation total 393216K, used 51575K [0x00000000e8000000, 0x0000000100000000, 0x0000000100000000)
 Metaspace       used 55047K, capacity 56767K, committed 57120K, reserved 1099776K
  class space    used 5961K, capacity 6379K, committed 6496K, reserved 1048576K
}
2020-11-11T17:05:06.289+0700: 78551.747: Total time for which application threads were stopped: 0.0145975 seconds, Stopping threads took: 0.0001004 seconds
{Heap before GC invocations=49 (full 2):
 par new generation   total 109248K, used 88693K [0x00000000e0000000, 0x00000000e8000000, 0x00000000e8000000)
  eden space 87424K, 100% used [0x00000000e0000000, 0x00000000e5560000, 0x00000000e5560000)
  from space 21824K,   5% used [0x00000000e6ab0000, 0x00000000e6bed460, 0x00000000e8000000)
  to   space 21824K,   0% used [0x00000000e5560000, 0x00000000e5560000, 0x00000000e6ab0000)
 concurrent mark-sweep generation total 393216K, used 51575K [0x00000000e8000000, 0x0000000100000000, 0x0000000100000000)
 Metaspace       used 55048K, capacity 56767K, committed 57120K, reserved 1099776K
  class space    used 5961K, capacity 6379K, committed 6496K, reserved 1048576K
2020-11-11T19:28:28.045+0700: 87153.503: [GC (Allocation Failure) 2020-11-11T19:28:28.045+0700: 87153.503: [ParNew
Desired survivor size 20112992 bytes, new threshold 8 (max 8)
- age   1:       2472 bytes,       2472 total
- age   2:       1288 bytes,       3760 total
- age   3:       4216 bytes,       7976 total
- age   4:     130000 bytes,     137976 total
- age   5:      16472 bytes,     154448 total
- age   6:       1520 bytes,     155968 total
- age   7:       8520 bytes,     164488 total
- age   8:       2024 bytes,     166512 total
: 88693K->434K(109248K), 0.0130296 secs] 140269K->52791K(502464K), 0.0131964 secs] [Times: user=0.03 sys=0.00, real=0.02 secs] 
Heap after GC invocations=50 (full 2):
 par new generation   total 109248K, used 434K [0x00000000e0000000, 0x00000000e8000000, 0x00000000e8000000)
  eden space 87424K,   0% used [0x00000000e0000000, 0x00000000e0000000, 0x00000000e5560000)
  from space 21824K,   1% used [0x00000000e5560000, 0x00000000e55cca20, 0x00000000e6ab0000)
  to   space 21824K,   0% used [0x00000000e6ab0000, 0x00000000e6ab0000, 0x00000000e8000000)
 concurrent mark-sweep generation total 393216K, used 52357K [0x00000000e8000000, 0x0000000100000000, 0x0000000100000000)
 Metaspace       used 55048K, capacity 56767K, committed 57120K, reserved 1099776K
  class space    used 5961K, capacity 6379K, committed 6496K, reserved 1048576K
}
2020-11-11T19:28:28.059+0700: 87153.517: Total time for which application threads were stopped: 0.0136837 seconds, Stopping threads took: 0.0000956 seconds
2020-11-11T21:22:12.531+0700: 93977.989: Total time for which application threads were stopped: 0.0003225 seconds, Stopping threads took: 0.0001010 seconds
{Heap before GC invocations=50 (full 2):
 par new generation   total 109248K, used 87858K [0x00000000e0000000, 0x00000000e8000000, 0x00000000e8000000)
  eden space 87424K, 100% used [0x00000000e0000000, 0x00000000e5560000, 0x00000000e5560000)
  from space 21824K,   1% used [0x00000000e5560000, 0x00000000e55cca20, 0x00000000e6ab0000)
  to   space 21824K,   0% used [0x00000000e6ab0000, 0x00000000e6ab0000, 0x00000000e8000000)
 concurrent mark-sweep generation total 393216K, used 52357K [0x00000000e8000000, 0x0000000100000000, 0x0000000100000000)
 Metaspace       used 55048K, capacity 56767K, committed 57120K, reserved 1099776K
  class space    used 5961K, capacity 6379K, committed 6496K, reserved 1048576K
2020-11-11T21:51:48.075+0700: 95753.534: [GC (Allocation Failure) 2020-11-11T21:51:48.096+0700: 95753.555: [ParNew
Desired survivor size 20112992 bytes, new threshold 8 (max 8)
- age   1:       2472 bytes,       2472 total
- age   3:       1288 bytes,       3760 total
- age   4:       4216 bytes,       7976 total
- age   5:     130000 bytes,     137976 total
- age   6:      16472 bytes,     154448 total
- age   7:       1520 bytes,     155968 total
- age   8:       8520 bytes,     164488 total
: 87858K->232K(109248K), 0.0514272 secs] 140215K->52592K(502464K), 0.0725042 secs] [Times: user=0.02 sys=0.00, real=0.08 secs] 
Heap after GC invocations=51 (full 2):
 par new generation   total 109248K, used 232K [0x00000000e0000000, 0x00000000e8000000, 0x00000000e8000000)
  eden space 87424K,   0% used [0x00000000e0000000, 0x00000000e0000000, 0x00000000e5560000)
  from space 21824K,   1% used [0x00000000e6ab0000, 0x00000000e6aea338, 0x00000000e8000000)
  to   space 21824K,   0% used [0x00000000e5560000, 0x00000000e5560000, 0x00000000e6ab0000)
 concurrent mark-sweep generation total 393216K, used 52359K [0x00000000e8000000, 0x0000000100000000, 0x0000000100000000)
 Metaspace       used 55048K, capacity 56767K, committed 57120K, reserved 1099776K
  class space    used 5961K, capacity 6379K, committed 6496K, reserved 1048576K
}
2020-11-11T21:51:48.148+0700: 95753.606: Total time for which application threads were stopped: 0.0730157 seconds, Stopping threads took: 0.0000939 seconds
2020-11-12T00:02:12.689+0700: 103578.147: Total time for which application threads were stopped: 0.0002762 seconds, Stopping threads took: 0.0000892 seconds
{Heap before GC invocations=51 (full 2):
 par new generation   total 109248K, used 87656K [0x00000000e0000000, 0x00000000e8000000, 0x00000000e8000000)
  eden space 87424K, 100% used [0x00000000e0000000, 0x00000000e5560000, 0x00000000e5560000)
  from space 21824K,   1% used [0x00000000e6ab0000, 0x00000000e6aea338, 0x00000000e8000000)
  to   space 21824K,   0% used [0x00000000e5560000, 0x00000000e5560000, 0x00000000e6ab0000)
 concurrent mark-sweep generation total 393216K, used 52359K [0x00000000e8000000, 0x0000000100000000, 0x0000000100000000)
 Metaspace       used 55048K, capacity 56767K, committed 57120K, reserved 1099776K
  class space    used 5961K, capacity 6379K, committed 6496K, reserved 1048576K
2020-11-12T00:14:16.396+0700: 104301.854: [GC (Allocation Failure) 2020-11-12T00:14:16.396+0700: 104301.854: [ParNew
Desired survivor size 20112992 bytes, new threshold 8 (max 8)
- age   1:       4792 bytes,       4792 total
- age   4:       1288 bytes,       6080 total
- age   5:       4216 bytes,      10296 total
- age   6:     130000 bytes,     140296 total
- age   7:      16472 bytes,     156768 total
- age   8:       1520 bytes,     158288 total
: 87656K->210K(109248K), 0.0101388 secs] 140016K->52578K(502464K), 0.0103117 secs] [Times: user=0.02 sys=0.00, real=0.01 secs] 
Heap after GC invocations=52 (full 2):
 par new generation   total 109248K, used 210K [0x00000000e0000000, 0x00000000e8000000, 0x00000000e8000000)
  eden space 87424K,   0% used [0x00000000e0000000, 0x00000000e0000000, 0x00000000e5560000)
  from space 21824K,   0% used [0x00000000e5560000, 0x00000000e5594980, 0x00000000e6ab0000)
  to   space 21824K,   0% used [0x00000000e6ab0000, 0x00000000e6ab0000, 0x00000000e8000000)
 concurrent mark-sweep generation total 393216K, used 52367K [0x00000000e8000000, 0x0000000100000000, 0x0000000100000000)
 Metaspace       used 55048K, capacity 56767K, committed 57120K, reserved 1099776K
  class space    used 5961K, capacity 6379K, committed 6496K, reserved 1048576K
}
2020-11-12T00:14:16.406+0700: 104301.864: Total time for which application threads were stopped: 0.0107918 seconds, Stopping threads took: 0.0000991 seconds
2020-11-12T00:40:13.514+0700: 105858.973: Total time for which application threads were stopped: 0.0002614 seconds, Stopping threads took: 0.0000935 seconds
2020-11-12T00:46:13.539+0700: 106218.998: Total time for which application threads were stopped: 0.0002642 seconds, Stopping threads took: 0.0001009 seconds
2020-11-12T00:56:13.581+0700: 106819.039: Total time for which application threads were stopped: 0.0002561 seconds, Stopping threads took: 0.0000895 seconds
2020-11-12T00:57:13.585+0700: 106879.043: Total time for which application threads were stopped: 0.0002623 seconds, Stopping threads took: 0.0000937 seconds
2020-11-12T01:14:13.656+0700: 107899.114: Total time for which application threads were stopped: 0.0002600 seconds, Stopping threads took: 0.0000939 seconds
2020-11-12T01:27:13.710+0700: 108679.168: Total time for which application threads were stopped: 0.0002640 seconds, Stopping threads took: 0.0000954 seconds
2020-11-12T02:35:13.993+0700: 112759.451: Total time for which application threads were stopped: 0.0002625 seconds, Stopping threads took: 0.0000917 seconds
{Heap before GC invocations=52 (full 2):
 par new generation   total 109248K, used 87634K [0x00000000e0000000, 0x00000000e8000000, 0x00000000e8000000)
  eden space 87424K, 100% used [0x00000000e0000000, 0x00000000e5560000, 0x00000000e5560000)
  from space 21824K,   0% used [0x00000000e5560000, 0x00000000e5594980, 0x00000000e6ab0000)
  to   space 21824K,   0% used [0x00000000e6ab0000, 0x00000000e6ab0000, 0x00000000e8000000)
 concurrent mark-sweep generation total 393216K, used 52367K [0x00000000e8000000, 0x0000000100000000, 0x0000000100000000)
 Metaspace       used 55048K, capacity 56767K, committed 57120K, reserved 1099776K
  class space    used 5961K, capacity 6379K, committed 6496K, reserved 1048576K
2020-11-12T02:37:38.181+0700: 112903.639: [GC (Allocation Failure) 2020-11-12T02:37:38.181+0700: 112903.639: [ParNew
Desired survivor size 20112992 bytes, new threshold 8 (max 8)
- age   1:       2472 bytes,       2472 total
- age   2:       2352 bytes,       4824 total
- age   5:       1288 bytes,       6112 total
- age   6:       4216 bytes,      10328 total
- age   7:     130000 bytes,     140328 total
- age   8:      16472 bytes,     156800 total
: 87634K->183K(109248K), 0.0135663 secs] 140002K->52552K(502464K), 0.0137554 secs] [Times: user=0.02 sys=0.00, real=0.01 secs] 
Heap after GC invocations=53 (full 2):
 par new generation   total 109248K, used 183K [0x00000000e0000000, 0x00000000e8000000, 0x00000000e8000000)
  eden space 87424K,   0% used [0x00000000e0000000, 0x00000000e0000000, 0x00000000e5560000)
  from space 21824K,   0% used [0x00000000e6ab0000, 0x00000000e6addc18, 0x00000000e8000000)
  to   space 21824K,   0% used [0x00000000e5560000, 0x00000000e5560000, 0x00000000e6ab0000)
 concurrent mark-sweep generation total 393216K, used 52369K [0x00000000e8000000, 0x0000000100000000, 0x0000000100000000)
 Metaspace       used 55048K, capacity 56767K, committed 57120K, reserved 1099776K
  class space    used 5961K, capacity 6379K, committed 6496K, reserved 1048576K
}
2020-11-12T02:37:38.194+0700: 112903.653: Total time for which application threads were stopped: 0.0142721 seconds, Stopping threads took: 0.0000997 seconds
{Heap before GC invocations=53 (full 2):
 par new generation   total 109248K, used 87607K [0x00000000e0000000, 0x00000000e8000000, 0x00000000e8000000)
  eden space 87424K, 100% used [0x00000000e0000000, 0x00000000e5560000, 0x00000000e5560000)
  from space 21824K,   0% used [0x00000000e6ab0000, 0x00000000e6addc18, 0x00000000e8000000)
  to   space 21824K,   0% used [0x00000000e5560000, 0x00000000e5560000, 0x00000000e6ab0000)
 concurrent mark-sweep generation total 393216K, used 52369K [0x00000000e8000000, 0x0000000100000000, 0x0000000100000000)
 Metaspace       used 55048K, capacity 56767K, committed 57120K, reserved 1099776K
  class space    used 5961K, capacity 6379K, committed 6496K, reserved 1048576K
2020-11-12T05:00:58.211+0700: 121503.669: [GC (Allocation Failure) 2020-11-12T05:00:58.211+0700: 121503.669: [ParNew
Desired survivor size 20112992 bytes, new threshold 8 (max 8)
- age   1:       2472 bytes,       2472 total
- age   3:       2352 bytes,       4824 total
- age   6:       1288 bytes,       6112 total
- age   7:       4216 bytes,      10328 total
- age   8:     130000 bytes,     140328 total
: 87607K->236K(109248K), 0.0144963 secs] 139976K->52622K(502464K), 0.0146857 secs] [Times: user=0.02 sys=0.00, real=0.01 secs] 
Heap after GC invocations=54 (full 2):
 par new generation   total 109248K, used 236K [0x00000000e0000000, 0x00000000e8000000, 0x00000000e8000000)
  eden space 87424K,   0% used [0x00000000e0000000, 0x00000000e0000000, 0x00000000e5560000)
  from space 21824K,   1% used [0x00000000e5560000, 0x00000000e559b250, 0x00000000e6ab0000)
  to   space 21824K,   0% used [0x00000000e6ab0000, 0x00000000e6ab0000, 0x00000000e8000000)
 concurrent mark-sweep generation total 393216K, used 52385K [0x00000000e8000000, 0x0000000100000000, 0x0000000100000000)
 Metaspace       used 55048K, capacity 56767K, committed 57120K, reserved 1099776K
  class space    used 5961K, capacity 6379K, committed 6496K, reserved 1048576K
}
2020-11-12T05:00:58.226+0700: 121503.684: Total time for which application threads were stopped: 0.0151437 seconds, Stopping threads took: 0.0000923 seconds
2020-11-12T07:08:15.756+0700: 129141.214: Total time for which application threads were stopped: 0.0002575 seconds, Stopping threads took: 0.0000913 seconds
{Heap before GC invocations=54 (full 2):
 par new generation   total 109248K, used 87660K [0x00000000e0000000, 0x00000000e8000000, 0x00000000e8000000)
  eden space 87424K, 100% used [0x00000000e0000000, 0x00000000e5560000, 0x00000000e5560000)
  from space 21824K,   1% used [0x00000000e5560000, 0x00000000e559b250, 0x00000000e6ab0000)
  to   space 21824K,   0% used [0x00000000e6ab0000, 0x00000000e6ab0000, 0x00000000e8000000)
 concurrent mark-sweep generation total 393216K, used 52385K [0x00000000e8000000, 0x0000000100000000, 0x0000000100000000)
 Metaspace       used 55049K, capacity 56767K, committed 57120K, reserved 1099776K
  class space    used 5961K, capacity 6379K, committed 6496K, reserved 1048576K
2020-11-12T07:23:16.398+0700: 130041.856: [GC (Allocation Failure) 2020-11-12T07:23:16.398+0700: 130041.856: [ParNew
Desired survivor size 20112992 bytes, new threshold 8 (max 8)
- age   1:       2440 bytes,       2440 total
- age   4:       2352 bytes,       4792 total
- age   7:       1288 bytes,       6080 total
- age   8:       4216 bytes,      10296 total
: 87660K->68K(109248K), 0.0093012 secs] 140046K->52580K(502464K), 0.0094742 secs] [Times: user=0.01 sys=0.00, real=0.01 secs] 
Heap after GC invocations=55 (full 2):
 par new generation   total 109248K, used 68K [0x00000000e0000000, 0x00000000e8000000, 0x00000000e8000000)
  eden space 87424K,   0% used [0x00000000e0000000, 0x00000000e0000000, 0x00000000e5560000)
  from space 21824K,   0% used [0x00000000e6ab0000, 0x00000000e6ac1040, 0x00000000e8000000)
  to   space 21824K,   0% used [0x00000000e5560000, 0x00000000e5560000, 0x00000000e6ab0000)
 concurrent mark-sweep generation total 393216K, used 52512K [0x00000000e8000000, 0x0000000100000000, 0x0000000100000000)
 Metaspace       used 55049K, capacity 56767K, committed 57120K, reserved 1099776K
  class space    used 5961K, capacity 6379K, committed 6496K, reserved 1048576K
}
2020-11-12T07:23:16.408+0700: 130041.866: Total time for which application threads were stopped: 0.0099129 seconds, Stopping threads took: 0.0000982 seconds
2020-11-12T08:16:15.627+0700: 133221.085: Total time for which application threads were stopped: 0.0002658 seconds, Stopping threads took: 0.0000974 seconds
{Heap before GC invocations=55 (full 2):
 par new generation   total 109248K, used 87492K [0x00000000e0000000, 0x00000000e8000000, 0x00000000e8000000)
  eden space 87424K, 100% used [0x00000000e0000000, 0x00000000e5560000, 0x00000000e5560000)
  from space 21824K,   0% used [0x00000000e6ab0000, 0x00000000e6ac1040, 0x00000000e8000000)
  to   space 21824K,   0% used [0x00000000e5560000, 0x00000000e5560000, 0x00000000e6ab0000)
 concurrent mark-sweep generation total 393216K, used 52512K [0x00000000e8000000, 0x0000000100000000, 0x0000000100000000)
 Metaspace       used 55049K, capacity 56767K, committed 57120K, reserved 1099776K
  class space    used 5961K, capacity 6379K, committed 6496K, reserved 1048576K
2020-11-12T09:46:48.258+0700: 138653.717: [GC (Allocation Failure) 2020-11-12T09:46:48.259+0700: 138653.717: [ParNew
Desired survivor size 20112992 bytes, new threshold 8 (max 8)
- age   1:       2472 bytes,       2472 total
- age   5:       2352 bytes,       4824 total
- age   8:       1288 bytes,       6112 total
: 87492K->13K(109248K), 0.0105864 secs] 140004K->52530K(502464K), 0.0107777 secs] [Times: user=0.02 sys=0.00, real=0.01 secs] 
Heap after GC invocations=56 (full 2):
 par new generation   total 109248K, used 13K [0x00000000e0000000, 0x00000000e8000000, 0x00000000e8000000)
  eden space 87424K,   0% used [0x00000000e0000000, 0x00000000e0000000, 0x00000000e5560000)
  from space 21824K,   0% used [0x00000000e5560000, 0x00000000e5563648, 0x00000000e6ab0000)
  to   space 21824K,   0% used [0x00000000e6ab0000, 0x00000000e6ab0000, 0x00000000e8000000)
 concurrent mark-sweep generation total 393216K, used 52516K [0x00000000e8000000, 0x0000000100000000, 0x0000000100000000)
 Metaspace       used 55049K, capacity 56767K, committed 57120K, reserved 1099776K
  class space    used 5961K, capacity 6379K, committed 6496K, reserved 1048576K
}
2020-11-12T09:46:48.269+0700: 138653.728: Total time for which application threads were stopped: 0.0112721 seconds, Stopping threads took: 0.0000974 seconds
{Heap before GC invocations=56 (full 2):
 par new generation   total 109248K, used 87437K [0x00000000e0000000, 0x00000000e8000000, 0x00000000e8000000)
  eden space 87424K, 100% used [0x00000000e0000000, 0x00000000e5560000, 0x00000000e5560000)
  from space 21824K,   0% used [0x00000000e5560000, 0x00000000e5563648, 0x00000000e6ab0000)
  to   space 21824K,   0% used [0x00000000e6ab0000, 0x00000000e6ab0000, 0x00000000e8000000)
 concurrent mark-sweep generation total 393216K, used 52516K [0x00000000e8000000, 0x0000000100000000, 0x0000000100000000)
 Metaspace       used 55050K, capacity 56767K, committed 57120K, reserved 1099776K
  class space    used 5961K, capacity 6379K, committed 6496K, reserved 1048576K
2020-11-12T12:10:08.286+0700: 147253.744: [GC (Allocation Failure) 2020-11-12T12:10:08.286+0700: 147253.744: [ParNew
Desired survivor size 20112992 bytes, new threshold 8 (max 8)
- age   1:       3112 bytes,       3112 total
- age   6:       2352 bytes,       5464 total
: 87437K->10K(109248K), 0.0080792 secs] 139954K->52527K(502464K), 0.0082555 secs] [Times: user=0.01 sys=0.00, real=0.01 secs] 
Heap after GC invocations=57 (full 2):
 par new generation   total 109248K, used 10K [0x00000000e0000000, 0x00000000e8000000, 0x00000000e8000000)
  eden space 87424K,   0% used [0x00000000e0000000, 0x00000000e0000000, 0x00000000e5560000)
  from space 21824K,   0% used [0x00000000e6ab0000, 0x00000000e6ab2850, 0x00000000e8000000)
  to   space 21824K,   0% used [0x00000000e5560000, 0x00000000e5560000, 0x00000000e6ab0000)
 concurrent mark-sweep generation total 393216K, used 52517K [0x00000000e8000000, 0x0000000100000000, 0x0000000100000000)
 Metaspace       used 55050K, capacity 56767K, committed 57120K, reserved 1099776K
  class space    used 5961K, capacity 6379K, committed 6496K, reserved 1048576K
}
2020-11-12T12:10:08.295+0700: 147253.753: Total time for which application threads were stopped: 0.0087211 seconds, Stopping threads took: 0.0001005 seconds
2020-11-12T12:32:17.387+0700: 148582.845: Total time for which application threads were stopped: 0.0002605 seconds, Stopping threads took: 0.0000949 seconds
2020-11-12T12:41:57.427+0700: 149162.886: Total time for which application threads were stopped: 0.0002691 seconds, Stopping threads took: 0.0001007 seconds
2020-11-12T13:00:17.503+0700: 150262.961: Total time for which application threads were stopped: 0.0002523 seconds, Stopping threads took: 0.0000904 seconds
2020-11-12T13:49:49.709+0700: 153235.167: Total time for which application threads were stopped: 0.0002228 seconds, Stopping threads took: 0.0000581 seconds
2020-11-12T13:49:50.709+0700: 153236.167: Total time for which application threads were stopped: 0.0002295 seconds, Stopping threads took: 0.0000596 seconds
2020-11-12T13:50:49.893+0700: 153295.352: Total time for which application threads were stopped: 0.0003356 seconds, Stopping threads took: 0.0001069 seconds
2020-11-12T13:52:23.643+0700: 153389.101: Total time for which application threads were stopped: 0.0176727 seconds, Stopping threads took: 0.0169865 seconds
2020-11-12T13:52:27.643+0700: 153393.102: Total time for which application threads were stopped: 0.0002935 seconds, Stopping threads took: 0.0000603 seconds
2020-11-12T13:52:32.547+0700: 153398.005: Total time for which application threads were stopped: 0.0003069 seconds, Stopping threads took: 0.0000865 seconds
2020-11-12T13:52:32.547+0700: 153398.005: Total time for which application threads were stopped: 0.0001714 seconds, Stopping threads took: 0.0000614 seconds
2020-11-12T13:52:32.548+0700: 153398.006: Total time for which application threads were stopped: 0.0002049 seconds, Stopping threads took: 0.0000962 seconds
2020-11-12T13:52:32.548+0700: 153398.006: Total time for which application threads were stopped: 0.0001635 seconds, Stopping threads took: 0.0000575 seconds
2020-11-12T13:52:32.548+0700: 153398.006: Total time for which application threads were stopped: 0.0001612 seconds, Stopping threads took: 0.0000566 seconds
2020-11-12T13:52:32.548+0700: 153398.006: Total time for which application threads were stopped: 0.0001635 seconds, Stopping threads took: 0.0000572 seconds
2020-11-12T13:52:32.548+0700: 153398.007: Total time for which application threads were stopped: 0.0001746 seconds, Stopping threads took: 0.0000564 seconds
2020-11-12T13:52:32.549+0700: 153398.007: Total time for which application threads were stopped: 0.0001653 seconds, Stopping threads took: 0.0000585 seconds
2020-11-12T13:52:32.549+0700: 153398.007: Total time for which application threads were stopped: 0.0001635 seconds, Stopping threads took: 0.0000572 seconds
2020-11-12T13:52:32.549+0700: 153398.007: Total time for which application threads were stopped: 0.0001632 seconds, Stopping threads took: 0.0000575 seconds
2020-11-12T13:52:32.549+0700: 153398.008: Total time for which application threads were stopped: 0.0001756 seconds, Stopping threads took: 0.0000566 seconds
2020-11-12T13:52:32.550+0700: 153398.008: Total time for which application threads were stopped: 0.0001850 seconds, Stopping threads took: 0.0000672 seconds
2020-11-12T13:52:32.550+0700: 153398.008: Total time for which application threads were stopped: 0.0001798 seconds, Stopping threads took: 0.0000709 seconds
2020-11-12T13:52:32.556+0700: 153398.014: Total time for which application threads were stopped: 0.0002908 seconds, Stopping threads took: 0.0000973 seconds
2020-11-12T13:52:32.556+0700: 153398.014: Total time for which application threads were stopped: 0.0002053 seconds, Stopping threads took: 0.0000959 seconds
2020-11-12T13:52:32.556+0700: 153398.014: Total time for which application threads were stopped: 0.0001631 seconds, Stopping threads took: 0.0000573 seconds
2020-11-12T13:52:32.557+0700: 153398.015: Total time for which application threads were stopped: 0.0005696 seconds, Stopping threads took: 0.0000685 seconds
2020-11-12T13:52:32.601+0700: 153398.059: Total time for which application threads were stopped: 0.0003271 seconds, Stopping threads took: 0.0001241 seconds
2020-11-12T13:52:32.642+0700: 153398.101: Total time for which application threads were stopped: 0.0002204 seconds, Stopping threads took: 0.0000535 seconds
2020-11-12T13:52:32.901+0700: 153398.359: Total time for which application threads were stopped: 0.0002831 seconds, Stopping threads took: 0.0000667 seconds
2020-11-12T13:52:32.904+0700: 153398.362: Total time for which application threads were stopped: 0.0008353 seconds, Stopping threads took: 0.0006537 seconds
2020-11-12T13:52:32.904+0700: 153398.363: Total time for which application threads were stopped: 0.0002499 seconds, Stopping threads took: 0.0001132 seconds
2020-11-12T13:52:32.916+0700: 153398.374: Total time for which application threads were stopped: 0.0003104 seconds, Stopping threads took: 0.0001060 seconds
2020-11-12T13:52:32.916+0700: 153398.375: Total time for which application threads were stopped: 0.0001745 seconds, Stopping threads took: 0.0000571 seconds
2020-11-12T13:52:32.917+0700: 153398.375: Total time for which application threads were stopped: 0.0001560 seconds, Stopping threads took: 0.0000567 seconds
2020-11-12T13:52:32.931+0700: 153398.389: Total time for which application threads were stopped: 0.0003787 seconds, Stopping threads took: 0.0001586 seconds
2020-11-12T13:52:33.365+0700: 153398.823: Total time for which application threads were stopped: 0.0003363 seconds, Stopping threads took: 0.0000639 seconds
2020-11-12T13:52:43.188+0700: 153408.647: Total time for which application threads were stopped: 0.0002393 seconds, Stopping threads took: 0.0000580 seconds
2020-11-12T13:52:43.189+0700: 153408.647: Total time for which application threads were stopped: 0.0001430 seconds, Stopping threads took: 0.0000334 seconds
2020-11-12T13:52:43.189+0700: 153408.647: Total time for which application threads were stopped: 0.0001174 seconds, Stopping threads took: 0.0000260 seconds
2020-11-12T13:52:43.189+0700: 153408.647: Total time for which application threads were stopped: 0.0001150 seconds, Stopping threads took: 0.0000248 seconds
2020-11-12T13:52:44.189+0700: 153409.648: Total time for which application threads were stopped: 0.0002702 seconds, Stopping threads took: 0.0000577 seconds
2020-11-12T13:52:47.918+0700: 153413.376: Total time for which application threads were stopped: 0.0003095 seconds, Stopping threads took: 0.0000860 seconds
2020-11-12T13:52:47.918+0700: 153413.377: Total time for which application threads were stopped: 0.0001706 seconds, Stopping threads took: 0.0000275 seconds
2020-11-12T13:52:47.919+0700: 153413.377: Total time for which application threads were stopped: 0.0001453 seconds, Stopping threads took: 0.0000259 seconds
2020-11-12T13:52:47.919+0700: 153413.377: Total time for which application threads were stopped: 0.0001432 seconds, Stopping threads took: 0.0000253 seconds
2020-11-12T13:52:47.919+0700: 153413.377: Total time for which application threads were stopped: 0.0001418 seconds, Stopping threads took: 0.0000254 seconds
2020-11-12T13:52:47.919+0700: 153413.378: Total time for which application threads were stopped: 0.0001431 seconds, Stopping threads took: 0.0000252 seconds
2020-11-12T13:52:47.920+0700: 153413.378: Total time for which application threads were stopped: 0.0001268 seconds, Stopping threads took: 0.0000263 seconds
2020-11-12T13:52:48.018+0700: 153413.476: Total time for which application threads were stopped: 0.0002784 seconds, Stopping threads took: 0.0000615 seconds
2020-11-12T13:52:48.020+0700: 153413.478: Total time for which application threads were stopped: 0.0002690 seconds, Stopping threads took: 0.0000450 seconds
2020-11-12T13:52:48.020+0700: 153413.478: Total time for which application threads were stopped: 0.0001617 seconds, Stopping threads took: 0.0000301 seconds
2020-11-12T13:52:48.020+0700: 153413.478: Total time for which application threads were stopped: 0.0001499 seconds, Stopping threads took: 0.0000258 seconds
2020-11-12T13:52:53.455+0700: 153418.913: Total time for which application threads were stopped: 0.0002369 seconds, Stopping threads took: 0.0000584 seconds
2020-11-12T13:52:53.458+0700: 153418.916: Total time for which application threads were stopped: 0.0002287 seconds, Stopping threads took: 0.0000557 seconds
2020-11-12T13:52:53.481+0700: 153418.939: Total time for which application threads were stopped: 0.0002315 seconds, Stopping threads took: 0.0000551 seconds
2020-11-12T13:53:18.403+0700: 153443.861: Total time for which application threads were stopped: 0.0016152 seconds, Stopping threads took: 0.0000548 seconds
2020-11-12T13:53:18.403+0700: 153443.862: Total time for which application threads were stopped: 0.0002167 seconds, Stopping threads took: 0.0000415 seconds
2020-11-12T13:53:18.406+0700: 153443.864: Total time for which application threads were stopped: 0.0016283 seconds, Stopping threads took: 0.0000456 seconds
2020-11-12T13:53:18.560+0700: 153444.018: Total time for which application threads were stopped: 0.0003180 seconds, Stopping threads took: 0.0000905 seconds
2020-11-12T13:53:18.560+0700: 153444.018: Total time for which application threads were stopped: 0.0001232 seconds, Stopping threads took: 0.0000404 seconds
2020-11-12T13:53:18.560+0700: 153444.018: Total time for which application threads were stopped: 0.0001407 seconds, Stopping threads took: 0.0000399 seconds
2020-11-12T13:53:18.560+0700: 153444.019: Total time for which application threads were stopped: 0.0001375 seconds, Stopping threads took: 0.0000386 seconds
2020-11-12T13:53:18.561+0700: 153444.019: Total time for which application threads were stopped: 0.0001174 seconds, Stopping threads took: 0.0000391 seconds
2020-11-12T13:53:18.566+0700: 153444.024: Total time for which application threads were stopped: 0.0027694 seconds, Stopping threads took: 0.0025500 seconds
2020-11-12T13:53:18.566+0700: 153444.025: Total time for which application threads were stopped: 0.0001608 seconds, Stopping threads took: 0.0000527 seconds
2020-11-12T13:53:18.567+0700: 153444.025: Total time for which application threads were stopped: 0.0001098 seconds, Stopping threads took: 0.0000317 seconds
2020-11-12T13:53:18.567+0700: 153444.025: Total time for which application threads were stopped: 0.0001055 seconds, Stopping threads took: 0.0000301 seconds
2020-11-12T13:53:18.567+0700: 153444.025: Total time for which application threads were stopped: 0.0001011 seconds, Stopping threads took: 0.0000294 seconds
2020-11-12T13:53:18.570+0700: 153444.028: Total time for which application threads were stopped: 0.0002081 seconds, Stopping threads took: 0.0000414 seconds
2020-11-12T13:53:18.570+0700: 153444.028: Total time for which application threads were stopped: 0.0002139 seconds, Stopping threads took: 0.0001346 seconds
2020-11-12T13:53:18.574+0700: 153444.032: Total time for which application threads were stopped: 0.0010758 seconds, Stopping threads took: 0.0009057 seconds
2020-11-12T13:53:18.576+0700: 153444.034: Total time for which application threads were stopped: 0.0002329 seconds, Stopping threads took: 0.0000730 seconds
2020-11-12T13:53:18.576+0700: 153444.035: Total time for which application threads were stopped: 0.0001845 seconds, Stopping threads took: 0.0000298 seconds
2020-11-12T13:53:18.578+0700: 153444.037: Total time for which application threads were stopped: 0.0002601 seconds, Stopping threads took: 0.0000912 seconds
2020-11-12T13:53:18.580+0700: 153444.039: Total time for which application threads were stopped: 0.0010533 seconds, Stopping threads took: 0.0008903 seconds
2020-11-12T13:53:18.581+0700: 153444.039: Total time for which application threads were stopped: 0.0000801 seconds, Stopping threads took: 0.0000174 seconds
2020-11-12T13:53:18.581+0700: 153444.039: Total time for which application threads were stopped: 0.0000941 seconds, Stopping threads took: 0.0000280 seconds
2020-11-12T13:53:18.581+0700: 153444.039: Total time for which application threads were stopped: 0.0001036 seconds, Stopping threads took: 0.0000375 seconds
2020-11-12T13:53:18.587+0700: 153444.045: Total time for which application threads were stopped: 0.0002837 seconds, Stopping threads took: 0.0000697 seconds
2020-11-12T13:53:18.587+0700: 153444.046: Total time for which application threads were stopped: 0.0001226 seconds, Stopping threads took: 0.0000180 seconds
2020-11-12T13:53:18.593+0700: 153444.051: Total time for which application threads were stopped: 0.0002673 seconds, Stopping threads took: 0.0000815 seconds
2020-11-12T13:53:18.593+0700: 153444.051: Total time for which application threads were stopped: 0.0001077 seconds, Stopping threads took: 0.0000383 seconds
2020-11-12T13:53:18.602+0700: 153444.060: Total time for which application threads were stopped: 0.0002804 seconds, Stopping threads took: 0.0000979 seconds
2020-11-12T13:53:18.606+0700: 153444.065: Total time for which application threads were stopped: 0.0011073 seconds, Stopping threads took: 0.0009150 seconds
2020-11-12T13:53:18.609+0700: 153444.067: Total time for which application threads were stopped: 0.0009963 seconds, Stopping threads took: 0.0007795 seconds
2020-11-12T13:53:18.612+0700: 153444.070: Total time for which application threads were stopped: 0.0002397 seconds, Stopping threads took: 0.0000767 seconds
2020-11-12T13:53:18.614+0700: 153444.072: Total time for which application threads were stopped: 0.0008656 seconds, Stopping threads took: 0.0007288 seconds
2020-11-12T13:53:18.617+0700: 153444.075: Total time for which application threads were stopped: 0.0008989 seconds, Stopping threads took: 0.0007439 seconds
2020-11-12T13:53:18.619+0700: 153444.078: Total time for which application threads were stopped: 0.0002265 seconds, Stopping threads took: 0.0000887 seconds
2020-11-12T13:53:18.620+0700: 153444.078: Total time for which application threads were stopped: 0.0000932 seconds, Stopping threads took: 0.0000357 seconds
2020-11-12T13:53:18.621+0700: 153444.079: Total time for which application threads were stopped: 0.0001885 seconds, Stopping threads took: 0.0000469 seconds
2020-11-12T13:53:18.621+0700: 153444.079: Total time for which application threads were stopped: 0.0000860 seconds, Stopping threads took: 0.0000171 seconds
2020-11-12T13:53:18.626+0700: 153444.084: Total time for which application threads were stopped: 0.0035226 seconds, Stopping threads took: 0.0032005 seconds
2020-11-12T13:53:18.626+0700: 153444.084: Total time for which application threads were stopped: 0.0001207 seconds, Stopping threads took: 0.0000373 seconds
2020-11-12T13:53:18.627+0700: 153444.086: Total time for which application threads were stopped: 0.0002368 seconds, Stopping threads took: 0.0000638 seconds
2020-11-12T13:53:18.628+0700: 153444.086: Total time for which application threads were stopped: 0.0000762 seconds, Stopping threads took: 0.0000257 seconds
2020-11-12T13:53:18.628+0700: 153444.086: Total time for which application threads were stopped: 0.0000810 seconds, Stopping threads took: 0.0000259 seconds
2020-11-12T13:53:18.628+0700: 153444.086: Total time for which application threads were stopped: 0.0001388 seconds, Stopping threads took: 0.0000863 seconds
2020-11-12T13:53:18.628+0700: 153444.086: Total time for which application threads were stopped: 0.0000807 seconds, Stopping threads took: 0.0000241 seconds
2020-11-12T13:53:18.631+0700: 153444.089: Total time for which application threads were stopped: 0.0002315 seconds, Stopping threads took: 0.0000547 seconds
2020-11-12T13:53:18.631+0700: 153444.089: Total time for which application threads were stopped: 0.0001002 seconds, Stopping threads took: 0.0000457 seconds
2020-11-12T13:53:18.633+0700: 153444.091: Total time for which application threads were stopped: 0.0001861 seconds, Stopping threads took: 0.0000661 seconds
{Heap before GC invocations=57 (full 2):
 par new generation   total 109248K, used 87434K [0x00000000e0000000, 0x00000000e8000000, 0x00000000e8000000)
  eden space 87424K, 100% used [0x00000000e0000000, 0x00000000e5560000, 0x00000000e5560000)
  from space 21824K,   0% used [0x00000000e6ab0000, 0x00000000e6ab2850, 0x00000000e8000000)
  to   space 21824K,   0% used [0x00000000e5560000, 0x00000000e5560000, 0x00000000e6ab0000)
 concurrent mark-sweep generation total 393216K, used 52517K [0x00000000e8000000, 0x0000000100000000, 0x0000000100000000)
 Metaspace       used 55515K, capacity 57359K, committed 57632K, reserved 1099776K
  class space    used 5995K, capacity 6461K, committed 6496K, reserved 1048576K
2020-11-12T13:53:18.645+0700: 153444.103: [GC (Allocation Failure) 2020-11-12T13:53:18.645+0700: 153444.103: [ParNew
Desired survivor size 20112992 bytes, new threshold 8 (max 8)
- age   1:     526728 bytes,     526728 total
- age   2:        640 bytes,     527368 total
- age   7:       2352 bytes,     529720 total
: 87434K->524K(109248K), 0.0079888 secs] 139951K->53041K(502464K), 0.0081252 secs] [Times: user=0.01 sys=0.00, real=0.01 secs] 
Heap after GC invocations=58 (full 2):
 par new generation   total 109248K, used 524K [0x00000000e0000000, 0x00000000e8000000, 0x00000000e8000000)
  eden space 87424K,   0% used [0x00000000e0000000, 0x00000000e0000000, 0x00000000e5560000)
  from space 21824K,   2% used [0x00000000e5560000, 0x00000000e55e3018, 0x00000000e6ab0000)
  to   space 21824K,   0% used [0x00000000e6ab0000, 0x00000000e6ab0000, 0x00000000e8000000)
 concurrent mark-sweep generation total 393216K, used 52517K [0x00000000e8000000, 0x0000000100000000, 0x0000000100000000)
 Metaspace       used 55515K, capacity 57359K, committed 57632K, reserved 1099776K
  class space    used 5995K, capacity 6461K, committed 6496K, reserved 1048576K
}
2020-11-12T13:53:18.653+0700: 153444.111: Total time for which application threads were stopped: 0.0084820 seconds, Stopping threads took: 0.0000591 seconds
2020-11-12T13:53:18.655+0700: 153444.114: Total time for which application threads were stopped: 0.0003032 seconds, Stopping threads took: 0.0001083 seconds
2020-11-12T13:53:18.678+0700: 153444.137: Total time for which application threads were stopped: 0.0001987 seconds, Stopping threads took: 0.0000307 seconds
Heap
 par new generation   total 109248K, used 1988K [0x00000000e0000000, 0x00000000e8000000, 0x00000000e8000000)
  eden space 87424K,   1% used [0x00000000e0000000, 0x00000000e016e188, 0x00000000e5560000)
  from space 21824K,   2% used [0x00000000e5560000, 0x00000000e55e3018, 0x00000000e6ab0000)
  to   space 21824K,   0% used [0x00000000e6ab0000, 0x00000000e6ab0000, 0x00000000e8000000)
 concurrent mark-sweep generation total 393216K, used 52517K [0x00000000e8000000, 0x0000000100000000, 0x0000000100000000)
 Metaspace       used 55658K, capacity 57517K, committed 57632K, reserved 1099776K
  class space    used 6010K, capacity 6468K, committed 6496K, reserved 1048576K
